Component: ARM Compiler 5.06 update 6 (build 750) Tool: armlink [4d35ed]

==============================================================================

Section Cross References

    main.o(i.main) refers to 74hc595.o(i._74hc595_init) for _74hc595_init
    main.o(i.main) refers to stepper.o(i.stepper_calculate_S) for stepper_calculate_S
    main.o(i.main) refers to delay.o(i.delay_init) for delay_init
    main.o(i.main) refers to rs485.o(i.rs485_init) for rs485_init
    main.o(i.main) refers to manled.o(i.man_led_init) for man_led_init
    main.o(i.main) refers to mankey.o(i.man_key_init) for man_key_init
    main.o(i.main) refers to modbus_app.o(i.ModbusAppInit) for ModbusAppInit
    main.o(i.main) refers to tasks.o(i.xTaskCreate) for xTaskCreate
    main.o(i.main) refers to tasks.o(i.vTaskStartScheduler) for vTaskStartScheduler
    main.o(i.main) refers to printf3.o(i.__0printf$3) for __2printf
    main.o(i.main) refers to stepper.o(.bss) for g_acc_stepper_S
    main.o(i.main) refers to create_task.o(i.task_create) for task_create
    systick.o(i.SysTick_Handler) refers to port.o(i.xPortSysTickHandler) for xPortSysTickHandler
    systick.o(i.systick_config) refers to systick.o(i.NVIC_SetPriority) for NVIC_SetPriority
    systick.o(i.systick_config) refers to system_gd32f30x.o(.data) for SystemCoreClock
    freertos_ex.o(i.vApplicationGetIdleTaskMemory) refers to freertos_ex.o(.bss) for IdleTaskTCB
    freertos_ex.o(i.vApplicationGetTimerTaskMemory) refers to freertos_ex.o(.bss) for TimerTaskTCB
    create_task.o(i.task_create) refers to port.o(i.vPortEnterCritical) for vPortEnterCritical
    create_task.o(i.task_create) refers to channel.o(i.channel_init) for channel_init
    create_task.o(i.task_create) refers to tasks.o(i.xTaskGenericNotify) for xTaskGenericNotify
    create_task.o(i.task_create) refers to tasks.o(i.xTaskCreate) for xTaskCreate
    create_task.o(i.task_create) refers to delay.o(i.delay_nms) for delay_nms
    create_task.o(i.task_create) refers to port.o(i.vPortExitCritical) for vPortExitCritical
    create_task.o(i.task_create) refers to tasks.o(i.vTaskDelay) for vTaskDelay
    create_task.o(i.task_create) refers to channel.o(.data) for channel
    create_task.o(i.task_create) refers to create_task.o(.data) for modbus_taskhandle
    create_task.o(i.task_create) refers to create_task.o(i.task_modbus) for task_modbus
    create_task.o(i.task_modbus) refers to modbus_app.o(i.ModbusTask) for ModbusTask
    create_task.o(i.task_modbus) refers to tasks.o(i.vTaskDelay) for vTaskDelay
    modbus_app.o(i.ModbusAppInit) refers to modbus_slave.o(i.ModbusSlaveInit) for ModbusSlaveInit
    modbus_app.o(i.ModbusAppInit) refers to modbus_app.o(.constdata) for .constdata
    modbus_app.o(i.ModbusTask) refers to mb.o(i.eMBPoll) for eMBPoll
    modbus_app.o(i.ReadRegsCb) refers to modbus_app.o(.data) for g_regInstanceTab
    modbus_app.o(i.WriteRegsCb) refers to modbus_app.o(.data) for g_regInstanceTab
    modbus_app.o(i.read_autochange_work_state) refers to port.o(i.vPortEnterCritical) for vPortEnterCritical
    modbus_app.o(i.read_autochange_work_state) refers to cd4051.o(i.cd4051_detect) for cd4051_detect
    modbus_app.o(i.read_autochange_work_state) refers to port.o(i.vPortExitCritical) for vPortExitCritical
    modbus_app.o(i.read_bags_broken_belongs_to) refers to port.o(i.vPortEnterCritical) for vPortEnterCritical
    modbus_app.o(i.read_bags_broken_belongs_to) refers to port.o(i.vPortExitCritical) for vPortExitCritical
    modbus_app.o(i.read_bags_broken_belongs_to) refers to channel.o(.data) for channel
    modbus_app.o(i.read_bags_broken_state) refers to port.o(i.vPortEnterCritical) for vPortEnterCritical
    modbus_app.o(i.read_bags_broken_state) refers to bags_broken.o(i.bags_broken_get_state) for bags_broken_get_state
    modbus_app.o(i.read_bags_broken_state) refers to port.o(i.vPortExitCritical) for vPortExitCritical
    modbus_app.o(i.read_bags_broken_state) refers to channel.o(.data) for channel
    modbus_app.o(i.read_channel_1_full_state) refers to port.o(i.vPortEnterCritical) for vPortEnterCritical
    modbus_app.o(i.read_channel_1_full_state) refers to port.o(i.vPortExitCritical) for vPortExitCritical
    modbus_app.o(i.read_channel_1_full_state) refers to channel.o(.data) for channel
    modbus_app.o(i.read_channel_2_full_state) refers to port.o(i.vPortEnterCritical) for vPortEnterCritical
    modbus_app.o(i.read_channel_2_full_state) refers to port.o(i.vPortExitCritical) for vPortExitCritical
    modbus_app.o(i.read_channel_2_full_state) refers to channel.o(.data) for channel
    modbus_app.o(i.read_channel_3_full_state) refers to port.o(i.vPortEnterCritical) for vPortEnterCritical
    modbus_app.o(i.read_channel_3_full_state) refers to port.o(i.vPortExitCritical) for vPortExitCritical
    modbus_app.o(i.read_channel_3_full_state) refers to channel.o(.data) for channel
    modbus_app.o(i.read_channel_4_full_state) refers to port.o(i.vPortEnterCritical) for vPortEnterCritical
[...]
    xNextTaskUnblockTime                     0x200006a0   Data           4  tasks.o(.data)
    xIdleTaskHandle                          0x200006a4   Data           4  tasks.o(.data)
    uxSchedulerSuspended                     0x200006ac   Data           4  tasks.o(.data)
    .data                                    0x200006b0   Section       20  timers.o(.data)
    pxCurrentTimerList                       0x200006b0   Data           4  timers.o(.data)
    pxOverflowTimerList                      0x200006b4   Data           4  timers.o(.data)
    xTimerQueue                              0x200006b8   Data           4  timers.o(.data)
    xTimerTaskHandle                         0x200006bc   Data           4  timers.o(.data)
    xLastTime                                0x200006c0   Data           4  timers.o(.data)
    .data                                    0x200006c4   Section        8  modbus_slave.o(.data)
    g_modbusFuncCb                           0x200006c4   Data           8  modbus_slave.o(.data)
    .data                                    0x200006cc   Section      104  rs485.o(.data)
    .data                                    0x20000734   Section      181  mb.o(.data)
    ucMBAddress                              0x20000734   Data           1  mb.o(.data)
    eMBCurrentMode                           0x20000735   Data           1  mb.o(.data)
    eMBState                                 0x20000736   Data           1  mb.o(.data)
    peMBFrameSendCur                         0x20000738   Data           4  mb.o(.data)
    pvMBFrameStartCur                        0x2000073c   Data           4  mb.o(.data)
    pvMBFrameStopCur                         0x20000740   Data           4  mb.o(.data)
    peMBFrameReceiveCur                      0x20000744   Data           4  mb.o(.data)
    pvMBFrameCloseCur                        0x20000748   Data           4  mb.o(.data)
    xFuncHandlers                            0x20000760   Data         128  mb.o(.data)
    ucMBFrame                                0x200007e0   Data           4  mb.o(.data)
    ucRcvAddress                             0x200007e4   Data           1  mb.o(.data)
    ucFunctionCode                           0x200007e5   Data           1  mb.o(.data)
    usLength                                 0x200007e6   Data           2  mb.o(.data)
    eException                               0x200007e8   Data           1  mb.o(.data)
    .data                                    0x200007ec   Section       12  mbrtu.o(.data)
    eSndState                                0x200007ec   Data           1  mbrtu.o(.data)
    eRcvState                                0x200007ed   Data           1  mbrtu.o(.data)
    pucSndBufferCur                          0x200007f0   Data           4  mbrtu.o(.data)
    usSndBufferCount                         0x200007f4   Data           2  mbrtu.o(.data)
    usRcvBufferPos                           0x200007f6   Data           2  mbrtu.o(.data)
    .data                                    0x200007f8   Section        2  portevent.o(.data)
    eQueuedEvent                             0x200007f8   Data           1  portevent.o(.data)
    xEventInQueue                            0x200007f9   Data           1  portevent.o(.data)
    .data                                    0x200007fc   Section       36  portserial.o(.data)
    g_uartHwInfo                             0x200007fc   Data          36  portserial.o(.data)
    .data                                    0x20000820   Section        4  stderr.o(.data)
    .data                                    0x20000824   Section        4  stdout.o(.data)
    .data                                    0x20000828   Section        4  errno.o(.data)
    _errno                                   0x20000828   Data           4  errno.o(.data)
    .bss                                     0x2000082c   Section     1192  freertos_ex.o(.bss)
    IdleTaskStack                            0x2000082c   Data         512  freertos_ex.o(.bss)
    IdleTaskTCB                              0x20000a2c   Data          84  freertos_ex.o(.bss)
    TimerTaskStack                           0x20000a80   Data         512  freertos_ex.o(.bss)
    TimerTaskTCB                             0x20000c80   Data          84  freertos_ex.o(.bss)
    .bss                                     0x20000cd4   Section       24  autochange.o(.bss)
    autochange                               0x20000cd4   Data          24  autochange.o(.bss)
    .bss                                     0x20000cec   Section       24  app.o(.bss)
    door_key_count                           0x20000cec   Data          24  app.o(.bss)
    .bss                                     0x20000d04   Section    36864  heap_4.o(.bss)
    ucHeap                                   0x20000d04   Data       36864  heap_4.o(.bss)
    .bss                                     0x20009d04   Section       80  queue.o(.bss)
    .bss                                     0x20009d54   Section      740  tasks.o(.bss)
    pxReadyTasksLists                        0x20009d54   Data         640  tasks.o(.bss)
    xDelayedTaskList1                        0x20009fd4   Data          20  tasks.o(.bss)
    xDelayedTaskList2                        0x20009fe8   Data          20  tasks.o(.bss)
    xPendingReadyList                        0x20009ffc   Data          20  tasks.o(.bss)
    xTasksWaitingTermination                 0x2000a010   Data          20  tasks.o(.bss)
    xSuspendedTaskList                       0x2000a024   Data          20  tasks.o(.bss)
    .bss                                     0x2000a038   Section      276  timers.o(.bss)
    xActiveTimerList1                        0x2000a038   Data          20  timers.o(.bss)
    xActiveTimerList2                        0x2000a04c   Data          20  timers.o(.bss)
    xStaticTimerQueue                        0x2000a060   Data          76  timers.o(.bss)
    ucStaticTimerQueueStorage                0x2000a0ac   Data         160  timers.o(.bss)
    .bss                                     0x2000a14c   Section     9600  stepper.o(.bss)
    .bss                                     0x2000c6cc   Section      256  mbrtu.o(.bss)
    STACK                                    0x2000c7d0   Section     5120  startup_gd32f30x_hd.o(STACK)

    Global Symbols

    Symbol Name                              Value     Ov Type        Size  Object(Section)

    BuildAttributes$$THM_ISAv4$E$P$D$K$B$S$7EM$VFPi3$EXTD16$VFPS$VFMA$PE$A:L22UL41UL21$X:L11$S22US41US21$IEEE1$IW$USESV6$~STKCKD$USESV7$~SHL$OTIME$ROPI$IEEEX$EBA8$MICROLIB$REQ8$PRES8$EABIv2 0x00000000   Number         0  anon$$obj.o ABSOLUTE
    __ARM_use_no_argv                        0x00000000   Number         0  main.o ABSOLUTE
    _printf_a                                0x00000000   Number         0  stubs.o ABSOLUTE
    _printf_c                                0x00000000   Number         0  stubs.o ABSOLUTE
    _printf_charcount                        0x00000000   Number         0  stubs.o ABSOLUTE
    _printf_d                                0x00000000   Number         0  stubs.o ABSOLUTE
    _printf_e                                0x00000000   Number         0  stubs.o ABSOLUTE
    _printf_f                                0x00000000   Number         0  stubs.o ABSOLUTE
    _printf_flags                            0x00000000   Number         0  stubs.o ABSOLUTE
    _printf_fp_dec                           0x00000000   Number         0  stubs.o ABSOLUTE
    _printf_fp_hex                           0x00000000   Number         0  stubs.o ABSOLUTE
    _printf_g                                0x00000000   Number         0  stubs.o ABSOLUTE
    _printf_i                                0x00000000   Number         0  stubs.o ABSOLUTE
    _printf_int_dec                          0x00000000   Number         0  stubs.o ABSOLUTE
    _printf_l                                0x00000000   Number         0  stubs.o ABSOLUTE
    _printf_lc                               0x00000000   Number         0  stubs.o ABSOLUTE
    _printf_ll                               0x00000000   Number         0  stubs.o ABSOLUTE
    _printf_lld                              0x00000000   Number         0  stubs.o ABSOLUTE
    _printf_lli                              0x00000000   Number         0  stubs.o ABSOLUTE
    _printf_llo                              0x00000000   Number         0  stubs.o ABSOLUTE
    _printf_llu                              0x00000000   Number         0  stubs.o ABSOLUTE
    _printf_llx                              0x00000000   Number         0  stubs.o ABSOLUTE
    _printf_longlong_dec                     0x00000000   Number         0  stubs.o ABSOLUTE
    _printf_longlong_hex                     0x00000000   Number         0  stubs.o ABSOLUTE
    _printf_longlong_oct                     0x00000000   Number         0  stubs.o ABSOLUTE
    _printf_ls                               0x00000000   Number         0  stubs.o ABSOLUTE
    _printf_mbtowc                           0x00000000   Number         0  stubs.o ABSOLUTE
    _printf_n                                0x00000000   Number         0  stubs.o ABSOLUTE
    _printf_o                                0x00000000   Number         0  stubs.o ABSOLUTE
    _printf_p                                0x00000000   Number         0  stubs.o ABSOLUTE
    _printf_percent                          0x00000000   Number         0  stubs.o ABSOLUTE
    _printf_pre_padding                      0x00000000   Number         0  stubs.o ABSOLUTE
    _printf_return_value                     0x00000000   Number         0  stubs.o ABSOLUTE
    _printf_s                                0x00000000   Number         0  stubs.o ABSOLUTE
    _printf_sizespec                         0x00000000   Number         0  stubs.o ABSOLUTE
    _printf_str                              0x00000000   Number         0  stubs.o ABSOLUTE
    _printf_truncate_signed                  0x00000000   Number         0  stubs.o ABSOLUTE
    _printf_truncate_unsigned                0x00000000   Number         0  stubs.o ABSOLUTE
    _printf_u                                0x00000000   Number         0  stubs.o ABSOLUTE
    _printf_wc                               0x00000000   Number         0  stubs.o ABSOLUTE
    _printf_wctomb                           0x00000000   Number         0  stubs.o ABSOLUTE
    _printf_widthprec                        0x00000000   Number         0  stubs.o ABSOLUTE
    _printf_x                                0x00000000   Number         0  stubs.o ABSOLUTE
    __cpp_initialize__aeabi_                  - Undefined Weak Reference
    __cxa_finalize                            - Undefined Weak Reference
    _clock_init                               - Undefined Weak Reference
    _microlib_exit                            - Undefined Weak Reference
    __Vectors_Size                           0x00000130   Number         0  startup_gd32f30x_hd.o ABSOLUTE
    __Vectors                                0x08000000   Data           4  startup_gd32f30x_hd.o(RESET)
    __Vectors_End                            0x08000130   Data           0  startup_gd32f30x_hd.o(RESET)
    __main                                   0x08000131   Thumb Code     0  entry.o(.ARM.Collect$$$$00000000)
    _main_stk                                0x08000131   Thumb Code     0  entry2.o(.ARM.Collect$$$$00000001)
    _main_scatterload                        0x08000135   Thumb Code     0  entry5.o(.ARM.Collect$$$$00000004)
    __main_after_scatterload                 0x08000139   Thumb Code     0  entry5.o(.ARM.Collect$$$$00000004)
    _main_clock                              0x08000139   Thumb Code     0  entry7b.o(.ARM.Collect$$$$00000008)
    _main_cpp_init                           0x08000139   Thumb Code     0  entry8b.o(.ARM.Collect$$$$0000000A)
    _main_init                               0x08000139   Thumb Code     0  entry9a.o(.ARM.Collect$$$$0000000B)
    __rt_final_cpp                           0x08000141   Thumb Code     0  entry10a.o(.ARM.Collect$$$$0000000D)
    __rt_final_exit                          0x08000141   Thumb Code     0  entry11a.o(.ARM.Collect$$$$0000000F)
    SVC_Handler                              0x08000145   Thumb Code    28  port.o(.emb_text)
    __asm___6_port_c_39a90d8d__prvStartFirstTask 0x08000165   Thumb Code    36  port.o(.emb_text)
    __asm___6_port_c_39a90d8d__prvEnableVFP  0x0800018d   Thumb Code    16  port.o(.emb_text)
    PendSV_Handler                           0x080001a1   Thumb Code    88  port.o(.emb_text)
    vPortGetIPSR                             0x080001fd   Thumb Code     6  port.o(.emb_text)
    Reset_Handler                            0x08000205   Thumb Code     8  startup_gd32f30x_hd.o(.text)
    ADC0_1_IRQHandler                        0x0800021f   Thumb Code     0  startup_gd32f30x_hd.o(.text)
    ADC2_IRQHandler                          0x0800021f   Thumb Code     0  startup_gd32f30x_hd.o(.text)
    CAN0_EWMC_IRQHandler                     0x0800021f   Thumb Code     0  startup_gd32f30x_hd.o(.text)
    CAN0_RX1_IRQHandler                      0x0800021f   Thumb Code     0  startup_gd32f30x_hd.o(.text)
    DMA0_Channel0_IRQHandler                 0x0800021f   Thumb Code     0  startup_gd32f30x_hd.o(.text)
    DMA0_Channel1_IRQHandler                 0x0800021f   Thumb Code     0  startup_gd32f30x_hd.o(.text)
    DMA0_Channel2_IRQHandler                 0x0800021f   Thumb Code     0  startup_gd32f30x_hd.o(.text)
    DMA0_Channel3_IRQHandler                 0x0800021f   Thumb Code     0  startup_gd32f30x_hd.o(.text)
    DMA0_Channel4_IRQHandler                 0x0800021f   Thumb Code     0  startup_gd32f30x_hd.o(.text)
    DMA0_Channel5_IRQHandler                 0x0800021f   Thumb Code     0  startup_gd32f30x_hd.o(.text)
    DMA0_Channel6_IRQHandler                 0x0800021f   Thumb Code     0  startup_gd32f30x_hd.o(.text)
    DMA1_Channel0_IRQHandler                 0x0800021f   Thumb Code     0  startup_gd32f30x_hd.o(.text)
    DMA1_Channel1_IRQHandler                 0x0800021f   Thumb Code     0  startup_gd32f30x_hd.o(.text)
    DMA1_Channel2_IRQHandler                 0x0800021f   Thumb Code     0  startup_gd32f30x_hd.o(.text)
    DMA1_Channel3_4_IRQHandler               0x0800021f   Thumb Code     0  startup_gd32f30x_hd.o(.text)
    EXMC_IRQHandler                          0x0800021f   Thumb Code     0  startup_gd32f30x_hd.o(.text)
    EXTI0_IRQHandler                         0x0800021f   Thumb Code     0  startup_gd32f30x_hd.o(.text)
    EXTI10_15_IRQHandler                     0x0800021f   Thumb Code     0  startup_gd32f30x_hd.o(.text)
    EXTI1_IRQHandler                         0x0800021f   Thumb Code     0  startup_gd32f30x_hd.o(.text)
    EXTI2_IRQHandler                         0x0800021f   Thumb Code     0  startup_gd32f30x_hd.o(.text)
    EXTI3_IRQHandler                         0x0800021f   Thumb Code     0  startup_gd32f30x_hd.o(.text)
    EXTI4_IRQHandler                         0x0800021f   Thumb Code     0  startup_gd32f30x_hd.o(.text)
    EXTI5_9_IRQHandler                       0x0800021f   Thumb Code     0  startup_gd32f30x_hd.o(.text)
    FMC_IRQHandler                           0x0800021f   Thumb Code     0  startup_gd32f30x_hd.o(.text)
    I2C0_ER_IRQHandler                       0x0800021f   Thumb Code     0  startup_gd32f30x_hd.o(.text)
    I2C0_EV_IRQHandler                       0x0800021f   Thumb Code     0  startup_gd32f30x_hd.o(.text)
    I2C1_ER_IRQHandler                       0x0800021f   Thumb Code     0  startup_gd32f30x_hd.o(.text)
    I2C1_EV_IRQHandler                       0x0800021f   Thumb Code     0  startup_gd32f30x_hd.o(.text)
    LVD_IRQHandler                           0x0800021f   Thumb Code     0  startup_gd32f30x_hd.o(.text)
    RCU_CTC_IRQHandler                       0x0800021f   Thumb Code     0  startup_gd32f30x_hd.o(.text)
    RTC_Alarm_IRQHandler                     0x0800021f   Thumb Code     0  startup_gd32f30x_hd.o(.text)
    RTC_IRQHandler                           0x0800021f   Thumb Code     0  startup_gd32f30x_hd.o(.text)
    SDIO_IRQHandler                          0x0800021f   Thumb Code     0  startup_gd32f30x_hd.o(.text)
    SPI0_IRQHandler                          0x0800021f   Thumb Code     0  startup_gd32f30x_hd.o(.text)
    SPI1_IRQHandler                          0x0800021f   Thumb Code     0  startup_gd32f30x_hd.o(.text)
    SPI2_IRQHandler                          0x0800021f   Thumb Code     0  startup_gd32f30x_hd.o(.text)
    TAMPER_IRQHandler                        0x0800021f   Thumb Code     0  startup_gd32f30x_hd.o(.text)
    TIMER0_BRK_IRQHandler                    0x0800021f   Thumb Code     0  startup_gd32f30x_hd.o(.text)
    TIMER0_Channel_IRQHandler                0x0800021f   Thumb Code     0  startup_gd32f30x_hd.o(.text)
    TIMER0_TRG_CMT_IRQHandler                0x0800021f   Thumb Code     0  startup_gd32f30x_hd.o(.text)
    TIMER0_UP_IRQHandler                     0x0800021f   Thumb Code     0  startup_gd32f30x_hd.o(.text)
    TIMER7_BRK_IRQHandler                    0x0800021f   Thumb Code     0  startup_gd32f30x_hd.o(.text)
    TIMER7_Channel_IRQHandler                0x0800021f   Thumb Code     0  startup_gd32f30x_hd.o(.text)
    TIMER7_TRG_CMT_IRQHandler                0x0800021f   Thumb Code     0  startup_gd32f30x_hd.o(.text)
    UART4_IRQHandler                         0x0800021f   Thumb Code     0  startup_gd32f30x_hd.o(.text)
    USART2_IRQHandler                        0x0800021f   Thumb Code     0  startup_gd32f30x_hd.o(.text)
    USBD_HP_CAN0_TX_IRQHandler               0x0800021f   Thumb Code     0  startup_gd32f30x_hd.o(.text)
    USBD_LP_CAN0_RX0_IRQHandler              0x0800021f   Thumb Code     0  startup_gd32f30x_hd.o(.text)
    USBD_WKUP_IRQHandler                     0x0800021f   Thumb Code     0  startup_gd32f30x_hd.o(.text)
    WWDGT_IRQHandler                         0x0800021f   Thumb Code     0  startup_gd32f30x_hd.o(.text)
    __aeabi_memcpy                           0x08000229   Thumb Code    36  memcpya.o(.text)
    __aeabi_memcpy4                          0x08000229   Thumb Code     0  memcpya.o(.text)
    __aeabi_memcpy8                          0x08000229   Thumb Code     0  memcpya.o(.text)
    __aeabi_memset                           0x0800024d   Thumb Code    14  memseta.o(.text)
    __aeabi_memset4                          0x0800024d   Thumb Code     0  memseta.o(.text)
    __aeabi_memset8                          0x0800024d   Thumb Code     0  memseta.o(.text)
    __aeabi_memclr                           0x0800025b   Thumb Code     4  memseta.o(.text)
    __aeabi_memclr4                          0x0800025b   Thumb Code     0  memseta.o(.text)
    __aeabi_memclr8                          0x0800025b   Thumb Code     0  memseta.o(.text)
    memset                                   0x0800025f   Thumb Code    18  memseta.o(.text)
    __aeabi_dadd                             0x08000271   Thumb Code   322  dadd.o(.text)
    __aeabi_dsub                             0x080003b3   Thumb Code     6  dadd.o(.text)
    __aeabi_drsub                            0x080003b9   Thumb Code     6  dadd.o(.text)
    __aeabi_dmul                             0x080003bf   Thumb Code   228  dmul.o(.text)
    __aeabi_ddiv                             0x080004a3   Thumb Code   222  ddiv.o(.text)
    __aeabi_ui2d                             0x08000581   Thumb Code    26  dfltui.o(.text)
    __aeabi_d2uiz                            0x0800059b   Thumb Code    50  dfixui.o(.text)
    __aeabi_f2d                              0x080005cd   Thumb Code    38  f2d.o(.text)
    __aeabi_uidiv                            0x080005f3   Thumb Code     0  uidiv.o(.text)
    __aeabi_uidivmod                         0x080005f3   Thumb Code    44  uidiv.o(.text)
    __aeabi_llsl                             0x0800061f   Thumb Code    30  llshl.o(.text)
    _ll_shift_l                              0x0800061f   Thumb Code     0  llshl.o(.text)
    __aeabi_llsr                             0x0800063d   Thumb Code    32  llushr.o(.text)
    _ll_ushift_r                             0x0800063d   Thumb Code     0  llushr.o(.text)
    __aeabi_lasr                             0x0800065d   Thumb Code    36  llsshr.o(.text)
    _ll_sshift_r                             0x0800065d   Thumb Code     0  llsshr.o(.text)
    __I$use$fp                               0x08000681   Thumb Code     0  iusefp.o(.text)
    _double_round                            0x08000681   Thumb Code    30  depilogue.o(.text)
    _double_epilogue                         0x0800069f   Thumb Code   156  depilogue.o(.text)
    __aeabi_i2d                              0x0800073b   Thumb Code    34  dflti.o(.text)
    __aeabi_d2iz                             0x0800075d   Thumb Code    62  dfixi.o(.text)
    __aeabi_cdcmpeq                          0x0800079d   Thumb Code     0  cdcmple.o(.text)
    __aeabi_cdcmple                          0x0800079d   Thumb Code    48  cdcmple.o(.text)
    __aeabi_cdrcmple                         0x080007cd   Thumb Code    48  cdrcmple.o(.text)
    __scatterload                            0x080007fd   Thumb Code    28  init.o(.text)
    __scatterload_rt2                        0x080007fd   Thumb Code     0  init.o(.text)
    __decompress                             0x08000821   Thumb Code     0  __dczerorl2.o(.text)
    __decompress1                            0x08000821   Thumb Code    86  __dczerorl2.o(.text)
    BusFault_Handler                         0x08000877   Thumb Code     4  gd32f30x_it.o(i.BusFault_Handler)
    DebugMon_Handler                         0x0800087b   Thumb Code     2  gd32f30x_it.o(i.DebugMon_Handler)
    HardFault_Handler                        0x080008a9   Thumb Code     4  gd32f30x_it.o(i.HardFault_Handler)
    MemManage_Handler                        0x080008ad   Thumb Code     4  gd32f30x_it.o(i.MemManage_Handler)
    ModbusAppInit                            0x080008b1   Thumb Code    18  modbus_app.o(i.ModbusAppInit)
    ModbusSlaveInit                          0x080008c9   Thumb Code    32  modbus_slave.o(i.ModbusSlaveInit)
    ModbusTask                               0x080008ed   Thumb Code     8  modbus_app.o(i.ModbusTask)
    NMI_Handler                              0x080008f5   Thumb Code     2  gd32f30x_it.o(i.NMI_Handler)
    SysTick_Handler                          0x0800098d   Thumb Code     8  systick.o(i.SysTick_Handler)
    SystemInit                               0x08000995   Thumb Code   110  system_gd32f30x.o(i.SystemInit)
    TIMER1_IRQHandler                        0x08000a11   Thumb Code   298  autochange.o(i.TIMER1_IRQHandler)
    TIMER2_IRQHandler                        0x08000b55   Thumb Code   300  autochange.o(i.TIMER2_IRQHandler)
    TIMER3_IRQHandler                        0x08000c99   Thumb Code    36  porttimer.o(i.TIMER3_IRQHandler)
    TIMER4_IRQHandler                        0x08000cc1   Thumb Code   300  autochange.o(i.TIMER4_IRQHandler)
    TIMER5_IRQHandler                        0x08000e09   Thumb Code   300  autochange.o(i.TIMER5_IRQHandler)
    TIMER6_IRQHandler                        0x08000f4d   Thumb Code   288  autochange.o(i.TIMER6_IRQHandler)
    TIMER7_UP_IRQHandler                     0x08001085   Thumb Code   288  autochange.o(i.TIMER7_UP_IRQHandler)
    UART3_IRQHandler                         0x080011bd   Thumb Code    56  portserial.o(i.UART3_IRQHandler)
    USART0_IRQHandler                        0x08001205   Thumb Code   158  rs485.o(i.USART0_IRQHandler)
    USART1_IRQHandler                        0x080012b5   Thumb Code    32  rs485.o(i.USART1_IRQHandler)
    UsageFault_Handler                       0x0800132d   Thumb Code     4  gd32f30x_it.o(i.UsageFault_Handler)
    _74hc595_ctl                             0x080013bd   Thumb Code  1492  74hc595.o(i._74hc595_ctl)
    _74hc595_init                            0x080019e9   Thumb Code    28  74hc595.o(i._74hc595_init)
    __0printf$3                              0x08001a89   Thumb Code    22  printf3.o(i.__0printf$3)
    __1printf$3                              0x08001a89   Thumb Code     0  printf3.o(i.__0printf$3)
    __2printf                                0x08001a89   Thumb Code     0  printf3.o(i.__0printf$3)
    __ARM_fpclassify                         0x08001aa9   Thumb Code    48  fpclassify.o(i.__ARM_fpclassify)
    __aeabi_assert                           0x08001ad9   Thumb Code   110  retarget_io.o(i.__aeabi_assert)
    __hardfp_exp                             0x08001b79   Thumb Code   714  exp.o(i.__hardfp_exp)
    __kernel_poly                            0x08001ed1   Thumb Code   248  poly.o(i.__kernel_poly)
    __mathlib_dbl_infnan                     0x08001fc9   Thumb Code    20  dunder.o(i.__mathlib_dbl_infnan)
    __mathlib_dbl_overflow                   0x08001fe1   Thumb Code    24  dunder.o(i.__mathlib_dbl_overflow)
    __mathlib_dbl_underflow                  0x08002001   Thumb Code    24  dunder.o(i.__mathlib_dbl_underflow)
    __scatterload_copy                       0x08002021   Thumb Code    14  handlers.o(i.__scatterload_copy)
    __scatterload_null                       0x0800202f   Thumb Code     2  handlers.o(i.__scatterload_null)
    __scatterload_zeroinit                   0x08002031   Thumb Code    14  handlers.o(i.__scatterload_zeroinit)
    __set_errno                              0x08002041   Thumb Code     6  errno.o(i.__set_errno)
    _rs485_init                              0x08002205   Thumb Code   120  rs485.o(i._rs485_init)
    abort                                    0x0800227d   Thumb Code     4  retarget_io.o(i.abort)
    autochange_init                          0x08002281   Thumb Code    98  autochange.o(i.autochange_init)
    bags_broken_get_numbers                  0x080022f9   Thumb Code    40  bags_broken.o(i.bags_broken_get_numbers)
    bags_broken_get_state                    0x08002325   Thumb Code     8  bags_broken.o(i.bags_broken_get_state)
    bags_broken_init                         0x0800232d   Thumb Code    46  bags_broken.o(i.bags_broken_init)
    bags_broken_over                         0x0800235b   Thumb Code    30  bags_broken.o(i.bags_broken_over)
    bags_broken_ready                        0x08002379   Thumb Code    32  bags_broken.o(i.bags_broken_ready)
    bags_broken_register                     0x08002399   Thumb Code   268  bags_broken.o(i.bags_broken_register)
    bags_broken_reset                        0x080024b5   Thumb Code    34  bags_broken.o(i.bags_broken_reset)
    bags_broken_work                         0x080024d7   Thumb Code   244  bags_broken.o(i.bags_broken_work)
    cd4051_detect                            0x080025cd   Thumb Code   264  cd4051.o(i.cd4051_detect)
    channel_full_detect                      0x080026e5   Thumb Code   232  app.o(i.channel_full_detect)
    channel_init                             0x080027d1   Thumb Code   308  channel.o(i.channel_init)
    delay_init                               0x08002939   Thumb Code    50  delay.o(i.delay_init)
    delay_nms                                0x08002975   Thumb Code    24  delay.o(i.delay_nms)
    delay_nus                                0x0800298d   Thumb Code    36  delay.o(i.delay_nus)
    dma_channel_disable                      0x080029b9   Thumb Code    50  gd32f30x_dma.o(i.dma_channel_disable)
    dma_channel_enable                       0x080029eb   Thumb Code    50  gd32f30x_dma.o(i.dma_channel_enable)
    dma_deinit                               0x08002a1d   Thumb Code   112  gd32f30x_dma.o(i.dma_deinit)
    dma_init                                 0x08002a8d   Thumb Code   302  gd32f30x_dma.o(i.dma_init)
    dma_transfer_number_config               0x08002bd5   Thumb Code    38  gd32f30x_dma.o(i.dma_transfer_number_config)
    dma_transfer_number_get                  0x08002bfb   Thumb Code    34  gd32f30x_dma.o(i.dma_transfer_number_get)
    door_init                                0x08002c1d   Thumb Code    36  door.o(i.door_init)
    door_key_led                             0x08002c41   Thumb Code   138  app.o(i.door_key_led)
    eMBEnable                                0x08002ccd   Thumb Code    32  mb.o(i.eMBEnable)
    eMBFuncReadHoldingRegister               0x08002cf5   Thumb Code   134  mbfuncholding.o(i.eMBFuncReadHoldingRegister)
    eMBFuncWriteHoldingRegister              0x08002d7b   Thumb Code    62  mbfuncholding.o(i.eMBFuncWriteHoldingRegister)
    eMBFuncWriteMultipleHoldingRegister      0x08002db9   Thumb Code   106  mbfuncholding.o(i.eMBFuncWriteMultipleHoldingRegister)
    eMBInit                                  0x08002e25   Thumb Code   150  mb.o(i.eMBInit)
    eMBPoll                                  0x08002f05   Thumb Code   268  mb.o(i.eMBPoll)
    eMBRTUInit                               0x0800303d   Thumb Code    76  mbrtu.o(i.eMBRTUInit)
    eMBRTUReceive                            0x0800308d   Thumb Code    82  mbrtu.o(i.eMBRTUReceive)
    eMBRTUSend                               0x08003135   Thumb Code   146  mbrtu.o(i.eMBRTUSend)
    eMBRTUStart                              0x080031dd   Thumb Code    22  mbrtu.o(i.eMBRTUStart)
    eMBRTUStop                               0x080031f9   Thumb Code    16  mbrtu.o(i.eMBRTUStop)
    eMBRegHoldingCB                          0x08003209   Thumb Code    54  modbus_slave.o(i.eMBRegHoldingCB)
    fputc                                    0x08003245   Thumb Code    26  retarget_io.o(i.fputc)
    fputs                                    0x08003265   Thumb Code    24  fputs.o(i.fputs)
    full_light_ctl                           0x0800327d   Thumb Code    98  fulllight.o(i.full_light_ctl)
    full_light_init                          0x080032eb   Thumb Code    42  fulllight.o(i.full_light_init)
    full_light_show                          0x08003315   Thumb Code   132  app.o(i.full_light_show)
    gpio_bit_reset                           0x08003399   Thumb Code     4  gd32f30x_gpio.o(i.gpio_bit_reset)
    gpio_bit_set                             0x0800339d   Thumb Code     4  gd32f30x_gpio.o(i.gpio_bit_set)
    gpio_init                                0x080033a1   Thumb Code   188  gd32f30x_gpio.o(i.gpio_init)
    gpio_input_bit_get                       0x0800345d   Thumb Code    16  gd32f30x_gpio.o(i.gpio_input_bit_get)
    gpio_pin_remap_config                    0x0800346d   Thumb Code   138  gd32f30x_gpio.o(i.gpio_pin_remap_config)
    gs_detect                                0x080034fd   Thumb Code    60  app.o(i.gs_detect)
    key_detect                               0x0800353d   Thumb Code   336  app.o(i.key_detect)
    linear_actuator_ctl                      0x080036ad   Thumb Code    76  linear_actuator.o(i.linear_actuator_ctl)
    linear_actuator_init                     0x080036f9   Thumb Code    72  linear_actuator.o(i.linear_actuator_init)
    main                                     0x08003741   Thumb Code    80  main.o(i.main)
    man_key_detect                           0x080037b9   Thumb Code    46  mankey.o(i.man_key_detect)
    man_key_init                             0x08003821   Thumb Code     8  mankey.o(i.man_key_init)
    man_led_ctl                              0x08003829   Thumb Code   100  manled.o(i.man_led_ctl)
    man_led_init                             0x080038f5   Thumb Code    32  manled.o(i.man_led_init)
    nvic_irq_enable                          0x08003915   Thumb Code   186  gd32f30x_misc.o(i.nvic_irq_enable)
    nvic_priority_group_set                  0x080039d9   Thumb Code    10  gd32f30x_misc.o(i.nvic_priority_group_set)
    proximity_switch_detect                  0x080039ed   Thumb Code    98  app.o(i.proximity_switch_detect)
    prveMBError2Exception                    0x08004673   Thumb Code    34  mbutils.o(i.prveMBError2Exception)
    pvPortMalloc                             0x080046c5   Thumb Code   258  heap_4.o(i.pvPortMalloc)
    pvTaskIncrementMutexHeldCount            0x08004821   Thumb Code    26  tasks.o(i.pvTaskIncrementMutexHeldCount)
    pxPortInitialiseStack                    0x08004841   Thumb Code    38  port.o(i.pxPortInitialiseStack)
    rcu_clock_freq_get                       0x0800486d   Thumb Code   310  gd32f30x_rcu.o(i.rcu_clock_freq_get)
    rcu_periph_clock_enable                  0x080049c5   Thumb Code    28  gd32f30x_rcu.o(i.rcu_periph_clock_enable)
    rcu_periph_reset_disable                 0x080049e5   Thumb Code    28  gd32f30x_rcu.o(i.rcu_periph_reset_disable)
    rcu_periph_reset_enable                  0x08004a05   Thumb Code    28  gd32f30x_rcu.o(i.rcu_periph_reset_enable)
    rs485_init                               0x08004fb1   Thumb Code    40  rs485.o(i.rs485_init)
    rs485_write                              0x08004fe1   Thumb Code    70  rs485.o(i.rs485_write)
    solenoid_valve_ctl                       0x0800502d   Thumb Code    30  solenoid_valve.o(i.solenoid_valve_ctl)
    solenoid_valve_init                      0x0800504d   Thumb Code    72  solenoid_valve.o(i.solenoid_valve_init)
    solenoid_valve_state                     0x0800509d   Thumb Code    14  solenoid_valve.o(i.solenoid_valve_state)
    stepper_alm_detect                       0x080050b1   Thumb Code    80  app.o(i.stepper_alm_detect)
    stepper_calculate_S                      0x08005109   Thumb Code   200  stepper.o(i.stepper_calculate_S)
    stepper_find_zero                        0x080051e1   Thumb Code    78  app.o(i.stepper_find_zero)
    stepper_init                             0x08005271   Thumb Code    50  stepper.o(i.stepper_init)
    stepper_set                              0x080052a9   Thumb Code    64  autochange.o(i.stepper_set)
    stepper_work                             0x080053d1   Thumb Code   128  autochange.o(i.stepper_work)
    task_channel                             0x08005575   Thumb Code   480  channel.o(i.task_channel)
    task_create                              0x080057a1   Thumb Code    98  create_task.o(i.task_create)
    throw_garbage                            0x08005881   Thumb Code   366  app.o(i.throw_garbage)
    timer_autoreload_value_config            0x080059f5   Thumb Code     4  gd32f30x_timer.o(i.timer_autoreload_value_config)
    timer_counter_value_config               0x080059f9   Thumb Code     4  gd32f30x_timer.o(i.timer_counter_value_config)
    timer_deinit                             0x080059fd   Thumb Code   210  gd32f30x_timer.o(i.timer_deinit)
    timer_disable                            0x08005ad9   Thumb Code    10  gd32f30x_timer.o(i.timer_disable)
    timer_enable                             0x08005ae3   Thumb Code    10  gd32f30x_timer.o(i.timer_enable)
    timer_init                               0x08005aed   Thumb Code   122  gd32f30x_timer.o(i.timer_init)
    timer_interrupt_disable                  0x08005b85   Thumb Code     8  gd32f30x_timer.o(i.timer_interrupt_disable)
    timer_interrupt_enable                   0x08005b8d   Thumb Code     8  gd32f30x_timer.o(i.timer_interrupt_enable)
    timer_interrupt_flag_clear               0x08005b95   Thumb Code     6  gd32f30x_timer.o(i.timer_interrupt_flag_clear)
    timer_interrupt_flag_get                 0x08005b9b   Thumb Code    24  gd32f30x_timer.o(i.timer_interrupt_flag_get)
    timer_struct_para_init                   0x08005bb3   Thumb Code    22  gd32f30x_timer.o(i.timer_struct_para_init)
    usMBCRC16                                0x08005c3d   Thumb Code    48  mbcrc.o(i.usMBCRC16)
    usart_baudrate_set                       0x08005c75   Thumb Code   136  gd32f30x_usart.o(i.usart_baudrate_set)
    usart_data_receive                       0x08005d05   Thumb Code    10  gd32f30x_usart.o(i.usart_data_receive)
    usart_data_transmit                      0x08005d0f   Thumb Code     8  gd32f30x_usart.o(i.usart_data_transmit)
    usart_deinit                             0x08005d19   Thumb Code   136  gd32f30x_usart.o(i.usart_deinit)
    usart_dma_receive_config                 0x08005da9   Thumb Code    20  gd32f30x_usart.o(i.usart_dma_receive_config)
    usart_enable                             0x08005dbd   Thumb Code    10  gd32f30x_usart.o(i.usart_enable)
    usart_flag_get                           0x08005dc7   Thumb Code    30  gd32f30x_usart.o(i.usart_flag_get)
    usart_hardware_flow_cts_config           0x08005de5   Thumb Code    20  gd32f30x_usart.o(i.usart_hardware_flow_cts_config)
    usart_hardware_flow_rts_config           0x08005df9   Thumb Code    20  gd32f30x_usart.o(i.usart_hardware_flow_rts_config)
    usart_interrupt_disable                  0x08005e0d   Thumb Code    26  gd32f30x_usart.o(i.usart_interrupt_disable)
    usart_interrupt_enable                   0x08005e27   Thumb Code    26  gd32f30x_usart.o(i.usart_interrupt_enable)
    usart_interrupt_flag_clear               0x08005e41   Thumb Code    18  gd32f30x_usart.o(i.usart_interrupt_flag_clear)
    usart_interrupt_flag_get                 0x08005e53   Thumb Code    56  gd32f30x_usart.o(i.usart_interrupt_flag_get)
    usart_parity_config                      0x08005e8b   Thumb Code    16  gd32f30x_usart.o(i.usart_parity_config)
    usart_receive_config                     0x08005e9b   Thumb Code    20  gd32f30x_usart.o(i.usart_receive_config)
    usart_stop_bit_set                       0x08005eaf   Thumb Code    16  gd32f30x_usart.o(i.usart_stop_bit_set)
    usart_transmit_config                    0x08005ebf   Thumb Code    20  gd32f30x_usart.o(i.usart_transmit_config)
    usart_word_length_set                    0x08005ed3   Thumb Code    16  gd32f30x_usart.o(i.usart_word_length_set)
    uxListRemove                             0x08005ee3   Thumb Code    40  list.o(i.uxListRemove)
    uxTaskGetNumberOfTasks                   0x08005f0d   Thumb Code     6  tasks.o(i.uxTaskGetNumberOfTasks)
    vApplicationGetIdleTaskMemory            0x08005f19   Thumb Code    14  freertos_ex.o(i.vApplicationGetIdleTaskMemory)
    vApplicationGetTimerTaskMemory           0x08005f31   Thumb Code    16  freertos_ex.o(i.vApplicationGetTimerTaskMemory)
    vListInitialise                          0x08005f49   Thumb Code    26  list.o(i.vListInitialise)
    vListInitialiseItem                      0x08005f63   Thumb Code     6  list.o(i.vListInitialiseItem)
    vListInsert                              0x08005f69   Thumb Code    52  list.o(i.vListInsert)
    vListInsertEnd                           0x08005f9d   Thumb Code    24  list.o(i.vListInsertEnd)
    vMBPortSerialEnable                      0x08005fb5   Thumb Code   108  portserial.o(i.vMBPortSerialEnable)
    vMBPortTimersDisable                     0x08006025   Thumb Code    34  porttimer.o(i.vMBPortTimersDisable)
    vMBPortTimersEnable                      0x0800604d   Thumb Code    34  porttimer.o(i.vMBPortTimersEnable)
    vPortEnterCritical                       0x08006075   Thumb Code    68  port.o(i.vPortEnterCritical)
    vPortExitCritical                        0x08006109   Thumb Code    48  port.o(i.vPortExitCritical)
    vPortFree                                0x08006185   Thumb Code   112  heap_4.o(i.vPortFree)
    vPortSetupTimerInterrupt                 0x08006241   Thumb Code    20  port.o(i.vPortSetupTimerInterrupt)
    vPortValidateInterruptPriority           0x08006259   Thumb Code    86  port.o(i.vPortValidateInterruptPriority)
    vQueueAddToRegistry                      0x08006305   Thumb Code    84  queue.o(i.vQueueAddToRegistry)
    vQueueWaitForMessageRestricted           0x08006395   Thumb Code    74  queue.o(i.vQueueWaitForMessageRestricted)
    vTaskDelay                               0x080063e1   Thumb Code    72  tasks.o(i.vTaskDelay)
    vTaskInternalSetTimeOutState             0x08006469   Thumb Code    14  tasks.o(i.vTaskInternalSetTimeOutState)
    vTaskMissedYield                         0x08006481   Thumb Code     8  tasks.o(i.vTaskMissedYield)
    vTaskPlaceOnEventList                    0x0800648d   Thumb Code    42  tasks.o(i.vTaskPlaceOnEventList)
    vTaskPlaceOnEventListRestricted          0x080064f5   Thumb Code    84  tasks.o(i.vTaskPlaceOnEventListRestricted)
    vTaskPriorityDisinheritAfterTimeout      0x08006585   Thumb Code   248  tasks.o(i.vTaskPriorityDisinheritAfterTimeout)
    vTaskStartScheduler                      0x080066c1   Thumb Code   150  tasks.o(i.vTaskStartScheduler)
    vTaskSuspend                             0x080067b1   Thumb Code   214  tasks.o(i.vTaskSuspend)
    vTaskSuspendAll                          0x080068e1   Thumb Code    12  tasks.o(i.vTaskSuspendAll)
    vTaskSwitchContext                       0x080068f1   Thumb Code   110  tasks.o(i.vTaskSwitchContext)
    xMBPortEventGet                          0x08006ef5   Thumb Code    26  portevent.o(i.xMBPortEventGet)
    xMBPortEventInit                         0x08006f19   Thumb Code    10  portevent.o(i.xMBPortEventInit)
    xMBPortEventPost                         0x08006f29   Thumb Code    16  portevent.o(i.xMBPortEventPost)
    xMBPortSerialGetByte                     0x08006f41   Thumb Code    18  portserial.o(i.xMBPortSerialGetByte)
    xMBPortSerialInit                        0x08006f59   Thumb Code    32  portserial.o(i.xMBPortSerialInit)
    xMBPortSerialPutByte                     0x08006f79   Thumb Code    18  portserial.o(i.xMBPortSerialPutByte)
    xMBPortTimersInit                        0x08006f91   Thumb Code    68  porttimer.o(i.xMBPortTimersInit)
    xMBRTUReceiveFSM                         0x08006fd9   Thumb Code   140  mbrtu.o(i.xMBRTUReceiveFSM)
    xMBRTUTimerT35Expired                    0x080070b5   Thumb Code    96  mbrtu.o(i.xMBRTUTimerT35Expired)
    xMBRTUTransmitFSM                        0x08007141   Thumb Code   116  mbrtu.o(i.xMBRTUTransmitFSM)
    xPortStartScheduler                      0x08007205   Thumb Code   290  port.o(i.xPortStartScheduler)
    xPortSysTickHandler                      0x0800738d   Thumb Code    46  port.o(i.xPortSysTickHandler)
    xQueueGenericCreate                      0x080073c1   Thumb Code    98  queue.o(i.xQueueGenericCreate)
    xQueueGenericCreateStatic                0x0800745d   Thumb Code   126  queue.o(i.xQueueGenericCreateStatic)
    xQueueGenericReset                       0x08007515   Thumb Code   194  queue.o(i.xQueueGenericReset)
    xQueueGenericSend                        0x08007615   Thumb Code   426  queue.o(i.xQueueGenericSend)
    xQueueGiveFromISR                        0x080077fd   Thumb Code   250  queue.o(i.xQueueGiveFromISR)
    xQueueReceive                            0x08007931   Thumb Code   326  queue.o(i.xQueueReceive)
    xQueueSemaphoreTake                      0x08007ab5   Thumb Code   368  queue.o(i.xQueueSemaphoreTake)
    xTaskCheckForTimeOut                     0x08007c61   Thumb Code   116  tasks.o(i.xTaskCheckForTimeOut)
    xTaskCreate                              0x08007d15   Thumb Code   108  tasks.o(i.xTaskCreate)
    xTaskCreateStatic                        0x08007d81   Thumb Code   162  tasks.o(i.xTaskCreateStatic)
    xTaskDelayUntil                          0x08007e5d   Thumb Code   172  tasks.o(i.xTaskDelayUntil)
    xTaskGenericNotify                       0x08007f4d   Thumb Code   402  tasks.o(i.xTaskGenericNotify)
    xTaskGenericNotifyFromISR                0x0800812d   Thumb Code   478  tasks.o(i.xTaskGenericNotifyFromISR)
    xTaskGenericNotifyWait                   0x08008361   Thumb Code   186  tasks.o(i.xTaskGenericNotifyWait)
    xTaskGetSchedulerState                   0x0800845d   Thumb Code    24  tasks.o(i.xTaskGetSchedulerState)
    xTaskGetTickCount                        0x0800847d   Thumb Code     6  tasks.o(i.xTaskGetTickCount)
    xTaskIncrementTick                       0x08008489   Thumb Code   390  tasks.o(i.xTaskIncrementTick)
    xTaskPriorityDisinherit                  0x08008675   Thumb Code   206  tasks.o(i.xTaskPriorityDisinherit)
    xTaskPriorityInherit                     0x08008789   Thumb Code   224  tasks.o(i.xTaskPriorityInherit)
    xTaskRemoveFromEventList                 0x08008875   Thumb Code   254  tasks.o(i.xTaskRemoveFromEventList)
    xTaskResumeAll                           0x080089c5   Thumb Code   328  tasks.o(i.xTaskResumeAll)
    xTaskResumeFromISR                       0x08008b69   Thumb Code   208  tasks.o(i.xTaskResumeFromISR)
    xTimerCreateTimerTask                    0x08008c89   Thumb Code    90  timers.o(i.xTimerCreateTimerTask)
    Region$$Table$$Base                      0x0800901c   Number         0  anon$$obj.o(Region$$Table)
    Region$$Table$$Limit                     0x0800903c   Number         0  anon$$obj.o(Region$$Table)
    modbus_taskhandle                        0x20000000   Data           4  create_task.o(.data)
    channel                                  0x200001d0   Data        1080  channel.o(.data)
    pxCurrentTCB                             0x20000670   Data           4  tasks.o(.data)
    uxTopUsedPriority                        0x200006a8   Data           4  tasks.o(.data)
    slave_rs485                              0x200006cc   Data         104  rs485.o(.data)
    pxMBFrameCBByteReceived                  0x2000074c   Data           4  mb.o(.data)
    pxMBFrameCBTransmitterEmpty              0x20000750   Data           4  mb.o(.data)
    pxMBPortCBTimerExpired                   0x20000754   Data           4  mb.o(.data)
    pxMBFrameCBReceiveFSMCur                 0x20000758   Data           4  mb.o(.data)
    pxMBFrameCBTransmitFSMCur                0x2000075c   Data           4  mb.o(.data)
    __stderr                                 0x20000820   Data           4  stderr.o(.data)
    __stdout                                 0x20000824   Data           4  stdout.o(.data)
    xQueueRegistry                           0x20009d04   Data          80  queue.o(.bss)
    g_acc_stepper_S                          0x2000a14c   Data        9600  stepper.o(.bss)
    ucRTUBuf                                 0x2000c6cc   Data         256  mbrtu.o(.bss)
    __initial_sp                             0x2000dbd0   Data           0  startup_gd32f30x_hd.o(STACK)



==============================================================================

Memory Map of the image

  Image Entry point : 0x08000131

  Load Region LR_IROM1 (Base: 0x08000000, Size: 0x00009868, Max: 0x00080000, ABSOLUTE, COMPRESSED[0x0000929c])

    Execution Region ER_IROM1 (Exec base: 0x08000000, Load base: 0x08000000, Size: 0x0000903c, Max: 0x00080000, ABSOLUTE)

    Exec Addr    Load Addr    Size         Type   Attr      Idx    E Section Name        Object

    0x08000000   0x08000000   0x00000130   Data   RO         5980    RESET               startup_gd32f30x_hd.o
    0x08000130   0x08000130   0x00000000   Code   RO         6041  * .ARM.Collect$$$$00000000  mc_w.l(entry.o)
    0x08000130   0x08000130   0x00000004   Code   RO         6349    .ARM.Collect$$$$00000001  mc_w.l(entry2.o)
    0x08000134   0x08000134   0x00000004   Code   RO         6352    .ARM.Collect$$$$00000004  mc_w.l(entry5.o)
    0x08000138   0x08000138   0x00000000   Code   RO         6354    .ARM.Collect$$$$00000008  mc_w.l(entry7b.o)
    0x08000138   0x08000138   0x00000000   Code   RO         6356    .ARM.Collect$$$$0000000A  mc_w.l(entry8b.o)
    0x08000138   0x08000138   0x00000008   Code   RO         6357    .ARM.Collect$$$$0000000B  mc_w.l(entry9a.o)
    0x08000140   0x08000140   0x00000000   Code   RO         6359    .ARM.Collect$$$$0000000D  mc_w.l(entry10a.o)
    0x08000140   0x08000140   0x00000000   Code   RO         6361    .ARM.Collect$$$$0000000F  mc_w.l(entry11a.o)
    0x08000140   0x08000140   0x00000004   Code   RO         6350    .ARM.Collect$$$$00002712  mc_w.l(entry2.o)
    0x08000144   0x08000144   0x000000be   Code   RO         3876    .emb_text           port.o
    0x08000202   0x08000202   0x00000002   PAD
    0x08000204   0x08000204   0x00000024   Code   RO         5981    .text               startup_gd32f30x_hd.o
    0x08000228   0x08000228   0x00000024   Code   RO         6049    .text               mc_w.l(memcpya.o)
    0x0800024c   0x0800024c   0x00000024   Code   RO         6053    .text               mc_w.l(memseta.o)
    0x08000270   0x08000270   0x0000014e   Code   RO         6318    .text               mf_w.l(dadd.o)
    0x080003be   0x080003be   0x000000e4   Code   RO         6320    .text               mf_w.l(dmul.o)
    0x080004a2   0x080004a2   0x000000de   Code   RO         6322    .text               mf_w.l(ddiv.o)
    0x08000580   0x08000580   0x0000001a   Code   RO         6324    .text               mf_w.l(dfltui.o)
    0x0800059a   0x0800059a   0x00000032   Code   RO         6326    .text               mf_w.l(dfixui.o)
    0x080005cc   0x080005cc   0x00000026   Code   RO         6328    .text               mf_w.l(f2d.o)
    0x080005f2   0x080005f2   0x0000002c   Code   RO         6364    .text               mc_w.l(uidiv.o)
    0x0800061e   0x0800061e   0x0000001e   Code   RO         6368    .text               mc_w.l(llshl.o)
    0x0800063c   0x0800063c   0x00000020   Code   RO         6370    .text               mc_w.l(llushr.o)
    0x0800065c   0x0800065c   0x00000024   Code   RO         6372    .text               mc_w.l(llsshr.o)
    0x08000680   0x08000680   0x00000000   Code   RO         6381    .text               mc_w.l(iusefp.o)
    0x08000680   0x08000680   0x000000ba   Code   RO         6382    .text               mf_w.l(depilogue.o)
    0x0800073a   0x0800073a   0x00000022   Code   RO         6384    .text               mf_w.l(dflti.o)
    0x0800075c   0x0800075c   0x0000003e   Code   RO         6386    .text               mf_w.l(dfixi.o)
    0x0800079a   0x0800079a   0x00000002   PAD
    0x0800079c   0x0800079c   0x00000030   Code   RO         6390    .text               mf_w.l(cdcmple.o)
    0x080007cc   0x080007cc   0x00000030   Code   RO         6392    .text               mf_w.l(cdrcmple.o)
    0x080007fc   0x080007fc   0x00000024   Code   RO         6394    .text               mc_w.l(init.o)
    0x08000820   0x08000820   0x00000056   Code   RO         6404    .text               mc_w.l(__dczerorl2.o)
    0x08000876   0x08000876   0x00000004   Code   RO            3    i.BusFault_Handler  gd32f30x_it.o
    0x0800087a   0x0800087a   0x00000002   Code   RO            4    i.DebugMon_Handler  gd32f30x_it.o
    0x0800087c   0x0800087c   0x0000002c   Code   RO         5798    i.GpioInit          portserial.o
    0x080008a8   0x080008a8   0x00000004   Code   RO            5    i.HardFault_Handler  gd32f30x_it.o
    0x080008ac   0x080008ac   0x00000004   Code   RO            6    i.MemManage_Handler  gd32f30x_it.o
    0x080008b0   0x080008b0   0x00000018   Code   RO          519    i.ModbusAppInit     modbus_app.o
    0x080008c8   0x080008c8   0x00000024   Code   RO         5366    i.ModbusSlaveInit   modbus_slave.o
    0x080008ec   0x080008ec   0x00000008   Code   RO          520    i.ModbusTask        modbus_app.o
    0x080008f4   0x080008f4   0x00000002   Code   RO            7    i.NMI_Handler       gd32f30x_it.o
    0x080008f6   0x080008f6   0x00000002   PAD
    0x080008f8   0x080008f8   0x0000006c   Code   RO          521    i.ReadRegsCb        modbus_app.o
    0x08000964   0x08000964   0x00000028   Code   RO         5799    i.SwitchInit        portserial.o
    0x0800098c   0x0800098c   0x00000008   Code   RO          359    i.SysTick_Handler   systick.o
    0x08000994   0x08000994   0x0000007c   Code   RO         5988    i.SystemInit        system_gd32f30x.o
    0x08000a10   0x08000a10   0x00000144   Code   RO         1052    i.TIMER1_IRQHandler  autochange.o
    0x08000b54   0x08000b54   0x00000144   Code   RO         1053    i.TIMER2_IRQHandler  autochange.o
    0x08000c98   0x08000c98   0x00000028   Code   RO         5882    i.TIMER3_IRQHandler  porttimer.o
    0x08000cc0   0x08000cc0   0x00000148   Code   RO         1054    i.TIMER4_IRQHandler  autochange.o
    0x08000e08   0x08000e08   0x00000144   Code   RO         1055    i.TIMER5_IRQHandler  autochange.o
    0x08000f4c   0x08000f4c   0x00000138   Code   RO         1056    i.TIMER6_IRQHandler  autochange.o
    0x08001084   0x08001084   0x00000138   Code   RO         1057    i.TIMER7_UP_IRQHandler  autochange.o
    0x080011bc   0x080011bc   0x00000048   Code   RO         5800    i.UART3_IRQHandler  portserial.o
    0x08001204   0x08001204   0x000000b0   Code   RO         5496    i.USART0_IRQHandler  rs485.o
    0x080012b4   0x080012b4   0x00000028   Code   RO         5497    i.USART1_IRQHandler  rs485.o
    0x080012dc   0x080012dc   0x00000050   Code   RO         5801    i.UartInit          portserial.o
    0x0800132c   0x0800132c   0x00000004   Code   RO            8    i.UsageFault_Handler  gd32f30x_it.o
    0x08001330   0x08001330   0x0000008c   Code   RO          522    i.WriteRegsCb       modbus_app.o
    0x080013bc   0x080013bc   0x000005d8   Code   RO          723    i._74hc595_ctl      74hc595.o
    0x08001994   0x08001994   0x00000054   Code   RO          724    i._74hc595_gpio_init  74hc595.o
    0x080019e8   0x080019e8   0x00000024   Code   RO          725    i._74hc595_init     74hc595.o
    0x08001a0c   0x08001a0c   0x0000001c   Code   RO          726    i._74hc595_output   74hc595.o
    0x08001a28   0x08001a28   0x00000016   Code   RO          727    i._74hc595_write_all  74hc595.o
    0x08001a3e   0x08001a3e   0x00000002   PAD
    0x08001a40   0x08001a40   0x00000048   Code   RO          728    i._74hc595_write_byte  74hc595.o
    0x08001a88   0x08001a88   0x00000020   Code   RO         6146    i.__0printf$3       mc_w.l(printf3.o)
    0x08001aa8   0x08001aa8   0x00000030   Code   RO         6344    i.__ARM_fpclassify  m_wm.l(fpclassify.o)
    0x08001ad8   0x08001ad8   0x0000009c   Code   RO         5923    i.__aeabi_assert    retarget_io.o
    0x08001b74   0x08001b74   0x00000004   PAD
    0x08001b78   0x08001b78   0x00000358   Code   RO         6027    i.__hardfp_exp      m_wm.l(exp.o)
    0x08001ed0   0x08001ed0   0x000000f8   Code   RO         6346    i.__kernel_poly     m_wm.l(poly.o)
    0x08001fc8   0x08001fc8   0x00000014   Code   RO         6331    i.__mathlib_dbl_infnan  m_wm.l(dunder.o)
    0x08001fdc   0x08001fdc   0x00000004   PAD
    0x08001fe0   0x08001fe0   0x00000020   Code   RO         6334    i.__mathlib_dbl_overflow  m_wm.l(dunder.o)
    0x08002000   0x08002000   0x00000020   Code   RO         6336    i.__mathlib_dbl_underflow  m_wm.l(dunder.o)
    0x08002020   0x08002020   0x0000000e   Code   RO         6398    i.__scatterload_copy  mc_w.l(handlers.o)
    0x0800202e   0x0800202e   0x00000002   Code   RO         6399    i.__scatterload_null  mc_w.l(handlers.o)
    0x08002030   0x08002030   0x0000000e   Code   RO         6400    i.__scatterload_zeroinit  mc_w.l(handlers.o)
    0x0800203e   0x0800203e   0x00000002   PAD
    0x08002040   0x08002040   0x0000000c   Code   RO         6376    i.__set_errno       mc_w.l(errno.o)
    0x0800204c   0x0800204c   0x000001b8   Code   RO         6153    i._printf_core      mc_w.l(printf3.o)
    0x08002204   0x08002204   0x00000078   Code   RO         5498    i._rs485_init       rs485.o
    0x0800227c   0x0800227c   0x00000004   Code   RO         5925    i.abort             retarget_io.o
    0x08002280   0x08002280   0x00000078   Code   RO         1058    i.autochange_init   autochange.o
    0x080022f8   0x080022f8   0x0000002c   Code   RO          783    i.bags_broken_get_numbers  bags_broken.o
    0x08002324   0x08002324   0x00000008   Code   RO          784    i.bags_broken_get_state  bags_broken.o
    0x0800232c   0x0800232c   0x0000002e   Code   RO          785    i.bags_broken_init  bags_broken.o
    0x0800235a   0x0800235a   0x0000001e   Code   RO          786    i.bags_broken_over  bags_broken.o
    0x08002378   0x08002378   0x00000020   Code   RO          787    i.bags_broken_ready  bags_broken.o
    0x08002398   0x08002398   0x0000011c   Code   RO          788    i.bags_broken_register  bags_broken.o
    0x080024b4   0x080024b4   0x00000022   Code   RO          789    i.bags_broken_reset  bags_broken.o
    0x080024d6   0x080024d6   0x000000f4   Code   RO          790    i.bags_broken_work  bags_broken.o
    0x080025ca   0x080025ca   0x00000002   PAD
    0x080025cc   0x080025cc   0x00000118   Code   RO         5026    i.cd4051_detect     cd4051.o
    0x080026e4   0x080026e4   0x000000ec   Code   RO         1158    i.channel_full_detect  app.o
    0x080027d0   0x080027d0   0x00000168   Code   RO         1011    i.channel_init      channel.o
    0x08002938   0x08002938   0x0000003c   Code   RO         5058    i.delay_init        delay.o
    0x08002974   0x08002974   0x00000018   Code   RO         5059    i.delay_nms         delay.o
    0x0800298c   0x0800298c   0x0000002c   Code   RO         5060    i.delay_nus         delay.o
    0x080029b8   0x080029b8   0x00000032   Code   RO         1677    i.dma_channel_disable  gd32f30x_dma.o
    0x080029ea   0x080029ea   0x00000032   Code   RO         1678    i.dma_channel_enable  gd32f30x_dma.o
    0x08002a1c   0x08002a1c   0x00000070   Code   RO         1681    i.dma_deinit        gd32f30x_dma.o
    0x08002a8c   0x08002a8c   0x0000012e   Code   RO         1684    i.dma_init          gd32f30x_dma.o
    0x08002bba   0x08002bba   0x00000002   PAD
    0x08002bbc   0x08002bbc   0x00000018   Code   RO         1696    i.dma_periph_and_channel_check  gd32f30x_dma.o
    0x08002bd4   0x08002bd4   0x00000026   Code   RO         1703    i.dma_transfer_number_config  gd32f30x_dma.o
    0x08002bfa   0x08002bfa   0x00000022   Code   RO         1704    i.dma_transfer_number_get  gd32f30x_dma.o
    0x08002c1c   0x08002c1c   0x00000024   Code   RO          982    i.door_init         door.o
    0x08002c40   0x08002c40   0x0000008a   Code   RO         1159    i.door_key_led      app.o
    0x08002cca   0x08002cca   0x00000002   PAD
    0x08002ccc   0x08002ccc   0x00000028   Code   RO         5575    i.eMBEnable         mb.o
    0x08002cf4   0x08002cf4   0x00000086   Code   RO         5722    i.eMBFuncReadHoldingRegister  mbfuncholding.o
    0x08002d7a   0x08002d7a   0x0000003e   Code   RO         5723    i.eMBFuncWriteHoldingRegister  mbfuncholding.o
    0x08002db8   0x08002db8   0x0000006a   Code   RO         5724    i.eMBFuncWriteMultipleHoldingRegister  mbfuncholding.o
    0x08002e22   0x08002e22   0x00000002   PAD
    0x08002e24   0x08002e24   0x000000e0   Code   RO         5576    i.eMBInit           mb.o
    0x08002f04   0x08002f04   0x00000138   Code   RO         5577    i.eMBPoll           mb.o
    0x0800303c   0x0800303c   0x00000050   Code   RO         5656    i.eMBRTUInit        mbrtu.o
    0x0800308c   0x0800308c   0x000000a8   Code   RO         5657    i.eMBRTUReceive     mbrtu.o
    0x08003134   0x08003134   0x000000a8   Code   RO         5658    i.eMBRTUSend        mbrtu.o
    0x080031dc   0x080031dc   0x0000001c   Code   RO         5659    i.eMBRTUStart       mbrtu.o
    0x080031f8   0x080031f8   0x00000010   Code   RO         5660    i.eMBRTUStop        mbrtu.o
    0x08003208   0x08003208   0x0000003c   Code   RO         5367    i.eMBRegHoldingCB   modbus_slave.o
    0x08003244   0x08003244   0x00000020   Code   RO         5927    i.fputc             retarget_io.o
    0x08003264   0x08003264   0x00000018   Code   RO         6044    i.fputs             mc_w.l(fputs.o)
    0x0800327c   0x0800327c   0x00000062   Code   RO         5445    i.full_light_ctl    fulllight.o
    0x080032de   0x080032de   0x0000000c   Code   RO         5446    i.full_light_delay  fulllight.o
    0x080032ea   0x080032ea   0x0000002a   Code   RO         5447    i.full_light_init   fulllight.o
    0x08003314   0x08003314   0x00000084   Code   RO         1160    i.full_light_show   app.o
    0x08003398   0x08003398   0x00000004   Code   RO         2389    i.gpio_bit_reset    gd32f30x_gpio.o
    0x0800339c   0x0800339c   0x00000004   Code   RO         2390    i.gpio_bit_set      gd32f30x_gpio.o
    0x080033a0   0x080033a0   0x000000bc   Code   RO         2399    i.gpio_init         gd32f30x_gpio.o
    0x0800345c   0x0800345c   0x00000010   Code   RO         2400    i.gpio_input_bit_get  gd32f30x_gpio.o
    0x0800346c   0x0800346c   0x00000090   Code   RO         2405    i.gpio_pin_remap_config  gd32f30x_gpio.o
    0x080034fc   0x080034fc   0x00000040   Code   RO         1161    i.gs_detect         app.o
    0x0800353c   0x0800353c   0x00000170   Code   RO         1162    i.key_detect        app.o
    0x080036ac   0x080036ac   0x0000004c   Code   RO         5247    i.linear_actuator_ctl  linear_actuator.o
    0x080036f8   0x080036f8   0x00000048   Code   RO         5248    i.linear_actuator_init  linear_actuator.o
    0x08003740   0x08003740   0x00000078   Code   RO          157    i.main              main.o
    0x080037b8   0x080037b8   0x00000034   Code   RO         5213    i.man_key_detect    mankey.o
    0x080037ec   0x080037ec   0x00000034   Code   RO         5214    i.man_key_gpio_init  mankey.o
    0x08003820   0x08003820   0x00000008   Code   RO         5215    i.man_key_init      mankey.o
    0x08003828   0x08003828   0x00000068   Code   RO         5179    i.man_led_ctl       manled.o
    0x08003890   0x08003890   0x00000064   Code   RO         5180    i.man_led_gpio_init  manled.o
    0x080038f4   0x080038f4   0x00000020   Code   RO         5181    i.man_led_init      manled.o
    0x08003914   0x08003914   0x000000c4   Code   RO         2517    i.nvic_irq_enable   gd32f30x_misc.o
    0x080039d8   0x080039d8   0x00000014   Code   RO         2518    i.nvic_priority_group_set  gd32f30x_misc.o
    0x080039ec   0x080039ec   0x00000062   Code   RO         1163    i.proximity_switch_detect  app.o
    0x08003a4e   0x08003a4e   0x00000002   PAD
    0x08003a50   0x08003a50   0x000000c0   Code   RO         4506    i.prvAddCurrentTaskToDelayedList  tasks.o
    0x08003b10   0x08003b10   0x000000e4   Code   RO         4507    i.prvAddNewTaskToReadyList  tasks.o
    0x08003bf4   0x08003bf4   0x00000074   Code   RO         4855    i.prvCheckForValidListAndQueue  timers.o
    0x08003c68   0x08003c68   0x00000048   Code   RO         4508    i.prvCheckTasksWaitingTermination  tasks.o
    0x08003cb0   0x08003cb0   0x0000002a   Code   RO         4104    i.prvCopyDataFromQueue  queue.o
    0x08003cda   0x08003cda   0x0000007e   Code   RO         4105    i.prvCopyDataToQueue  queue.o
    0x08003d58   0x08003d58   0x00000080   Code   RO         4509    i.prvDeleteTCB      tasks.o
    0x08003dd8   0x08003dd8   0x00000014   Code   RO         4106    i.prvGetDisinheritPriorityAfterTimeout  queue.o
    0x08003dec   0x08003dec   0x00000028   Code   RO         4856    i.prvGetNextExpireTime  timers.o
    0x08003e14   0x08003e14   0x00000070   Code   RO         3799    i.prvHeapInit       heap_4.o
    0x08003e84   0x08003e84   0x00000008   Code   RO         4510    i.prvIdleTask       tasks.o
    0x08003e8c   0x08003e8c   0x0000002a   Code   RO         4108    i.prvInitialiseNewQueue  queue.o
    0x08003eb6   0x08003eb6   0x00000002   PAD
    0x08003eb8   0x08003eb8   0x000000e8   Code   RO         4511    i.prvInitialiseNewTask  tasks.o
    0x08003fa0   0x08003fa0   0x00000068   Code   RO         4512    i.prvInitialiseTaskLists  tasks.o
    0x08004008   0x08004008   0x00000068   Code   RO         3800    i.prvInsertBlockIntoFreeList  heap_4.o
    0x08004070   0x08004070   0x00000058   Code   RO         4858    i.prvInsertTimerInActiveList  timers.o
    0x080040c8   0x080040c8   0x0000001a   Code   RO         4109    i.prvIsQueueEmpty   queue.o
    0x080040e2   0x080040e2   0x0000001e   Code   RO         4110    i.prvIsQueueFull    queue.o
    0x08004100   0x08004100   0x000000d4   Code   RO         4111    i.prvNotifyQueueSetContainer  queue.o
    0x080041d4   0x080041d4   0x00000044   Code   RO         4859    i.prvProcessExpiredTimer  timers.o
    0x08004218   0x08004218   0x00000170   Code   RO         4860    i.prvProcessReceivedCommands  timers.o
    0x08004388   0x08004388   0x00000074   Code   RO         4861    i.prvProcessTimerOrBlockTask  timers.o
    0x080043fc   0x080043fc   0x00000028   Code   RO         4862    i.prvReloadTimer    timers.o
    0x08004424   0x08004424   0x00000030   Code   RO         4513    i.prvResetNextTaskUnblockTime  tasks.o
    0x08004454   0x08004454   0x0000002c   Code   RO         4863    i.prvSampleTimeNow  timers.o
    0x08004480   0x08004480   0x00000044   Code   RO         4864    i.prvSwitchTimerLists  timers.o
    0x080044c4   0x080044c4   0x0000007c   Code   RO         3877    i.prvTaskExitError  port.o
    0x08004540   0x08004540   0x00000088   Code   RO         4514    i.prvTaskIsTaskSuspended  tasks.o
    0x080045c8   0x080045c8   0x0000001a   Code   RO         4865    i.prvTimerTask      timers.o
    0x080045e2   0x080045e2   0x00000090   Code   RO         4112    i.prvUnlockQueue    queue.o
    0x08004672   0x08004672   0x00000022   Code   RO         5746    i.prveMBError2Exception  mbutils.o
    0x08004694   0x08004694   0x00000010   Code   RO         5883    i.prvvTIMERExpiredISR  porttimer.o
    0x080046a4   0x080046a4   0x00000010   Code   RO         5802    i.prvvUARTRxISR     portserial.o
    0x080046b4   0x080046b4   0x00000010   Code   RO         5803    i.prvvUARTTxReadyISR  portserial.o
    0x080046c4   0x080046c4   0x0000015c   Code   RO         3802    i.pvPortMalloc      heap_4.o
    0x08004820   0x08004820   0x00000020   Code   RO         4515    i.pvTaskIncrementMutexHeldCount  tasks.o
    0x08004840   0x08004840   0x0000002c   Code   RO         3878    i.pxPortInitialiseStack  port.o
    0x0800486c   0x0800486c   0x00000158   Code   RO         2716    i.rcu_clock_freq_get  gd32f30x_rcu.o
    0x080049c4   0x080049c4   0x00000020   Code   RO         2734    i.rcu_periph_clock_enable  gd32f30x_rcu.o
    0x080049e4   0x080049e4   0x00000020   Code   RO         2737    i.rcu_periph_reset_disable  gd32f30x_rcu.o
    0x08004a04   0x08004a04   0x00000020   Code   RO         2738    i.rcu_periph_reset_enable  gd32f30x_rcu.o
    0x08004a24   0x08004a24   0x00000034   Code   RO          523    i.read_autochange_work_state  modbus_app.o
    0x08004a58   0x08004a58   0x0000007c   Code   RO          524    i.read_bags_broken_belongs_to  modbus_app.o
    0x08004ad4   0x08004ad4   0x00000088   Code   RO          525    i.read_bags_broken_state  modbus_app.o
    0x08004b5c   0x08004b5c   0x00000034   Code   RO          526    i.read_channel_1_full_state  modbus_app.o
    0x08004b90   0x08004b90   0x00000034   Code   RO          527    i.read_channel_2_full_state  modbus_app.o
    0x08004bc4   0x08004bc4   0x00000034   Code   RO          528    i.read_channel_3_full_state  modbus_app.o
    0x08004bf8   0x08004bf8   0x00000034   Code   RO          529    i.read_channel_4_full_state  modbus_app.o
    0x08004c2c   0x08004c2c   0x00000034   Code   RO          530    i.read_channel_5_full_state  modbus_app.o
    0x08004c60   0x08004c60   0x00000034   Code   RO          531    i.read_channel_6_full_state  modbus_app.o
    0x08004c94   0x08004c94   0x00000036   Code   RO          532    i.read_door_close_state  modbus_app.o
    0x08004cca   0x08004cca   0x00000036   Code   RO          533    i.read_door_open_state  modbus_app.o
    0x08004d00   0x08004d00   0x00000010   Code   RO          534    i.read_full_state_h  modbus_app.o
    0x08004d10   0x08004d10   0x00000070   Code   RO          535    i.read_full_state_l  modbus_app.o
    0x08004d80   0x08004d80   0x00000030   Code   RO          536    i.read_weight_ch4_h  modbus_app.o
    0x08004db0   0x08004db0   0x00000058   Code   RO          537    i.read_weight_ch4_l  modbus_app.o
    0x08004e08   0x08004e08   0x00000030   Code   RO          538    i.read_weight_ch5_h  modbus_app.o
    0x08004e38   0x08004e38   0x00000058   Code   RO          539    i.read_weight_ch5_l  modbus_app.o
    0x08004e90   0x08004e90   0x00000030   Code   RO          540    i.read_weight_ch6_h  modbus_app.o
    0x08004ec0   0x08004ec0   0x00000058   Code   RO          541    i.read_weight_ch6_l  modbus_app.o
    0x08004f18   0x08004f18   0x0000004c   Code   RO         5499    i.rs485_dma_init    rs485.o
    0x08004f64   0x08004f64   0x0000004a   Code   RO         5500    i.rs485_gpio_init   rs485.o
    0x08004fae   0x08004fae   0x00000002   PAD
    0x08004fb0   0x08004fb0   0x00000030   Code   RO         5501    i.rs485_init        rs485.o
    0x08004fe0   0x08004fe0   0x0000004c   Code   RO         5502    i.rs485_write       rs485.o
    0x0800502c   0x0800502c   0x0000001e   Code   RO         5410    i.solenoid_valve_ctl  solenoid_valve.o
    0x0800504a   0x0800504a   0x00000002   PAD
    0x0800504c   0x0800504c   0x00000050   Code   RO         5411    i.solenoid_valve_init  solenoid_valve.o
    0x0800509c   0x0800509c   0x0000000e   Code   RO         5412    i.solenoid_valve_state  solenoid_valve.o
    0x080050aa   0x080050aa   0x00000004   Code   RO         5928    i.stderr_putchar    retarget_io.o
    0x080050ae   0x080050ae   0x00000002   PAD
    0x080050b0   0x080050b0   0x00000058   Code   RO         1164    i.stepper_alm_detect  app.o
    0x08005108   0x08005108   0x000000d8   Code   RO         5090    i.stepper_calculate_S  stepper.o
    0x080051e0   0x080051e0   0x0000004e   Code   RO         1165    i.stepper_find_zero  app.o
    0x0800522e   0x0800522e   0x00000042   Code   RO         5091    i.stepper_gpio_init  stepper.o
    0x08005270   0x08005270   0x00000038   Code   RO         5092    i.stepper_init      stepper.o
    0x080052a8   0x080052a8   0x00000040   Code   RO         1059    i.stepper_set       autochange.o
    0x080052e8   0x080052e8   0x0000009c   Code   RO         1060    i.stepper_set_frequency  autochange.o
    0x08005384   0x08005384   0x0000004c   Code   RO         5093    i.stepper_timer_init  stepper.o
    0x080053d0   0x080053d0   0x00000088   Code   RO         1061    i.stepper_work      autochange.o
    0x08005458   0x08005458   0x00000114   Code   RO         5989    i.system_clock_120m_hxtal  system_gd32f30x.o
    0x0800556c   0x0800556c   0x00000008   Code   RO         5990    i.system_clock_config  system_gd32f30x.o
    0x08005574   0x08005574   0x000001e0   Code   RO         1012    i.task_channel      channel.o
    0x08005754   0x08005754   0x0000004c   Code   RO         1013    i.task_channel_detect  channel.o
    0x080057a0   0x080057a0   0x0000007c   Code   RO          439    i.task_create       create_task.o
    0x0800581c   0x0800581c   0x0000000e   Code   RO          440    i.task_modbus       create_task.o
    0x0800582a   0x0800582a   0x00000054   Code   RO         1166    i.throw_full_detect  app.o
    0x0800587e   0x0800587e   0x00000002   PAD
    0x08005880   0x08005880   0x00000174   Code   RO         1167    i.throw_garbage     app.o
    0x080059f4   0x080059f4   0x00000004   Code   RO         3051    i.timer_autoreload_value_config  gd32f30x_timer.o
    0x080059f8   0x080059f8   0x00000004   Code   RO         3077    i.timer_counter_value_config  gd32f30x_timer.o
    0x080059fc   0x080059fc   0x000000dc   Code   RO         3078    i.timer_deinit      gd32f30x_timer.o
    0x08005ad8   0x08005ad8   0x0000000a   Code   RO         3079    i.timer_disable     gd32f30x_timer.o
    0x08005ae2   0x08005ae2   0x0000000a   Code   RO         3083    i.timer_enable      gd32f30x_timer.o
    0x08005aec   0x08005aec   0x00000098   Code   RO         3093    i.timer_init        gd32f30x_timer.o
    0x08005b84   0x08005b84   0x00000008   Code   RO         3099    i.timer_interrupt_disable  gd32f30x_timer.o
    0x08005b8c   0x08005b8c   0x00000008   Code   RO         3100    i.timer_interrupt_enable  gd32f30x_timer.o
    0x08005b94   0x08005b94   0x00000006   Code   RO         3101    i.timer_interrupt_flag_clear  gd32f30x_timer.o
    0x08005b9a   0x08005b9a   0x00000018   Code   RO         3102    i.timer_interrupt_flag_get  gd32f30x_timer.o
    0x08005bb2   0x08005bb2   0x00000016   Code   RO         3113    i.timer_struct_para_init  gd32f30x_timer.o
    0x08005bc8   0x08005bc8   0x00000028   Code   RO         5503    i.ttl_gpio_init     rs485.o
    0x08005bf0   0x08005bf0   0x0000004c   Code   RO         5504    i.ttl_init          rs485.o
    0x08005c3c   0x08005c3c   0x00000038   Code   RO         5642    i.usMBCRC16         mbcrc.o
    0x08005c74   0x08005c74   0x00000090   Code   RO         3488    i.usart_baudrate_set  gd32f30x_usart.o
    0x08005d04   0x08005d04   0x0000000a   Code   RO         3491    i.usart_data_receive  gd32f30x_usart.o
    0x08005d0e   0x08005d0e   0x00000008   Code   RO         3492    i.usart_data_transmit  gd32f30x_usart.o
    0x08005d16   0x08005d16   0x00000002   PAD
    0x08005d18   0x08005d18   0x00000090   Code   RO         3493    i.usart_deinit      gd32f30x_usart.o
    0x08005da8   0x08005da8   0x00000014   Code   RO         3495    i.usart_dma_receive_config  gd32f30x_usart.o
    0x08005dbc   0x08005dbc   0x0000000a   Code   RO         3497    i.usart_enable      gd32f30x_usart.o
    0x08005dc6   0x08005dc6   0x0000001e   Code   RO         3499    i.usart_flag_get    gd32f30x_usart.o
    0x08005de4   0x08005de4   0x00000014   Code   RO         3503    i.usart_hardware_flow_cts_config  gd32f30x_usart.o
    0x08005df8   0x08005df8   0x00000014   Code   RO         3504    i.usart_hardware_flow_rts_config  gd32f30x_usart.o
    0x08005e0c   0x08005e0c   0x0000001a   Code   RO         3505    i.usart_interrupt_disable  gd32f30x_usart.o
    0x08005e26   0x08005e26   0x0000001a   Code   RO         3506    i.usart_interrupt_enable  gd32f30x_usart.o
    0x08005e40   0x08005e40   0x00000012   Code   RO         3507    i.usart_interrupt_flag_clear  gd32f30x_usart.o
    0x08005e52   0x08005e52   0x00000038   Code   RO         3508    i.usart_interrupt_flag_get  gd32f30x_usart.o
    0x08005e8a   0x08005e8a   0x00000010   Code   RO         3519    i.usart_parity_config  gd32f30x_usart.o
    0x08005e9a   0x08005e9a   0x00000014   Code   RO         3521    i.usart_receive_config  gd32f30x_usart.o
    0x08005eae   0x08005eae   0x00000010   Code   RO         3531    i.usart_stop_bit_set  gd32f30x_usart.o
    0x08005ebe   0x08005ebe   0x00000014   Code   RO         3535    i.usart_transmit_config  gd32f30x_usart.o
    0x08005ed2   0x08005ed2   0x00000010   Code   RO         3536    i.usart_word_length_set  gd32f30x_usart.o
    0x08005ee2   0x08005ee2   0x00000028   Code   RO         4063    i.uxListRemove      list.o
    0x08005f0a   0x08005f0a   0x00000002   PAD
    0x08005f0c   0x08005f0c   0x0000000c   Code   RO         4518    i.uxTaskGetNumberOfTasks  tasks.o
    0x08005f18   0x08005f18   0x00000018   Code   RO          391    i.vApplicationGetIdleTaskMemory  freertos_ex.o
    0x08005f30   0x08005f30   0x00000018   Code   RO          392    i.vApplicationGetTimerTaskMemory  freertos_ex.o
    0x08005f48   0x08005f48   0x0000001a   Code   RO         4064    i.vListInitialise   list.o
    0x08005f62   0x08005f62   0x00000006   Code   RO         4065    i.vListInitialiseItem  list.o
    0x08005f68   0x08005f68   0x00000034   Code   RO         4066    i.vListInsert       list.o
    0x08005f9c   0x08005f9c   0x00000018   Code   RO         4067    i.vListInsertEnd    list.o
    0x08005fb4   0x08005fb4   0x00000070   Code   RO         5804    i.vMBPortSerialEnable  portserial.o
    0x08006024   0x08006024   0x00000028   Code   RO         5914    i.vMBPortTimersDisable  porttimer.o
    0x0800604c   0x0800604c   0x00000028   Code   RO         5908    i.vMBPortTimersEnable  porttimer.o
    0x08006074   0x08006074   0x00000094   Code   RO         3880    i.vPortEnterCritical  port.o
    0x08006108   0x08006108   0x0000007c   Code   RO         3881    i.vPortExitCritical  port.o
    0x08006184   0x08006184   0x000000bc   Code   RO         3803    i.vPortFree         heap_4.o
    0x08006240   0x08006240   0x00000018   Code   RO         3882    i.vPortSetupTimerInterrupt  port.o
    0x08006258   0x08006258   0x000000ac   Code   RO         3883    i.vPortValidateInterruptPriority  port.o
    0x08006304   0x08006304   0x00000090   Code   RO         4116    i.vQueueAddToRegistry  queue.o
    0x08006394   0x08006394   0x0000004a   Code   RO         4119    i.vQueueWaitForMessageRestricted  queue.o
    0x080063de   0x080063de   0x00000002   PAD
    0x080063e0   0x080063e0   0x00000088   Code   RO         4522    i.vTaskDelay        tasks.o
    0x08006468   0x08006468   0x00000018   Code   RO         4526    i.vTaskInternalSetTimeOutState  tasks.o
    0x08006480   0x08006480   0x0000000c   Code   RO         4527    i.vTaskMissedYield  tasks.o
    0x0800648c   0x0800648c   0x00000068   Code   RO         4528    i.vTaskPlaceOnEventList  tasks.o
    0x080064f4   0x080064f4   0x00000090   Code   RO         4529    i.vTaskPlaceOnEventListRestricted  tasks.o
    0x08006584   0x08006584   0x0000013c   Code   RO         4531    i.vTaskPriorityDisinheritAfterTimeout  tasks.o
    0x080066c0   0x080066c0   0x000000f0   Code   RO         4536    i.vTaskStartScheduler  tasks.o
    0x080067b0   0x080067b0   0x00000130   Code   RO         4537    i.vTaskSuspend      tasks.o
    0x080068e0   0x080068e0   0x00000010   Code   RO         4538    i.vTaskSuspendAll   tasks.o
    0x080068f0   0x080068f0   0x000000bc   Code   RO         4539    i.vTaskSwitchContext  tasks.o
    0x080069ac   0x080069ac   0x00000118   Code   RO          542    i.write_autochange_zero  modbus_app.o
    0x08006ac4   0x08006ac4   0x00000020   Code   RO          543    i.write_channel_select  modbus_app.o
    0x08006ae4   0x08006ae4   0x0000022c   Code   RO          544    i.write_channel_work  modbus_app.o
    0x08006d10   0x08006d10   0x00000118   Code   RO          545    i.write_full_detect  modbus_app.o
    0x08006e28   0x08006e28   0x00000054   Code   RO          546    i.write_man_led_ctl  modbus_app.o
    0x08006e7c   0x08006e7c   0x0000001e   Code   RO         5448    i.ws2812b_data_out  fulllight.o
    0x08006e9a   0x08006e9a   0x00000014   Code   RO         5449    i.ws2812b_reset     fulllight.o
    0x08006eae   0x08006eae   0x00000022   Code   RO         5450    i.ws2812b_send_one  fulllight.o
    0x08006ed0   0x08006ed0   0x00000022   Code   RO         5451    i.ws2812b_send_zero  fulllight.o
    0x08006ef2   0x08006ef2   0x00000002   PAD
    0x08006ef4   0x08006ef4   0x00000024   Code   RO         5770    i.xMBPortEventGet   portevent.o
    0x08006f18   0x08006f18   0x00000010   Code   RO         5771    i.xMBPortEventInit  portevent.o
    0x08006f28   0x08006f28   0x00000018   Code   RO         5772    i.xMBPortEventPost  portevent.o
    0x08006f40   0x08006f40   0x00000018   Code   RO         5805    i.xMBPortSerialGetByte  portserial.o
    0x08006f58   0x08006f58   0x00000020   Code   RO         5806    i.xMBPortSerialInit  portserial.o
    0x08006f78   0x08006f78   0x00000018   Code   RO         5807    i.xMBPortSerialPutByte  portserial.o
    0x08006f90   0x08006f90   0x00000048   Code   RO         5884    i.xMBPortTimersInit  porttimer.o
    0x08006fd8   0x08006fd8   0x000000dc   Code   RO         5661    i.xMBRTUReceiveFSM  mbrtu.o
    0x080070b4   0x080070b4   0x0000008c   Code   RO         5662    i.xMBRTUTimerT35Expired  mbrtu.o
    0x08007140   0x08007140   0x000000c4   Code   RO         5663    i.xMBRTUTransmitFSM  mbrtu.o
    0x08007204   0x08007204   0x00000188   Code   RO         3884    i.xPortStartScheduler  port.o
    0x0800738c   0x0800738c   0x00000034   Code   RO         3885    i.xPortSysTickHandler  port.o
    0x080073c0   0x080073c0   0x0000009c   Code   RO         4126    i.xQueueGenericCreate  queue.o
    0x0800745c   0x0800745c   0x000000b8   Code   RO         4127    i.xQueueGenericCreateStatic  queue.o
    0x08007514   0x08007514   0x00000100   Code   RO         4128    i.xQueueGenericReset  queue.o
    0x08007614   0x08007614   0x000001e8   Code   RO         4129    i.xQueueGenericSend  queue.o
    0x080077fc   0x080077fc   0x00000134   Code   RO         4131    i.xQueueGiveFromISR  queue.o
    0x08007930   0x08007930   0x00000184   Code   RO         4137    i.xQueueReceive     queue.o
    0x08007ab4   0x08007ab4   0x000001ac   Code   RO         4142    i.xQueueSemaphoreTake  queue.o
    0x08007c60   0x08007c60   0x000000b4   Code   RO         4541    i.xTaskCheckForTimeOut  tasks.o
    0x08007d14   0x08007d14   0x0000006c   Code   RO         4542    i.xTaskCreate       tasks.o
    0x08007d80   0x08007d80   0x000000dc   Code   RO         4543    i.xTaskCreateStatic  tasks.o
    0x08007e5c   0x08007e5c   0x000000f0   Code   RO         4544    i.xTaskDelayUntil   tasks.o
    0x08007f4c   0x08007f4c   0x000001e0   Code   RO         4545    i.xTaskGenericNotify  tasks.o
    0x0800812c   0x0800812c   0x00000234   Code   RO         4546    i.xTaskGenericNotifyFromISR  tasks.o
    0x08008360   0x08008360   0x000000fc   Code   RO         4548    i.xTaskGenericNotifyWait  tasks.o
    0x0800845c   0x0800845c   0x00000020   Code   RO         4550    i.xTaskGetSchedulerState  tasks.o
    0x0800847c   0x0800847c   0x0000000c   Code   RO         4551    i.xTaskGetTickCount  tasks.o
    0x08008488   0x08008488   0x000001ec   Code   RO         4553    i.xTaskIncrementTick  tasks.o
    0x08008674   0x08008674   0x00000114   Code   RO         4554    i.xTaskPriorityDisinherit  tasks.o
    0x08008788   0x08008788   0x000000ec   Code   RO         4555    i.xTaskPriorityInherit  tasks.o
    0x08008874   0x08008874   0x00000150   Code   RO         4556    i.xTaskRemoveFromEventList  tasks.o
    0x080089c4   0x080089c4   0x000001a4   Code   RO         4557    i.xTaskResumeAll    tasks.o
    0x08008b68   0x08008b68   0x00000120   Code   RO         4558    i.xTaskResumeFromISR  tasks.o
    0x08008c88   0x08008c88   0x000000a8   Code   RO         4872    i.xTimerCreateTimerTask  timers.o
    0x08008d30   0x08008d30   0x00000010   Data   RO          547    .constdata          modbus_app.o
    0x08008d40   0x08008d40   0x0000001c   Data   RO         5505    .constdata          rs485.o
    0x08008d5c   0x08008d5c   0x00000200   Data   RO         5643    .constdata          mbcrc.o
    0x08008f5c   0x08008f5c   0x00000004   PAD
    0x08008f60   0x08008f60   0x00000058   Data   RO         6030    .constdata          m_wm.l(exp.o)
    0x08008fb8   0x08008fb8   0x00000063   Data   RO         5665    .conststring        mbrtu.o
    0x0800901b   0x0800901b   0x00000001   PAD
    0x0800901c   0x0800901c   0x00000020   Data   RO         6396    Region$$Table       anon$$obj.o


    Execution Region RW_IRAM1 (Exec base: 0x20000000, Load base: 0x0800903c, Size: 0x0000dbd0, Max: 0x00010000, ABSOLUTE, COMPRESSED[0x00000260])

    Exec Addr    Load Addr    Size         Type   Attr      Idx    E Section Name        Object

    0x20000000   COMPRESSED   0x00000004   Data   RW          441    .data               create_task.o
    0x20000004   COMPRESSED   0x000001a0   Data   RW          548    .data               modbus_app.o
    0x200001a4   COMPRESSED   0x00000027   Data   RW          729    .data               74hc595.o
    0x200001cb   COMPRESSED   0x00000003   Data   RW          791    .data               bags_broken.o
    0x200001ce   COMPRESSED   0x00000002   PAD
    0x200001d0   COMPRESSED   0x00000438   Data   RW         1014    .data               channel.o
    0x20000608   COMPRESSED   0x00000030   Data   RW         1063    .data               autochange.o
    0x20000638   COMPRESSED   0x0000000f   Data   RW         1169    .data               app.o
    0x20000647   COMPRESSED   0x00000001   PAD
    0x20000648   COMPRESSED   0x0000001c   Data   RW         3809    .data               heap_4.o
    0x20000664   COMPRESSED   0x0000000c   Data   RW         3886    .data               port.o
    0x20000670   COMPRESSED   0x00000040   Data   RW         4560    .data               tasks.o
    0x200006b0   COMPRESSED   0x00000014   Data   RW         4882    .data               timers.o
    0x200006c4   COMPRESSED   0x00000008   Data   RW         5368    .data               modbus_slave.o
    0x200006cc   COMPRESSED   0x00000068   Data   RW         5506    .data               rs485.o
    0x20000734   COMPRESSED   0x000000b5   Data   RW         5579    .data               mb.o
    0x200007e9   COMPRESSED   0x00000003   PAD
    0x200007ec   COMPRESSED   0x0000000c   Data   RW         5666    .data               mbrtu.o
    0x200007f8   COMPRESSED   0x00000002   Data   RW         5773    .data               portevent.o
    0x200007fa   COMPRESSED   0x00000002   PAD
    0x200007fc   COMPRESSED   0x00000024   Data   RW         5808    .data               portserial.o
    0x20000820   COMPRESSED   0x00000004   Data   RW         6048    .data               mc_w.l(stderr.o)
    0x20000824   COMPRESSED   0x00000004   Data   RW         6363    .data               mc_w.l(stdout.o)
    0x20000828   COMPRESSED   0x00000004   Data   RW         6377    .data               mc_w.l(errno.o)
    0x2000082c        -       0x000004a8   Zero   RW          393    .bss                freertos_ex.o
    0x20000cd4        -       0x00000018   Zero   RW         1062    .bss                autochange.o
    0x20000cec        -       0x00000018   Zero   RW         1168    .bss                app.o
    0x20000d04        -       0x00009000   Zero   RW         3808    .bss                heap_4.o
    0x20009d04        -       0x00000050   Zero   RW         4144    .bss                queue.o
    0x20009d54        -       0x000002e4   Zero   RW         4559    .bss                tasks.o
    0x2000a038        -       0x00000114   Zero   RW         4881    .bss                timers.o
    0x2000a14c        -       0x00002580   Zero   RW         5094    .bss                stepper.o
    0x2000c6cc        -       0x00000100   Zero   RW         5664    .bss                mbrtu.o
    0x2000c7cc   COMPRESSED   0x00000004   PAD
    0x2000c7d0        -       0x00001400   Zero   RW         5978    STACK               startup_gd32f30x_hd.o


==============================================================================

Image component sizes


      Code (inc. data)   RO Data    RW Data    ZI Data      Debug   Object Name

      1738         34          0         39          0      10843   74hc595.o
      1658         60          0         15         24       8095   app.o
      2400        186          0         48         24       7936   autochange.o
       722         20          0          3          0      65910   bags_broken.o
       280         22          0          0          0       2188   cd4051.o
       916         52          0       1080          0       4496   channel.o
       138         26          0          4          0       3396   create_task.o
       128         18          0          0          0       1701   delay.o
        36          0          0          0          0       6740   door.o
         0          0          0          0          0      21592   event_groups.o
        48         18          0          0       1192      16321   freertos_ex.o
       270          0          0          0          0       4691   fulllight.o
       610          6          0          0          0       6262   gd32f30x_dma.o
       356          6          0          0          0       4153   gd32f30x_gpio.o
        20          0          0          0          0      55913   gd32f30x_it.o
       216         20          0          0          0       1660   gd32f30x_misc.o
       440         46          0          0          0       3424   gd32f30x_rcu.o
       468         40          0          0          0       8684   gd32f30x_timer.o
       620         16          0          0          0      13445   gd32f30x_usart.o
       752        196          0         28      36864      25323   heap_4.o
       148          0          0          0          0      22829   linear_actuator.o
       148          0          0          0          0       3834   list.o
       120         40          0          0          0      64855   main.o
       112         10          0          0          0       2336   mankey.o
       236          8          0          0          0       2437   manled.o
       576        126          0        181          0       7844   mb.o
        56          8        512          0          0       1492   mbcrc.o
       302          0          0          0          0       4385   mbfuncholding.o
      1016        322         99         12        256       7700   mbrtu.o
        34          0          0          0          0        664   mbutils.o
      2780        192         16        416          0      23462   modbus_app.o
        96         10          0          8          0       4244   modbus_slave.o
      1270        452          0         12          0      11725   port.o
        76         24          0          2          0       2592   portevent.o
       460         56          0         36          0       8624   portserial.o
       208         26          0          0          0       2981   porttimer.o
      3068        538          0          0         80      20849   queue.o
       196         52          0          0          0       4161   retarget_io.o
       726         56         28        104          0      12639   rs485.o
       124          8          0          0          0       4386   solenoid_valve.o
        36          8        304          0       5120        864   startup_gd32f30x_hd.o
       414         22          0          0       9600      12155   stepper.o
       408         32          0          0          0       2593   system_gd32f30x.o
         8          0          0          0          0        522   systick.o
      6812       1716          0         64        740      55882   tasks.o
      1142        234          0         20        276      14872   timers.o

    ----------------------------------------------------------------------
     32426       4710        996       2080      54180     573700   Object Totals
         0          0         32          0          0          0   (incl. Generated)
        38          4          5          8          4          0   (incl. Padding)

    ----------------------------------------------------------------------

      Code (inc. data)   RO Data    RW Data    ZI Data      Debug   Library Member Name

        84         16          0          0          0        372   dunder.o
       856        142         88          0          0        288   exp.o
        48          0          0          0          0        124   fpclassify.o
       248          0          0          0          0        152   poly.o
        86          0          0          0          0          0   __dczerorl2.o
         0          0          0          0          0          0   entry.o
         0          0          0          0          0          0   entry10a.o
         0          0          0          0          0          0   entry11a.o
         8          4          0          0          0          0   entry2.o
         4          0          0          0          0          0   entry5.o
         0          0          0          0          0          0   entry7b.o
         0          0          0          0          0          0   entry8b.o
         8          4          0          0          0          0   entry9a.o
        12          6          0          4          0         68   errno.o
        24          0          0          0          0         80   fputs.o
        30          0          0          0          0          0   handlers.o
        36          8          0          0          0         68   init.o
         0          0          0          0          0          0   iusefp.o
        30          0          0          0          0         68   llshl.o
        36          0          0          0          0         68   llsshr.o
        32          0          0          0          0         68   llushr.o
        36          0          0          0          0         68   memcpya.o
        36          0          0          0          0        108   memseta.o
       472         14          0          0          0        184   printf3.o
         0          0          0          4          0          0   stderr.o
         0          0          0          4          0          0   stdout.o
        44          0          0          0          0         80   uidiv.o
        48          0          0          0          0         68   cdcmple.o
        48          0          0          0          0         68   cdrcmple.o
       334          0          0          0          0        148   dadd.o
       222          0          0          0          0        100   ddiv.o
       186          0          0          0          0        176   depilogue.o
        62          0          0          0          0         80   dfixi.o
        50          0          0          0          0         76   dfixui.o
        34          0          0          0          0         76   dflti.o
        26          0          0          0          0         76   dfltui.o
       228          0          0          0          0         96   dmul.o
        38          0          0          0          0         68   f2d.o

    ----------------------------------------------------------------------
      3414        194         88         12          0       2828   Library Totals
         8          0          0          0          0          0   (incl. Padding)

    ----------------------------------------------------------------------

      Code (inc. data)   RO Data    RW Data    ZI Data      Debug   Library Name

      1236        158         88          0          0        936   m_wm.l
       894         36          0         12          0        860   mc_w.l
      1276          0          0          0          0       1032   mf_w.l

    ----------------------------------------------------------------------
      3414        194         88         12          0       2828   Library Totals

    ----------------------------------------------------------------------

==============================================================================


      Code (inc. data)   RO Data    RW Data    ZI Data      Debug   

     35840       4904       1084       2092      54180     547376   Grand Totals
     35840       4904       1084        608      54180     547376   ELF Image Totals (compressed)
     35840       4904       1084        608          0          0   ROM Totals

==============================================================================

    Total RO  Size (Code + RO Data)                36924 (  36.06kB)
    Total RW  Size (RW Data + ZI Data)             56272 (  54.95kB)
    Total ROM Size (Code + RO Data + RW Data)      37532 (  36.65kB)

==============================================================================

