Component: ARM Compiler 5.06 update 6 (build 750) Tool: armlink [4d35ed]

==============================================================================

Section Cross References

    main.o(i.main) refers to gd32f30x_misc.o(i.nvic_priority_group_set) for nvic_priority_group_set
    main.o(i.main) refers to delay.o(i.delay_init) for delay_init
    main.o(i.main) refers to garbage.o(i.garbage_init) for garbage_init
    main.o(i.main) refers to garbage.o(i.garbage_task) for garbage_task
    garbage.o(i.current_zero_init) refers to drv_adc.o(i.adc_get_value) for adc_get_value
    garbage.o(i.current_zero_init) refers to delay.o(i.delay_nms) for delay_nms
    garbage.o(i.current_zero_init) refers to dev_motor.o(.data) for motor
    garbage.o(i.garbage_det) refers to drv_key.o(i.key_init) for key_init
    garbage.o(i.garbage_det) refers to drv_human.o(i.human_init) for human_init
    garbage.o(i.garbage_det) refers to drv_ir.o(i.ir_init) for ir_init
    garbage.o(i.garbage_det) refers to dev_ws2812b.o(i.dev_ws2812b_gpio_init) for dev_ws2812b_gpio_init
    garbage.o(i.garbage_det) refers to drv_ir.o(i.ir_read) for ir_read
    garbage.o(i.garbage_det) refers to drv_human.o(i.human_read) for human_read
    garbage.o(i.garbage_det) refers to drv_key.o(i.key_read) for key_read
    garbage.o(i.garbage_det) refers to 74hc165.o(i._74hc165_read_data) for _74hc165_read_data
    garbage.o(i.garbage_det) refers to queue.o(i.xQueueSemaphoreTake) for xQueueSemaphoreTake
    garbage.o(i.garbage_det) refers to usart.o(i.ttl_send_data) for ttl_send_data
    garbage.o(i.garbage_det) refers to queue.o(i.xQueueGenericSend) for xQueueGenericSend
    garbage.o(i.garbage_det) refers to port.o(i.vPortEnterCritical) for vPortEnterCritical
    garbage.o(i.garbage_det) refers to drv_ws2812b.o(i.ws2812b_ctl) for ws2812b_ctl
    garbage.o(i.garbage_det) refers to port.o(i.vPortExitCritical) for vPortExitCritical
    garbage.o(i.garbage_det) refers to tasks.o(i.xTaskDelayUntil) for xTaskDelayUntil
    garbage.o(i.garbage_det) refers to garbage.o(.bss) for sw
    garbage.o(i.garbage_det) refers to dev_ws2812b.o(.data) for ws2812b
    garbage.o(i.garbage_det) refers to garbage.o(.data) for ir_buf
    garbage.o(i.garbage_init) refers to usart.o(i.ttl_init) for ttl_init
    garbage.o(i.garbage_init) refers to 74hc165.o(i._74hc165_gpio_init) for _74hc165_gpio_init
    garbage.o(i.garbage_init) refers to 74hc595.o(i._74hc595_init) for _74hc595_init
    garbage.o(i.garbage_init) refers to drv_motor.o(i.motor_init) for motor_init
    garbage.o(i.garbage_init) refers to drv_adc.o(i.adc_init_config) for adc_init_config
    garbage.o(i.garbage_init) refers to garbage.o(i.current_zero_init) for current_zero_init
    garbage.o(i.garbage_init) refers to queue.o(i.xQueueCreateMutex) for xQueueCreateMutex
    garbage.o(i.garbage_init) refers to modbus_app.o(i.ModbusAppInit) for ModbusAppInit
    garbage.o(i.garbage_init) refers to drv_sw.o(i.sw_init) for sw_init
    garbage.o(i.garbage_init) refers to garbage.o(.bss) for sw
    garbage.o(i.garbage_init) refers to drv_sw.o(i.sw_read) for sw_read
    garbage.o(i.garbage_init) refers to garbage.o(.data) for uart_ttl_mutex
    garbage.o(i.garbage_task) refers to tasks.o(i.xTaskCreate) for xTaskCreate
    garbage.o(i.garbage_task) refers to tasks.o(i.vTaskStartScheduler) for vTaskStartScheduler
    garbage.o(i.garbage_task) refers to garbage.o(.bss) for tasks_motor_current
    garbage.o(i.garbage_task) refers to dev_motor.o(.data) for motor
    garbage.o(i.garbage_task) refers to garbage.o(i.task_motor_current_detect) for task_motor_current_detect
    garbage.o(i.garbage_task) refers to garbage.o(i.task_dog_feed) for task_dog_feed
    garbage.o(i.garbage_task) refers to garbage.o(i.garbage_det) for garbage_det
    garbage.o(i.garbage_task) refers to garbage.o(i.user_led_task) for user_led_task
    garbage.o(i.garbage_task) refers to garbage.o(i.modbus_task) for modbus_task
    garbage.o(i.get_ir_state) refers to garbage.o(.data) for ir_buf
    garbage.o(i.modbus_task) refers to modbus_app.o(i.ModbusTask) for ModbusTask
    garbage.o(i.modbus_task) refers to tasks.o(i.vTaskDelay) for vTaskDelay
    garbage.o(i.motor_current_init) refers to drv_motor.o(i.motor_stop) for motor_stop
    garbage.o(i.motor_current_init) refers to tasks.o(i.vTaskDelay) for vTaskDelay
    garbage.o(i.motor_current_init) refers to drv_motor.o(i.motor_open) for motor_open
    garbage.o(i.motor_current_init) refers to drv_adc.o(i.adc_get_value) for adc_get_value
    garbage.o(i.motor_current_init) refers to drv_motor.o(i.motor_close) for motor_close
    garbage.o(i.motor_current_init) refers to dev_motor.o(.data) for motor
    garbage.o(i.task_dog_feed) refers to garbage.o(i.wwdgt_init) for wwdgt_init
    garbage.o(i.task_dog_feed) refers to tasks.o(i.xTaskGetTickCount) for xTaskGetTickCount
    garbage.o(i.task_dog_feed) refers to gd32f30x_fwdgt.o(i.fwdgt_write_enable) for fwdgt_write_enable
[...]
    UART4_IRQHandler                         0x0801030b   Thumb Code     0  startup_gd32f30x_xd.o(.text)
    USART1_IRQHandler                        0x0801030b   Thumb Code     0  startup_gd32f30x_xd.o(.text)
    USART2_IRQHandler                        0x0801030b   Thumb Code     0  startup_gd32f30x_xd.o(.text)
    USBD_HP_CAN0_TX_IRQHandler               0x0801030b   Thumb Code     0  startup_gd32f30x_xd.o(.text)
    USBD_LP_CAN0_RX0_IRQHandler              0x0801030b   Thumb Code     0  startup_gd32f30x_xd.o(.text)
    USBD_WKUP_IRQHandler                     0x0801030b   Thumb Code     0  startup_gd32f30x_xd.o(.text)
    WWDGT_IRQHandler                         0x0801030b   Thumb Code     0  startup_gd32f30x_xd.o(.text)
    __user_initial_stackheap                 0x0801030d   Thumb Code    10  startup_gd32f30x_xd.o(.text)
    __2printf                                0x08010331   Thumb Code    20  noretval__2printf.o(.text)
    __printf                                 0x08010349   Thumb Code   104  __printf.o(.text)
    _printf_str                              0x080103b1   Thumb Code    82  _printf_str.o(.text)
    _printf_int_dec                          0x08010405   Thumb Code   104  _printf_dec.o(.text)
    __aeabi_assert                           0x0801047d   Thumb Code    86  assert.o(.text)
    __assert                                 0x0801047d   Thumb Code     0  assert.o(.text)
    __aeabi_memcpy                           0x080104fd   Thumb Code     0  rt_memcpy_v6.o(.text)
    __rt_memcpy                              0x080104fd   Thumb Code   138  rt_memcpy_v6.o(.text)
    _memcpy_lastbytes                        0x08010563   Thumb Code     0  rt_memcpy_v6.o(.text)
    __aeabi_memclr4                          0x08010587   Thumb Code     0  rt_memclr_w.o(.text)
    __aeabi_memclr8                          0x08010587   Thumb Code     0  rt_memclr_w.o(.text)
    __rt_memclr_w                            0x08010587   Thumb Code    78  rt_memclr_w.o(.text)
    _memset_w                                0x0801058b   Thumb Code     0  rt_memclr_w.o(.text)
    strcmp                                   0x080105d5   Thumb Code   128  strcmpv7m.o(.text)
    __use_two_region_memory                  0x08010655   Thumb Code     2  heapauxi.o(.text)
    __rt_heap_escrow                         0x08010657   Thumb Code     2  heapauxi.o(.text)
    __rt_heap_expand                         0x08010659   Thumb Code     2  heapauxi.o(.text)
    _printf_int_common                       0x0801065b   Thumb Code   178  _printf_intcommon.o(.text)
    _printf_cs_common                        0x0801070d   Thumb Code    20  _printf_char.o(.text)
    _printf_char                             0x08010721   Thumb Code    16  _printf_char.o(.text)
    _printf_string                           0x08010731   Thumb Code     8  _printf_char.o(.text)
    _printf_char_file                        0x08010739   Thumb Code    32  _printf_char_file.o(.text)
    abort                                    0x0801075d   Thumb Code    22  abort.o(.text)
    __aeabi_memcpy4                          0x08010773   Thumb Code     0  rt_memcpy_w.o(.text)
    __aeabi_memcpy8                          0x08010773   Thumb Code     0  rt_memcpy_w.o(.text)
    __rt_memcpy_w                            0x08010773   Thumb Code   100  rt_memcpy_w.o(.text)
    _memcpy_lastbytes_aligned                0x080107bb   Thumb Code     0  rt_memcpy_w.o(.text)
    _ttywrch                                 0x080107d7   Thumb Code    14  sys_wrch.o(.text)
    _sys_exit                                0x080107e5   Thumb Code     8  sys_exit.o(.text)
    _printf_char_common                      0x080107fb   Thumb Code    32  _printf_char_common.o(.text)
    ferror                                   0x08010821   Thumb Code     8  ferror.o(.text)
    _initio                                  0x08010829   Thumb Code   210  initio.o(.text)
    _terminateio                             0x080108fb   Thumb Code    56  initio.o(.text)
    __rt_SIGABRT                             0x08010961   Thumb Code    14  defsig_abrt_outer.o(.text)
    __I$use$semihosting                      0x0801096f   Thumb Code     0  use_no_semi.o(.text)
    __use_no_semihosting_swi                 0x0801096f   Thumb Code     2  use_no_semi.o(.text)
    __semihosting_library_function           0x08010971   Thumb Code     0  indicate_semi.o(.text)
    __user_setup_stackheap                   0x08010971   Thumb Code    74  sys_stackheap_outer.o(.text)
    free                                     0x080109bb   Thumb Code    78  h1_free.o(.text)
    __flsbuf                                 0x08010a09   Thumb Code   470  flsbuf.o(.text)
    __flsbuf_byte                            0x08010a09   Thumb Code     0  flsbuf.o(.text)
    __flsbuf_wide                            0x08010a09   Thumb Code     0  flsbuf.o(.text)
    setvbuf                                  0x08010bdf   Thumb Code    70  setvbuf.o(.text)
    freopen                                  0x08010c25   Thumb Code   158  fopen.o(.text)
    fopen                                    0x08010cc3   Thumb Code    74  fopen.o(.text)
    _fclose_internal                         0x08010d11   Thumb Code    76  fclose.o(.text)
    fclose                                   0x08010d11   Thumb Code     0  fclose.o(.text)
    exit                                     0x08010d5d   Thumb Code    18  exit.o(.text)
    __sig_exit                               0x08010d6f   Thumb Code    10  defsig_exit.o(.text)
    __rt_SIGABRT_inner                       0x08010d79   Thumb Code    14  defsig_abrt_inner.o(.text)
    __rt_SIGRTRED                            0x08010da9   Thumb Code    14  defsig_rtred_outer.o(.text)
    __user_libspace                          0x08010db9   Thumb Code     8  libspace.o(.text)
    __user_perproc_libspace                  0x08010db9   Thumb Code     0  libspace.o(.text)
    __user_perthread_libspace                0x08010db9   Thumb Code     0  libspace.o(.text)
    __rt_heap_descriptor                     0x08010dc1   Thumb Code     8  rt_heap_descriptor_intlibspace.o(.text)
    __use_no_heap                            0x08010dc9   Thumb Code     2  hguard.o(.text)
    __heap$guard                             0x08010dcb   Thumb Code     2  hguard.o(.text)
    _terminate_user_alloc                    0x08010dcd   Thumb Code     2  init_alloc.o(.text)
    _init_user_alloc                         0x08010dcf   Thumb Code     2  init_alloc.o(.text)
    __Heap_Full                              0x08010dd1   Thumb Code    34  init_alloc.o(.text)
    __Heap_Broken                            0x08010df3   Thumb Code     6  init_alloc.o(.text)
    _init_alloc                              0x08010df9   Thumb Code    94  init_alloc.o(.text)
    malloc                                   0x08010e57   Thumb Code    94  h1_alloc.o(.text)
    _fseek                                   0x08010eb5   Thumb Code   242  fseek.o(.text)
    fseek                                    0x08010eb5   Thumb Code     0  fseek.o(.text)
    _seterr                                  0x08010fad   Thumb Code    20  stdio.o(.text)
    _writebuf                                0x08010fc1   Thumb Code    84  stdio.o(.text)
    _fflush                                  0x08011015   Thumb Code    70  stdio.o(.text)
    _deferredlazyseek                        0x0801105b   Thumb Code    60  stdio.o(.text)
    __default_signal_display                 0x0801109d   Thumb Code    50  defsig_general.o(.text)
    __rt_SIGRTRED_inner                      0x080110d1   Thumb Code    14  defsig_rtred_inner.o(.text)
    __assert_puts                            0x08011105   Thumb Code    18  assert_stdio.o(.text)
    __Heap_Initialize                        0x0801111d   Thumb Code    10  h1_init.o(.text)
    __Heap_DescSize                          0x08011127   Thumb Code     4  h1_init.o(.text)
    __Heap_ProvideMemory                     0x0801112b   Thumb Code    52  h1_extend.o(.text)
    _do_fflush                               0x08011161   Thumb Code    54  fflush.o(.text)
    fflush                                   0x08011197   Thumb Code    42  fflush.o(.text)
    fputs                                    0x080111c5   Thumb Code    34  fputs.o(.text)
    _ftell_internal                          0x080111e7   Thumb Code    66  ftell.o(.text)
    ftell                                    0x080111e7   Thumb Code     0  ftell.o(.text)
    __rt_SIGRTMEM                            0x08011229   Thumb Code    14  defsig_rtmem_outer.o(.text)
    __aeabi_errno_addr                       0x08011239   Thumb Code     8  rt_errno_addr_intlibspace.o(.text)
    __errno$intlibspace                      0x08011239   Thumb Code     0  rt_errno_addr_intlibspace.o(.text)
    __rt_errno_addr$intlibspace              0x08011239   Thumb Code     0  rt_errno_addr_intlibspace.o(.text)
    __rt_SIGRTMEM_inner                      0x08011241   Thumb Code    22  defsig_rtmem_inner.o(.text)
    BusFault_Handler                         0x08011291   Thumb Code     4  gd32f30x_it.o(i.BusFault_Handler)
    DebugMon_Handler                         0x08011295   Thumb Code     2  gd32f30x_it.o(i.DebugMon_Handler)
    HardFault_Handler                        0x080112c5   Thumb Code     4  gd32f30x_it.o(i.HardFault_Handler)
    MemManage_Handler                        0x080112c9   Thumb Code     4  gd32f30x_it.o(i.MemManage_Handler)
    ModbusAppInit                            0x080112cd   Thumb Code    18  modbus_app.o(i.ModbusAppInit)
    ModbusSlaveInit                          0x080112e5   Thumb Code    32  modbus_slave.o(i.ModbusSlaveInit)
    ModbusTask                               0x08011309   Thumb Code     8  modbus_app.o(i.ModbusTask)
    NMI_Handler                              0x08011311   Thumb Code     2  gd32f30x_it.o(i.NMI_Handler)
    SysTick_Handler                          0x08011381   Thumb Code     8  systick.o(i.SysTick_Handler)
    SystemInit                               0x08011389   Thumb Code   156  system_gd32f30x.o(i.SystemInit)
    TIMER3_IRQHandler                        0x08011431   Thumb Code    36  porttimer.o(i.TIMER3_IRQHandler)
    USART0_IRQHandler                        0x08011459   Thumb Code    56  portserial.o(i.USART0_IRQHandler)
    UsageFault_Handler                       0x080114ed   Thumb Code     4  gd32f30x_it.o(i.UsageFault_Handler)
    _74hc165_gpio_init                       0x0801157d   Thumb Code   100  74hc165.o(i._74hc165_gpio_init)
    _74hc165_read_data                       0x080115e5   Thumb Code    98  74hc165.o(i._74hc165_read_data)
    _74hc595_ctl                             0x0801164d   Thumb Code   286  74hc595.o(i._74hc595_ctl)
    _74hc595_init                            0x080117c5   Thumb Code    24  74hc595.o(i._74hc595_init)
    _sys_close                               0x08011861   Thumb Code    38  retarget_io.o(i._sys_close)
    _sys_flen                                0x08011887   Thumb Code    36  retarget_io.o(i._sys_flen)
    _sys_istty                               0x080118ab   Thumb Code    36  retarget_io.o(i._sys_istty)
    _sys_open                                0x080118d1   Thumb Code    80  retarget_io.o(i._sys_open)
    _sys_seek                                0x08011939   Thumb Code    44  retarget_io.o(i._sys_seek)
    _sys_write                               0x08011965   Thumb Code    70  retarget_io.o(i._sys_write)
    adc_calibration_enable                   0x080119ab   Thumb Code    42  gd32f30x_adc.o(i.adc_calibration_enable)
    adc_channel_length_config                0x080119d5   Thumb Code    70  gd32f30x_adc.o(i.adc_channel_length_config)
    adc_data_alignment_config                0x08011a1b   Thumb Code    22  gd32f30x_adc.o(i.adc_data_alignment_config)
    adc_deinit                               0x08011a31   Thumb Code    84  gd32f30x_adc.o(i.adc_deinit)
    adc_dma_mode_enable                      0x08011a89   Thumb Code    10  gd32f30x_adc.o(i.adc_dma_mode_enable)
    adc_enable                               0x08011a93   Thumb Code    18  gd32f30x_adc.o(i.adc_enable)
    adc_external_trigger_config              0x08011aa5   Thumb Code    62  gd32f30x_adc.o(i.adc_external_trigger_config)
    adc_external_trigger_source_config       0x08011ae3   Thumb Code    48  gd32f30x_adc.o(i.adc_external_trigger_source_config)
    adc_get_value                            0x08011b15   Thumb Code    10  drv_adc.o(i.adc_get_value)
    adc_init_config                          0x08011b25   Thumb Code   330  drv_adc.o(i.adc_init_config)
    adc_mode_config                          0x08011c7d   Thumb Code    22  gd32f30x_adc.o(i.adc_mode_config)
    adc_regular_channel_config               0x08011c99   Thumb Code   172  gd32f30x_adc.o(i.adc_regular_channel_config)
    adc_software_trigger_enable              0x08011d45   Thumb Code    30  gd32f30x_adc.o(i.adc_software_trigger_enable)
    adc_special_function_config              0x08011d63   Thumb Code    90  gd32f30x_adc.o(i.adc_special_function_config)
    current_zero_init                        0x08011dbd   Thumb Code    90  garbage.o(i.current_zero_init)
    delay_init                               0x08011e1d   Thumb Code    50  delay.o(i.delay_init)
    delay_nms                                0x08011e59   Thumb Code    24  delay.o(i.delay_nms)
    delay_nus                                0x08011e71   Thumb Code    36  delay.o(i.delay_nus)
    dev_adc_gpio_init                        0x08011e9d   Thumb Code   180  dev_adc.o(i.dev_adc_gpio_init)
    dev_human_gpio_init                      0x08011f5d   Thumb Code    64  dev_human.o(i.dev_human_gpio_init)
    dev_ir_gpio_init                         0x08011fa5   Thumb Code   112  dev_ir.o(i.dev_ir_gpio_init)
    dev_key_gpio_init                        0x08012021   Thumb Code    64  dev_key.o(i.dev_key_gpio_init)
    dev_ws2812b_gpio_init                    0x08012069   Thumb Code    32  dev_ws2812b.o(i.dev_ws2812b_gpio_init)
    dma_channel_enable                       0x08012089   Thumb Code    50  gd32f30x_dma.o(i.dma_channel_enable)
    dma_circulation_enable                   0x080120bb   Thumb Code    50  gd32f30x_dma.o(i.dma_circulation_enable)
    dma_deinit                               0x080120ed   Thumb Code   112  gd32f30x_dma.o(i.dma_deinit)
    dma_init                                 0x0801215d   Thumb Code   302  gd32f30x_dma.o(i.dma_init)
    eMBEnable                                0x080122a5   Thumb Code    32  mb.o(i.eMBEnable)
    eMBFuncReadHoldingRegister               0x080122cd   Thumb Code   134  mbfuncholding.o(i.eMBFuncReadHoldingRegister)
    eMBFuncWriteHoldingRegister              0x08012353   Thumb Code    62  mbfuncholding.o(i.eMBFuncWriteHoldingRegister)
    eMBFuncWriteMultipleHoldingRegister      0x08012391   Thumb Code   106  mbfuncholding.o(i.eMBFuncWriteMultipleHoldingRegister)
    eMBInit                                  0x080123fd   Thumb Code   150  mb.o(i.eMBInit)
    eMBPoll                                  0x080124dd   Thumb Code   268  mb.o(i.eMBPoll)
    eMBRTUInit                               0x08012615   Thumb Code    84  mbrtu.o(i.eMBRTUInit)
    eMBRTUReceive                            0x0801266d   Thumb Code    90  mbrtu.o(i.eMBRTUReceive)
    eMBRTUSend                               0x0801271d   Thumb Code   154  mbrtu.o(i.eMBRTUSend)
    eMBRTUStart                              0x080127cd   Thumb Code    30  mbrtu.o(i.eMBRTUStart)
    eMBRTUStop                               0x080127f1   Thumb Code    24  mbrtu.o(i.eMBRTUStop)
    eMBRegHoldingCB                          0x08012809   Thumb Code    54  modbus_slave.o(i.eMBRegHoldingCB)
    fputc                                    0x08012845   Thumb Code    26  fputc.o(i.fputc)
    fwdgt_config                             0x08012861   Thumb Code    94  gd32f30x_fwdgt.o(i.fwdgt_config)
    fwdgt_counter_reload                     0x080128c9   Thumb Code    10  gd32f30x_fwdgt.o(i.fwdgt_counter_reload)
    fwdgt_enable                             0x080128d9   Thumb Code    10  gd32f30x_fwdgt.o(i.fwdgt_enable)
    fwdgt_write_disable                      0x080128e9   Thumb Code     8  gd32f30x_fwdgt.o(i.fwdgt_write_disable)
    fwdgt_write_enable                       0x080128f5   Thumb Code    10  gd32f30x_fwdgt.o(i.fwdgt_write_enable)
    garbage_det                              0x08012905   Thumb Code  1080  garbage.o(i.garbage_det)
    garbage_init                             0x08012d3d   Thumb Code    56  garbage.o(i.garbage_init)
    garbage_task                             0x08012d85   Thumb Code   128  garbage.o(i.garbage_task)
    gpio_bit_reset                           0x08012e61   Thumb Code     4  gd32f30x_gpio.o(i.gpio_bit_reset)
    gpio_bit_set                             0x08012e65   Thumb Code     4  gd32f30x_gpio.o(i.gpio_bit_set)
    gpio_init                                0x08012e69   Thumb Code   188  gd32f30x_gpio.o(i.gpio_init)
    gpio_input_bit_get                       0x08012f25   Thumb Code    16  gd32f30x_gpio.o(i.gpio_input_bit_get)
    gpio_pin_remap_config                    0x08012f35   Thumb Code   138  gd32f30x_gpio.o(i.gpio_pin_remap_config)
    human_init                               0x08012fc5   Thumb Code     8  drv_human.o(i.human_init)
    human_read                               0x08012fcd   Thumb Code    38  drv_human.o(i.human_read)
    ir_init                                  0x08012ffd   Thumb Code     8  drv_ir.o(i.ir_init)
    ir_read                                  0x08013005   Thumb Code    54  drv_ir.o(i.ir_read)
    key_init                                 0x08013045   Thumb Code     8  drv_key.o(i.key_init)
    key_read                                 0x0801304d   Thumb Code    38  drv_key.o(i.key_read)
    main                                     0x0801307d   Thumb Code    32  main.o(i.main)
    modbus_task                              0x0801309d   Thumb Code    14  garbage.o(i.modbus_task)
    motor_close                              0x080130ab   Thumb Code    38  drv_motor.o(i.motor_close)
    motor_gpio_init                          0x080131c1   Thumb Code    80  dev_motor.o(i.motor_gpio_init)
    motor_init                               0x08013215   Thumb Code    24  drv_motor.o(i.motor_init)
    motor_open                               0x08013231   Thumb Code    38  drv_motor.o(i.motor_open)
    motor_stop                               0x08013257   Thumb Code    32  drv_motor.o(i.motor_stop)
    nvic_irq_enable                          0x08013279   Thumb Code   186  gd32f30x_misc.o(i.nvic_irq_enable)
    nvic_priority_group_set                  0x0801333d   Thumb Code    10  gd32f30x_misc.o(i.nvic_priority_group_set)
    prveMBError2Exception                    0x08013e8b   Thumb Code    34  mbutils.o(i.prveMBError2Exception)
    pvPortMalloc                             0x08013edd   Thumb Code   258  heap_4.o(i.pvPortMalloc)
    pvTaskIncrementMutexHeldCount            0x08014039   Thumb Code    26  tasks.o(i.pvTaskIncrementMutexHeldCount)
    pxPortInitialiseStack                    0x08014059   Thumb Code    38  port.o(i.pxPortInitialiseStack)
    rcu_adc_clock_config                     0x08014085   Thumb Code    98  gd32f30x_rcu.o(i.rcu_adc_clock_config)
    rcu_clock_freq_get                       0x080140f1   Thumb Code   310  gd32f30x_rcu.o(i.rcu_clock_freq_get)
    rcu_flag_get                             0x08014249   Thumb Code    30  gd32f30x_rcu.o(i.rcu_flag_get)
    rcu_osci_on                              0x0801426d   Thumb Code    28  gd32f30x_rcu.o(i.rcu_osci_on)
    rcu_osci_stab_wait                       0x0801428d   Thumb Code   268  gd32f30x_rcu.o(i.rcu_osci_stab_wait)
    rcu_periph_clock_enable                  0x0801439d   Thumb Code    28  gd32f30x_rcu.o(i.rcu_periph_clock_enable)
    rcu_periph_reset_disable                 0x080143bd   Thumb Code    28  gd32f30x_rcu.o(i.rcu_periph_reset_disable)
    rcu_periph_reset_enable                  0x080143dd   Thumb Code    28  gd32f30x_rcu.o(i.rcu_periph_reset_enable)
    read_channel_init                        0x080143fd   Thumb Code    38  modbus_app.o(i.read_channel_init)
    read_error_state                         0x08014429   Thumb Code    38  modbus_app.o(i.read_error_state)
    read_full_state                          0x08014455   Thumb Code    38  modbus_app.o(i.read_full_state)
    read_open_door_state                     0x08014481   Thumb Code    74  modbus_app.o(i.read_open_door_state)
    sw_gpio_init                             0x080144d5   Thumb Code    60  dev_sw.o(i.sw_gpio_init)
    sw_init                                  0x08014515   Thumb Code     8  drv_sw.o(i.sw_init)
    sw_read                                  0x0801451d   Thumb Code    36  drv_sw.o(i.sw_read)
    task_dog_feed                            0x08014661   Thumb Code    42  garbage.o(i.task_dog_feed)
    task_motor_current_detect                0x0801468d   Thumb Code   308  garbage.o(i.task_motor_current_detect)
    timer_counter_value_config               0x080147cd   Thumb Code     4  gd32f30x_timer.o(i.timer_counter_value_config)
    timer_deinit                             0x080147d1   Thumb Code   374  gd32f30x_timer.o(i.timer_deinit)
    timer_disable                            0x08014955   Thumb Code    10  gd32f30x_timer.o(i.timer_disable)
    timer_enable                             0x0801495f   Thumb Code    10  gd32f30x_timer.o(i.timer_enable)
    timer_init                               0x08014969   Thumb Code   122  gd32f30x_timer.o(i.timer_init)
    timer_interrupt_disable                  0x08014a01   Thumb Code     8  gd32f30x_timer.o(i.timer_interrupt_disable)
    timer_interrupt_enable                   0x08014a09   Thumb Code     8  gd32f30x_timer.o(i.timer_interrupt_enable)
    timer_interrupt_flag_clear               0x08014a11   Thumb Code     6  gd32f30x_timer.o(i.timer_interrupt_flag_clear)
    timer_interrupt_flag_get                 0x08014a17   Thumb Code    24  gd32f30x_timer.o(i.timer_interrupt_flag_get)
    timer_struct_para_init                   0x08014a2f   Thumb Code    22  gd32f30x_timer.o(i.timer_struct_para_init)
    ttl_init                                 0x08014a85   Thumb Code    70  usart.o(i.ttl_init)
    ttl_send_data                            0x08014ad1   Thumb Code    46  usart.o(i.ttl_send_data)
    usMBCRC16                                0x08014b05   Thumb Code    48  mbcrc.o(i.usMBCRC16)
    usart_baudrate_set                       0x08014b3d   Thumb Code   136  gd32f30x_usart.o(i.usart_baudrate_set)
    usart_data_receive                       0x08014bcd   Thumb Code    10  gd32f30x_usart.o(i.usart_data_receive)
    usart_data_transmit                      0x08014bd7   Thumb Code     8  gd32f30x_usart.o(i.usart_data_transmit)
    usart_deinit                             0x08014be1   Thumb Code   136  gd32f30x_usart.o(i.usart_deinit)
    usart_enable                             0x08014c71   Thumb Code    10  gd32f30x_usart.o(i.usart_enable)
    usart_flag_get                           0x08014c7b   Thumb Code    30  gd32f30x_usart.o(i.usart_flag_get)
    usart_interrupt_disable                  0x08014c99   Thumb Code    26  gd32f30x_usart.o(i.usart_interrupt_disable)
    usart_interrupt_enable                   0x08014cb3   Thumb Code    26  gd32f30x_usart.o(i.usart_interrupt_enable)
    usart_interrupt_flag_clear               0x08014ccd   Thumb Code    18  gd32f30x_usart.o(i.usart_interrupt_flag_clear)
    usart_interrupt_flag_get                 0x08014cdf   Thumb Code    56  gd32f30x_usart.o(i.usart_interrupt_flag_get)
    usart_parity_config                      0x08014d17   Thumb Code    16  gd32f30x_usart.o(i.usart_parity_config)
    usart_receive_config                     0x08014d27   Thumb Code    20  gd32f30x_usart.o(i.usart_receive_config)
    usart_stop_bit_set                       0x08014d3b   Thumb Code    16  gd32f30x_usart.o(i.usart_stop_bit_set)
    usart_transmit_config                    0x08014d4b   Thumb Code    20  gd32f30x_usart.o(i.usart_transmit_config)
    usart_word_length_set                    0x08014d5f   Thumb Code    16  gd32f30x_usart.o(i.usart_word_length_set)
    user_led_gpio_init                       0x08014d71   Thumb Code    32  dev_user_led.o(i.user_led_gpio_init)
    user_led_init                            0x08014d95   Thumb Code     8  drv_user_led.o(i.user_led_init)
    user_led_task                            0x08014d9d   Thumb Code    48  garbage.o(i.user_led_task)
    user_led_write                           0x08014dd9   Thumb Code    38  drv_user_led.o(i.user_led_write)
    uxListRemove                             0x08014e05   Thumb Code    40  list.o(i.uxListRemove)
    uxTaskGetNumberOfTasks                   0x08014e2d   Thumb Code     6  tasks.o(i.uxTaskGetNumberOfTasks)
    vListInitialise                          0x08014e39   Thumb Code    26  list.o(i.vListInitialise)
    vListInitialiseItem                      0x08014e53   Thumb Code     6  list.o(i.vListInitialiseItem)
    vListInsert                              0x08014e59   Thumb Code    52  list.o(i.vListInsert)
    vMBPortSerialEnable                      0x08014e8d   Thumb Code   116  portserial.o(i.vMBPortSerialEnable)
    vMBPortTimersDisable                     0x08014f05   Thumb Code    34  porttimer.o(i.vMBPortTimersDisable)
    vMBPortTimersEnable                      0x08014f2d   Thumb Code    34  porttimer.o(i.vMBPortTimersEnable)
    vPortEnterCritical                       0x08014f55   Thumb Code    68  port.o(i.vPortEnterCritical)
    vPortExitCritical                        0x08014fe9   Thumb Code    48  port.o(i.vPortExitCritical)
    vPortFree                                0x08015065   Thumb Code   112  heap_4.o(i.vPortFree)
    vPortSetupTimerInterrupt                 0x08015121   Thumb Code    20  port.o(i.vPortSetupTimerInterrupt)
    vQueueAddToRegistry                      0x08015139   Thumb Code    84  queue.o(i.vQueueAddToRegistry)
    vQueueWaitForMessageRestricted           0x080151c9   Thumb Code    74  queue.o(i.vQueueWaitForMessageRestricted)
    vTaskDelay                               0x08015215   Thumb Code    72  tasks.o(i.vTaskDelay)
    vTaskInternalSetTimeOutState             0x0801529d   Thumb Code    14  tasks.o(i.vTaskInternalSetTimeOutState)
    vTaskMissedYield                         0x080152b5   Thumb Code     8  tasks.o(i.vTaskMissedYield)
    vTaskPlaceOnEventList                    0x080152c1   Thumb Code    42  tasks.o(i.vTaskPlaceOnEventList)
    vTaskPlaceOnEventListRestricted          0x08015329   Thumb Code    84  tasks.o(i.vTaskPlaceOnEventListRestricted)
    vTaskPriorityDisinheritAfterTimeout      0x080153b9   Thumb Code   248  tasks.o(i.vTaskPriorityDisinheritAfterTimeout)
    vTaskStartScheduler                      0x080154f5   Thumb Code   112  tasks.o(i.vTaskStartScheduler)
    vTaskSuspendAll                          0x080155bd   Thumb Code    12  tasks.o(i.vTaskSuspendAll)
    vTaskSwitchContext                       0x080155cd   Thumb Code   110  tasks.o(i.vTaskSwitchContext)
    write_channel_init                       0x080157f9   Thumb Code    34  modbus_app.o(i.write_channel_init)
    write_channel_select                     0x08015825   Thumb Code     8  modbus_app.o(i.write_channel_select)
    write_channel_work                       0x08015831   Thumb Code   176  modbus_app.o(i.write_channel_work)
    write_led_b                              0x080158ed   Thumb Code    36  modbus_app.o(i.write_led_b)
    write_led_g                              0x08015919   Thumb Code    28  modbus_app.o(i.write_led_g)
    write_led_r                              0x0801593d   Thumb Code    26  modbus_app.o(i.write_led_r)
    write_restart                            0x08015961   Thumb Code    42  modbus_app.o(i.write_restart)
    ws2812b_ctl                              0x08015995   Thumb Code    96  drv_ws2812b.o(i.ws2812b_ctl)
    wwdgt_init                               0x08015a5b   Thumb Code    48  garbage.o(i.wwdgt_init)
    xMBPortEventGet                          0x08015a8d   Thumb Code    26  portevent.o(i.xMBPortEventGet)
    xMBPortEventInit                         0x08015ab1   Thumb Code    10  portevent.o(i.xMBPortEventInit)
    xMBPortEventPost                         0x08015ac1   Thumb Code    16  portevent.o(i.xMBPortEventPost)
    xMBPortSerialGetByte                     0x08015ad9   Thumb Code    18  portserial.o(i.xMBPortSerialGetByte)
    xMBPortSerialInit                        0x08015af1   Thumb Code    40  portserial.o(i.xMBPortSerialInit)
    xMBPortSerialPutByte                     0x08015b19   Thumb Code    18  portserial.o(i.xMBPortSerialPutByte)
    xMBPortTimersInit                        0x08015b31   Thumb Code    68  porttimer.o(i.xMBPortTimersInit)
    xMBRTUReceiveFSM                         0x08015b79   Thumb Code   140  mbrtu.o(i.xMBRTUReceiveFSM)
    xMBRTUTimerT35Expired                    0x08015c55   Thumb Code    96  mbrtu.o(i.xMBRTUTimerT35Expired)
    xMBRTUTransmitFSM                        0x08015ce1   Thumb Code   116  mbrtu.o(i.xMBRTUTransmitFSM)
    xPortStartScheduler                      0x08015da5   Thumb Code   290  port.o(i.xPortStartScheduler)
    xPortSysTickHandler                      0x08015f2d   Thumb Code    46  port.o(i.xPortSysTickHandler)
    xQueueCreateMutex                        0x08015f61   Thumb Code    34  queue.o(i.xQueueCreateMutex)
    xQueueGenericCreate                      0x08015f85   Thumb Code    92  queue.o(i.xQueueGenericCreate)
    xQueueGenericReset                       0x08016019   Thumb Code   194  queue.o(i.xQueueGenericReset)
    xQueueGenericSend                        0x08016119   Thumb Code   426  queue.o(i.xQueueGenericSend)
    xQueueReceive                            0x08016301   Thumb Code   326  queue.o(i.xQueueReceive)
    xQueueSemaphoreTake                      0x08016485   Thumb Code   368  queue.o(i.xQueueSemaphoreTake)
    xTaskCheckForTimeOut                     0x08016631   Thumb Code   116  tasks.o(i.xTaskCheckForTimeOut)
    xTaskCreate                              0x080166e5   Thumb Code   104  tasks.o(i.xTaskCreate)
    xTaskDelayUntil                          0x0801674d   Thumb Code   172  tasks.o(i.xTaskDelayUntil)
    xTaskGenericNotify                       0x0801683d   Thumb Code   402  tasks.o(i.xTaskGenericNotify)
    xTaskGenericNotifyWait                   0x08016a1d   Thumb Code   186  tasks.o(i.xTaskGenericNotifyWait)
    xTaskGetSchedulerState                   0x08016b19   Thumb Code    24  tasks.o(i.xTaskGetSchedulerState)
    xTaskGetTickCount                        0x08016b39   Thumb Code     6  tasks.o(i.xTaskGetTickCount)
    xTaskIncrementTick                       0x08016b45   Thumb Code   390  tasks.o(i.xTaskIncrementTick)
    xTaskPriorityDisinherit                  0x08016d31   Thumb Code   206  tasks.o(i.xTaskPriorityDisinherit)
    xTaskPriorityInherit                     0x08016e45   Thumb Code   224  tasks.o(i.xTaskPriorityInherit)
    xTaskRemoveFromEventList                 0x08016f31   Thumb Code   254  tasks.o(i.xTaskRemoveFromEventList)
    xTaskResumeAll                           0x08017081   Thumb Code   328  tasks.o(i.xTaskResumeAll)
    xTimerCreateTimerTask                    0x08017225   Thumb Code    56  timers.o(i.xTimerCreateTimerTask)
    __fpl_dcmp_Inf                           0x080172a9   Thumb Code    24  dcmpi.o(x$fpl$dcmpinf)
    __aeabi_i2d                              0x080172c1   Thumb Code     0  dflt_clz.o(x$fpl$dflt)
    _dflt                                    0x080172c1   Thumb Code    46  dflt_clz.o(x$fpl$dflt)
    __aeabi_ui2d                             0x080172ef   Thumb Code     0  dflt_clz.o(x$fpl$dfltu)
    _dfltu                                   0x080172ef   Thumb Code    38  dflt_clz.o(x$fpl$dfltu)
    __aeabi_cdcmple                          0x08017315   Thumb Code     0  dleqf.o(x$fpl$dleqf)
    _dcmple                                  0x08017315   Thumb Code   120  dleqf.o(x$fpl$dleqf)
    __fpl_dcmple_InfNaN                      0x08017377   Thumb Code     0  dleqf.o(x$fpl$dleqf)
    __aeabi_dmul                             0x0801738d   Thumb Code     0  dmul.o(x$fpl$dmul)
    _dmul                                    0x0801738d   Thumb Code   332  dmul.o(x$fpl$dmul)
    __fpl_dnaninf                            0x080174e1   Thumb Code   156  dnaninf.o(x$fpl$dnaninf)
    __fpl_dretinf                            0x0801757d   Thumb Code    12  dretinf.o(x$fpl$dretinf)
    __aeabi_cdrcmple                         0x08017589   Thumb Code     0  drleqf.o(x$fpl$drleqf)
    _drcmple                                 0x08017589   Thumb Code   108  drleqf.o(x$fpl$drleqf)
    _fp_init                                 0x080175f5   Thumb Code    10  fpinit.o(x$fpl$fpinit)
    __fplib_config_fpu_vfp                   0x080175fd   Thumb Code     0  fpinit.o(x$fpl$fpinit)
    __fplib_config_pureend_doubles           0x080175fd   Thumb Code     0  fpinit.o(x$fpl$fpinit)
    __I$use$fp                               0x080175fe   Number         0  usenofp.o(x$fpl$usenofp)
    __stdin_name                             0x08017810   Data           7  retarget_io.o(.constdata)
    __stdout_name                            0x08017817   Data           8  retarget_io.o(.constdata)
    __stderr_name                            0x0801781f   Data           8  retarget_io.o(.constdata)
    Region$$Table$$Base                      0x0801788c   Number         0  anon$$obj.o(Region$$Table)
    Region$$Table$$Limit                     0x080178ac   Number         0  anon$$obj.o(Region$$Table)
    color                                    0x20000000   Data          18  garbage.o(.data)
    uart_ttl_mutex                           0x20000014   Data           4  garbage.o(.data)
    ir_buf                                   0x20000018   Data           6  garbage.o(.data)
    pxMBFrameCBByteReceived                  0x20000110   Data           4  mb.o(.data)
    pxMBFrameCBTransmitterEmpty              0x20000114   Data           4  mb.o(.data)
    pxMBPortCBTimerExpired                   0x20000118   Data           4  mb.o(.data)
    pxMBFrameCBReceiveFSMCur                 0x2000011c   Data           4  mb.o(.data)
    pxMBFrameCBTransmitFSMCur                0x20000120   Data           4  mb.o(.data)
    pxCurrentTCB                             0x20000208   Data           4  tasks.o(.data)
    uxTopUsedPriority                        0x20000240   Data           4  tasks.o(.data)
    ws2812b                                  0x2000025c   Data          72  dev_ws2812b.o(.data)
    motor                                    0x200002a4   Data         192  dev_motor.o(.data)
    __aeabi_stdin                            0x20000364   Data           4  stdio_streams.o(.data)
    __aeabi_stdout                           0x20000368   Data           4  stdio_streams.o(.data)
    __aeabi_stderr                           0x2000036c   Data           4  stdio_streams.o(.data)
    user_led                                 0x20000370   Data          12  garbage.o(.bss)
    sw                                       0x2000037c   Data          12  garbage.o(.bss)
    tasks_motor_current                      0x20000388   Data          24  garbage.o(.bss)
    ucRTUBuf                                 0x200003a0   Data         256  mbrtu.o(.bss)
    xQueueRegistry                           0x20007ca0   Data         160  queue.o(.bss)
    __stdin                                  0x20008058   Data          84  stdio_streams.o(.bss)
    __stdout                                 0x200080ac   Data          84  stdio_streams.o(.bss)
    __stderr                                 0x20008100   Data          84  stdio_streams.o(.bss)
    __libspace_start                         0x20008154   Data          96  libspace.o(.bss)
    __temporary_stack_top$libspace           0x200081b4   Data           0  libspace.o(.bss)



==============================================================================

Memory Map of the image

  Image Entry point : 0x08010131

  Load Region LR_IROM1 (Base: 0x08010000, Size: 0x00007c1c, Max: 0x00030000, ABSOLUTE, COMPRESSED[0x000079b8])

    Execution Region ER_IROM1 (Exec base: 0x08010000, Load base: 0x08010000, Size: 0x000078ac, Max: 0x00030000, ABSOLUTE)

    Exec Addr    Load Addr    Size         Type   Attr      Idx    E Section Name        Object

    0x08010000   0x08010000   0x00000130   Data   RO         4959    RESET               startup_gd32f30x_xd.o
    0x08010130   0x08010130   0x00000008   Code   RO         5490  * !!!main             c_w.l(__main.o)
    0x08010138   0x08010138   0x00000034   Code   RO         5861    !!!scatter          c_w.l(__scatter.o)
    0x0801016c   0x0801016c   0x0000005a   Code   RO         5859    !!dczerorl2         c_w.l(__dczerorl2.o)
    0x080101c6   0x080101c6   0x00000002   PAD
    0x080101c8   0x080101c8   0x0000001c   Code   RO         5863    !!handler_zi        c_w.l(__scatter_zi.o)
    0x080101e4   0x080101e4   0x00000000   Code   RO         5475    .ARM.Collect$$_printf_percent$$00000000  c_w.l(_printf_percent.o)
    0x080101e4   0x080101e4   0x00000006   Code   RO         5474    .ARM.Collect$$_printf_percent$$00000009  c_w.l(_printf_d.o)
    0x080101ea   0x080101ea   0x00000006   Code   RO         5473    .ARM.Collect$$_printf_percent$$00000014  c_w.l(_printf_s.o)
    0x080101f0   0x080101f0   0x00000004   Code   RO         5509    .ARM.Collect$$_printf_percent$$00000017  c_w.l(_printf_percent_end.o)
    0x080101f4   0x080101f4   0x00000002   Code   RO         5665    .ARM.Collect$$libinit$$00000000  c_w.l(libinit.o)
    0x080101f6   0x080101f6   0x00000004   Code   RO         5666    .ARM.Collect$$libinit$$00000001  c_w.l(libinit2.o)
    0x080101fa   0x080101fa   0x00000000   Code   RO         5669    .ARM.Collect$$libinit$$00000004  c_w.l(libinit2.o)
    0x080101fa   0x080101fa   0x00000008   Code   RO         5670    .ARM.Collect$$libinit$$00000005  c_w.l(libinit2.o)
    0x08010202   0x08010202   0x00000000   Code   RO         5672    .ARM.Collect$$libinit$$0000000A  c_w.l(libinit2.o)
    0x08010202   0x08010202   0x00000000   Code   RO         5674    .ARM.Collect$$libinit$$0000000C  c_w.l(libinit2.o)
    0x08010202   0x08010202   0x00000000   Code   RO         5676    .ARM.Collect$$libinit$$0000000E  c_w.l(libinit2.o)
    0x08010202   0x08010202   0x00000000   Code   RO         5679    .ARM.Collect$$libinit$$00000011  c_w.l(libinit2.o)
    0x08010202   0x08010202   0x00000000   Code   RO         5681    .ARM.Collect$$libinit$$00000013  c_w.l(libinit2.o)
    0x08010202   0x08010202   0x00000000   Code   RO         5683    .ARM.Collect$$libinit$$00000015  c_w.l(libinit2.o)
    0x08010202   0x08010202   0x00000000   Code   RO         5685    .ARM.Collect$$libinit$$00000017  c_w.l(libinit2.o)
    0x08010202   0x08010202   0x00000000   Code   RO         5687    .ARM.Collect$$libinit$$00000019  c_w.l(libinit2.o)
    0x08010202   0x08010202   0x00000000   Code   RO         5689    .ARM.Collect$$libinit$$0000001B  c_w.l(libinit2.o)
    0x08010202   0x08010202   0x00000000   Code   RO         5691    .ARM.Collect$$libinit$$0000001D  c_w.l(libinit2.o)
    0x08010202   0x08010202   0x00000000   Code   RO         5693    .ARM.Collect$$libinit$$0000001F  c_w.l(libinit2.o)
    0x08010202   0x08010202   0x00000000   Code   RO         5695    .ARM.Collect$$libinit$$00000021  c_w.l(libinit2.o)
    0x08010202   0x08010202   0x00000000   Code   RO         5697    .ARM.Collect$$libinit$$00000023  c_w.l(libinit2.o)
    0x08010202   0x08010202   0x00000004   Code   RO         5698    .ARM.Collect$$libinit$$00000024  c_w.l(libinit2.o)
    0x08010206   0x08010206   0x00000000   Code   RO         5699    .ARM.Collect$$libinit$$00000025  c_w.l(libinit2.o)
    0x08010206   0x08010206   0x00000000   Code   RO         5703    .ARM.Collect$$libinit$$0000002C  c_w.l(libinit2.o)
    0x08010206   0x08010206   0x00000000   Code   RO         5705    .ARM.Collect$$libinit$$0000002E  c_w.l(libinit2.o)
    0x08010206   0x08010206   0x00000000   Code   RO         5707    .ARM.Collect$$libinit$$00000030  c_w.l(libinit2.o)
    0x08010206   0x08010206   0x00000000   Code   RO         5709    .ARM.Collect$$libinit$$00000032  c_w.l(libinit2.o)
    0x08010206   0x08010206   0x00000002   Code   RO         5710    .ARM.Collect$$libinit$$00000033  c_w.l(libinit2.o)
    0x08010208   0x08010208   0x00000002   Code   RO         5852    .ARM.Collect$$libshutdown$$00000000  c_w.l(libshutdown.o)
    0x0801020a   0x0801020a   0x00000000   Code   RO         5712    .ARM.Collect$$libshutdown$$00000002  c_w.l(libshutdown2.o)
    0x0801020a   0x0801020a   0x00000004   Code   RO         5713    .ARM.Collect$$libshutdown$$00000003  c_w.l(libshutdown2.o)
    0x0801020e   0x0801020e   0x00000000   Code   RO         5714    .ARM.Collect$$libshutdown$$00000004  c_w.l(libshutdown2.o)
    0x0801020e   0x0801020e   0x00000000   Code   RO         5717    .ARM.Collect$$libshutdown$$00000007  c_w.l(libshutdown2.o)
    0x0801020e   0x0801020e   0x00000000   Code   RO         5720    .ARM.Collect$$libshutdown$$0000000A  c_w.l(libshutdown2.o)
    0x0801020e   0x0801020e   0x00000000   Code   RO         5722    .ARM.Collect$$libshutdown$$0000000C  c_w.l(libshutdown2.o)
    0x0801020e   0x0801020e   0x00000000   Code   RO         5725    .ARM.Collect$$libshutdown$$0000000F  c_w.l(libshutdown2.o)
    0x0801020e   0x0801020e   0x00000002   Code   RO         5726    .ARM.Collect$$libshutdown$$00000010  c_w.l(libshutdown2.o)
    0x08010210   0x08010210   0x00000000   Code   RO         5502    .ARM.Collect$$rtentry$$00000000  c_w.l(__rtentry.o)
    0x08010210   0x08010210   0x00000000   Code   RO         5534    .ARM.Collect$$rtentry$$00000002  c_w.l(__rtentry2.o)
    0x08010210   0x08010210   0x00000006   Code   RO         5546    .ARM.Collect$$rtentry$$00000004  c_w.l(__rtentry4.o)
    0x08010216   0x08010216   0x00000000   Code   RO         5536    .ARM.Collect$$rtentry$$00000009  c_w.l(__rtentry2.o)
    0x08010216   0x08010216   0x00000004   Code   RO         5537    .ARM.Collect$$rtentry$$0000000A  c_w.l(__rtentry2.o)
    0x0801021a   0x0801021a   0x00000000   Code   RO         5539    .ARM.Collect$$rtentry$$0000000C  c_w.l(__rtentry2.o)
    0x0801021a   0x0801021a   0x00000008   Code   RO         5540    .ARM.Collect$$rtentry$$0000000D  c_w.l(__rtentry2.o)
    0x08010222   0x08010222   0x00000002   Code   RO         5732    .ARM.Collect$$rtexit$$00000000  c_w.l(rtexit.o)
    0x08010224   0x08010224   0x00000000   Code   RO         5784    .ARM.Collect$$rtexit$$00000002  c_w.l(rtexit2.o)
    0x08010224   0x08010224   0x00000004   Code   RO         5785    .ARM.Collect$$rtexit$$00000003  c_w.l(rtexit2.o)
    0x08010228   0x08010228   0x00000006   Code   RO         5786    .ARM.Collect$$rtexit$$00000004  c_w.l(rtexit2.o)
    0x0801022e   0x0801022e   0x00000002   PAD
    0x08010230   0x08010230   0x000000be   Code   RO         3805    .emb_text           port.o
    0x080102ee   0x080102ee   0x00000002   PAD
    0x080102f0   0x080102f0   0x00000000   Code   RO         5790    .emb_text           c_w.l(maybetermalloc1.o)
    0x080102f0   0x080102f0   0x00000040   Code   RO         4960    .text               startup_gd32f30x_xd.o
    0x08010330   0x08010330   0x00000018   Code   RO         5445    .text               c_w.l(noretval__2printf.o)
    0x08010348   0x08010348   0x00000068   Code   RO         5447    .text               c_w.l(__printf.o)
    0x080103b0   0x080103b0   0x00000052   Code   RO         5449    .text               c_w.l(_printf_str.o)
    0x08010402   0x08010402   0x00000002   PAD
    0x08010404   0x08010404   0x00000078   Code   RO         5451    .text               c_w.l(_printf_dec.o)
    0x0801047c   0x0801047c   0x00000080   Code   RO         5476    .text               c_w.l(assert.o)
    0x080104fc   0x080104fc   0x0000008a   Code   RO         5478    .text               c_w.l(rt_memcpy_v6.o)
    0x08010586   0x08010586   0x0000004e   Code   RO         5484    .text               c_w.l(rt_memclr_w.o)
    0x080105d4   0x080105d4   0x00000080   Code   RO         5486    .text               c_w.l(strcmpv7m.o)
    0x08010654   0x08010654   0x00000006   Code   RO         5488    .text               c_w.l(heapauxi.o)
    0x0801065a   0x0801065a   0x000000b2   Code   RO         5503    .text               c_w.l(_printf_intcommon.o)
    0x0801070c   0x0801070c   0x0000002c   Code   RO         5505    .text               c_w.l(_printf_char.o)
    0x08010738   0x08010738   0x00000024   Code   RO         5507    .text               c_w.l(_printf_char_file.o)
    0x0801075c   0x0801075c   0x00000016   Code   RO         5516    .text               c_w.l(abort.o)
    0x08010772   0x08010772   0x00000064   Code   RO         5520    .text               c_w.l(rt_memcpy_w.o)
    0x080107d6   0x080107d6   0x0000000e   Code   RO         5529    .text               c_w.l(sys_wrch.o)
    0x080107e4   0x080107e4   0x0000000c   Code   RO         5531    .text               c_w.l(sys_exit.o)
    0x080107f0   0x080107f0   0x00000030   Code   RO         5548    .text               c_w.l(_printf_char_common.o)
    0x08010820   0x08010820   0x00000008   Code   RO         5550    .text               c_w.l(ferror.o)
    0x08010828   0x08010828   0x00000138   Code   RO         5556    .text               c_w.l(initio.o)
    0x08010960   0x08010960   0x0000000e   Code   RO         5564    .text               c_w.l(defsig_abrt_outer.o)
    0x0801096e   0x0801096e   0x00000002   Code   RO         5570    .text               c_w.l(use_no_semi.o)
    0x08010970   0x08010970   0x00000000   Code   RO         5574    .text               c_w.l(indicate_semi.o)
    0x08010970   0x08010970   0x0000004a   Code   RO         5575    .text               c_w.l(sys_stackheap_outer.o)
    0x080109ba   0x080109ba   0x0000004e   Code   RO         5581    .text               c_w.l(h1_free.o)
    0x08010a08   0x08010a08   0x000001d6   Code   RO         5637    .text               c_w.l(flsbuf.o)
    0x08010bde   0x08010bde   0x00000046   Code   RO         5639    .text               c_w.l(setvbuf.o)
    0x08010c24   0x08010c24   0x000000ec   Code   RO         5642    .text               c_w.l(fopen.o)
    0x08010d10   0x08010d10   0x0000004c   Code   RO         5644    .text               c_w.l(fclose.o)
    0x08010d5c   0x08010d5c   0x00000012   Code   RO         5650    .text               c_w.l(exit.o)
    0x08010d6e   0x08010d6e   0x0000000a   Code   RO         5652    .text               c_w.l(defsig_exit.o)
    0x08010d78   0x08010d78   0x00000030   Code   RO         5654    .text               c_w.l(defsig_abrt_inner.o)
    0x08010da8   0x08010da8   0x0000000e   Code   RO         5656    .text               c_w.l(defsig_rtred_outer.o)
    0x08010db6   0x08010db6   0x00000002   PAD
    0x08010db8   0x08010db8   0x00000008   Code   RO         5729    .text               c_w.l(libspace.o)
    0x08010dc0   0x08010dc0   0x00000008   Code   RO         5737    .text               c_w.l(rt_heap_descriptor_intlibspace.o)
    0x08010dc8   0x08010dc8   0x00000004   Code   RO         5739    .text               c_w.l(hguard.o)
    0x08010dcc   0x08010dcc   0x0000008a   Code   RO         5741    .text               c_w.l(init_alloc.o)
    0x08010e56   0x08010e56   0x0000005e   Code   RO         5747    .text               c_w.l(h1_alloc.o)
    0x08010eb4   0x08010eb4   0x000000f8   Code   RO         5763    .text               c_w.l(fseek.o)
    0x08010fac   0x08010fac   0x000000f0   Code   RO         5765    .text               c_w.l(stdio.o)
    0x0801109c   0x0801109c   0x00000032   Code   RO         5773    .text               c_w.l(defsig_general.o)
    0x080110ce   0x080110ce   0x00000002   PAD
    0x080110d0   0x080110d0   0x00000034   Code   RO         5775    .text               c_w.l(defsig_rtred_inner.o)
    0x08011104   0x08011104   0x00000018   Code   RO         5777    .text               c_w.l(assert_stdio.o)
    0x0801111c   0x0801111c   0x0000000e   Code   RO         5792    .text               c_w.l(h1_init.o)
    0x0801112a   0x0801112a   0x00000034   Code   RO         5794    .text               c_w.l(h1_extend.o)
    0x0801115e   0x0801115e   0x00000002   PAD
    0x08011160   0x08011160   0x00000064   Code   RO         5800    .text               c_w.l(fflush.o)
    0x080111c4   0x080111c4   0x00000022   Code   RO         5802    .text               c_w.l(fputs.o)
    0x080111e6   0x080111e6   0x00000042   Code   RO         5804    .text               c_w.l(ftell.o)
    0x08011228   0x08011228   0x0000000e   Code   RO         5810    .text               c_w.l(defsig_rtmem_outer.o)
    0x08011236   0x08011236   0x00000002   PAD
    0x08011238   0x08011238   0x00000008   Code   RO         5830    .text               c_w.l(rt_errno_addr_intlibspace.o)
    0x08011240   0x08011240   0x00000050   Code   RO         5838    .text               c_w.l(defsig_rtmem_inner.o)
    0x08011290   0x08011290   0x00000004   Code   RO         3188    i.BusFault_Handler  gd32f30x_it.o
    0x08011294   0x08011294   0x00000002   Code   RO         3189    i.DebugMon_Handler  gd32f30x_it.o
    0x08011296   0x08011296   0x00000002   PAD
    0x08011298   0x08011298   0x0000002c   Code   RO         3485    i.GpioInit          portserial.o
    0x080112c4   0x080112c4   0x00000004   Code   RO         3190    i.HardFault_Handler  gd32f30x_it.o
    0x080112c8   0x080112c8   0x00000004   Code   RO         3191    i.MemManage_Handler  gd32f30x_it.o
    0x080112cc   0x080112cc   0x00000018   Code   RO          335    i.ModbusAppInit     modbus_app.o
    0x080112e4   0x080112e4   0x00000024   Code   RO         3398    i.ModbusSlaveInit   modbus_slave.o
    0x08011308   0x08011308   0x00000008   Code   RO          336    i.ModbusTask        modbus_app.o
    0x08011310   0x08011310   0x00000002   Code   RO         3192    i.NMI_Handler       gd32f30x_it.o
    0x08011312   0x08011312   0x00000002   PAD
    0x08011314   0x08011314   0x0000006c   Code   RO          337    i.ReadRegsCb        modbus_app.o
    0x08011380   0x08011380   0x00000008   Code   RO         3242    i.SysTick_Handler   systick.o
    0x08011388   0x08011388   0x000000a8   Code   RO         4921    i.SystemInit        system_gd32f30x.o
    0x08011430   0x08011430   0x00000028   Code   RO         3555    i.TIMER3_IRQHandler  porttimer.o
    0x08011458   0x08011458   0x00000048   Code   RO         3486    i.USART0_IRQHandler  portserial.o
    0x080114a0   0x080114a0   0x0000004c   Code   RO         3487    i.UartInit          portserial.o
    0x080114ec   0x080114ec   0x00000004   Code   RO         3193    i.UsageFault_Handler  gd32f30x_it.o
    0x080114f0   0x080114f0   0x0000008c   Code   RO          338    i.WriteRegsCb       modbus_app.o
    0x0801157c   0x0801157c   0x00000068   Code   RO         3276    i._74hc165_gpio_init  74hc165.o
    0x080115e4   0x080115e4   0x00000068   Code   RO         3277    i._74hc165_read_data  74hc165.o
    0x0801164c   0x0801164c   0x00000124   Code   RO         3105    i._74hc595_ctl      74hc595.o
    0x08011770   0x08011770   0x00000054   Code   RO         3106    i._74hc595_gpio_init  74hc595.o
    0x080117c4   0x080117c4   0x00000020   Code   RO         3107    i._74hc595_init     74hc595.o
    0x080117e4   0x080117e4   0x0000001c   Code   RO         3108    i._74hc595_output   74hc595.o
    0x08011800   0x08011800   0x00000016   Code   RO         3109    i._74hc595_write_all  74hc595.o
    0x08011816   0x08011816   0x00000002   PAD
    0x08011818   0x08011818   0x00000048   Code   RO         3110    i._74hc595_write_byte  74hc595.o
    0x08011860   0x08011860   0x00000026   Code   RO         5372    i._sys_close        retarget_io.o
    0x08011886   0x08011886   0x00000024   Code   RO         5373    i._sys_flen         retarget_io.o
    0x080118aa   0x080118aa   0x00000024   Code   RO         5374    i._sys_istty        retarget_io.o
    0x080118ce   0x080118ce   0x00000002   PAD
    0x080118d0   0x080118d0   0x00000068   Code   RO         5375    i._sys_open         retarget_io.o
    0x08011938   0x08011938   0x0000002c   Code   RO         5377    i._sys_seek         retarget_io.o
    0x08011964   0x08011964   0x00000046   Code   RO         5378    i._sys_write        retarget_io.o
    0x080119aa   0x080119aa   0x0000002a   Code   RO          493    i.adc_calibration_enable  gd32f30x_adc.o
    0x080119d4   0x080119d4   0x00000046   Code   RO          494    i.adc_channel_length_config  gd32f30x_adc.o
    0x08011a1a   0x08011a1a   0x00000016   Code   RO          495    i.adc_data_alignment_config  gd32f30x_adc.o
    0x08011a30   0x08011a30   0x00000058   Code   RO          496    i.adc_deinit        gd32f30x_adc.o
    0x08011a88   0x08011a88   0x0000000a   Code   RO          500    i.adc_dma_mode_enable  gd32f30x_adc.o
    0x08011a92   0x08011a92   0x00000012   Code   RO          501    i.adc_enable        gd32f30x_adc.o
    0x08011aa4   0x08011aa4   0x0000003e   Code   RO          502    i.adc_external_trigger_config  gd32f30x_adc.o
    0x08011ae2   0x08011ae2   0x00000030   Code   RO          503    i.adc_external_trigger_source_config  gd32f30x_adc.o
    0x08011b12   0x08011b12   0x00000002   PAD
    0x08011b14   0x08011b14   0x00000010   Code   RO         5174    i.adc_get_value     drv_adc.o
    0x08011b24   0x08011b24   0x00000158   Code   RO         5175    i.adc_init_config   drv_adc.o
    0x08011c7c   0x08011c7c   0x0000001c   Code   RO          513    i.adc_mode_config   gd32f30x_adc.o
    0x08011c98   0x08011c98   0x000000ac   Code   RO          517    i.adc_regular_channel_config  gd32f30x_adc.o
    0x08011d44   0x08011d44   0x0000001e   Code   RO          520    i.adc_software_trigger_enable  gd32f30x_adc.o
    0x08011d62   0x08011d62   0x0000005a   Code   RO          521    i.adc_special_function_config  gd32f30x_adc.o
    0x08011dbc   0x08011dbc   0x00000060   Code   RO          235    i.current_zero_init  garbage.o
    0x08011e1c   0x08011e1c   0x0000003c   Code   RO         3156    i.delay_init        delay.o
    0x08011e58   0x08011e58   0x00000018   Code   RO         3157    i.delay_nms         delay.o
    0x08011e70   0x08011e70   0x0000002c   Code   RO         3158    i.delay_nus         delay.o
    0x08011e9c   0x08011e9c   0x000000c0   Code   RO         5202    i.dev_adc_gpio_init  dev_adc.o
    0x08011f5c   0x08011f5c   0x00000048   Code   RO         5222    i.dev_human_gpio_init  dev_human.o
    0x08011fa4   0x08011fa4   0x0000007c   Code   RO         5242    i.dev_ir_gpio_init  dev_ir.o
    0x08012020   0x08012020   0x00000048   Code   RO         5262    i.dev_key_gpio_init  dev_key.o
    0x08012068   0x08012068   0x00000020   Code   RO         5322    i.dev_ws2812b_gpio_init  dev_ws2812b.o
    0x08012088   0x08012088   0x00000032   Code   RO          926    i.dma_channel_enable  gd32f30x_dma.o
    0x080120ba   0x080120ba   0x00000032   Code   RO          928    i.dma_circulation_enable  gd32f30x_dma.o
    0x080120ec   0x080120ec   0x00000070   Code   RO          929    i.dma_deinit        gd32f30x_dma.o
    0x0801215c   0x0801215c   0x0000012e   Code   RO          932    i.dma_init          gd32f30x_dma.o
    0x0801228a   0x0801228a   0x00000002   PAD
    0x0801228c   0x0801228c   0x00000018   Code   RO          944    i.dma_periph_and_channel_check  gd32f30x_dma.o
    0x080122a4   0x080122a4   0x00000028   Code   RO         3333    i.eMBEnable         mb.o
    0x080122cc   0x080122cc   0x00000086   Code   RO         3600    i.eMBFuncReadHoldingRegister  mbfuncholding.o
    0x08012352   0x08012352   0x0000003e   Code   RO         3601    i.eMBFuncWriteHoldingRegister  mbfuncholding.o
    0x08012390   0x08012390   0x0000006a   Code   RO         3602    i.eMBFuncWriteMultipleHoldingRegister  mbfuncholding.o
    0x080123fa   0x080123fa   0x00000002   PAD
    0x080123fc   0x080123fc   0x000000e0   Code   RO         3334    i.eMBInit           mb.o
    0x080124dc   0x080124dc   0x00000138   Code   RO         3335    i.eMBPoll           mb.o
    0x08012614   0x08012614   0x00000058   Code   RO         3674    i.eMBRTUInit        mbrtu.o
    0x0801266c   0x0801266c   0x000000b0   Code   RO         3675    i.eMBRTUReceive     mbrtu.o
    0x0801271c   0x0801271c   0x000000b0   Code   RO         3676    i.eMBRTUSend        mbrtu.o
    0x080127cc   0x080127cc   0x00000024   Code   RO         3677    i.eMBRTUStart       mbrtu.o
    0x080127f0   0x080127f0   0x00000018   Code   RO         3678    i.eMBRTUStop        mbrtu.o
    0x08012808   0x08012808   0x0000003c   Code   RO         3399    i.eMBRegHoldingCB   modbus_slave.o
    0x08012844   0x08012844   0x0000001a   Code   RO         5553    i.fputc             c_w.l(fputc.o)
    0x0801285e   0x0801285e   0x00000002   PAD
    0x08012860   0x08012860   0x00000068   Code   RO         1574    i.fwdgt_config      gd32f30x_fwdgt.o
    0x080128c8   0x080128c8   0x00000010   Code   RO         1575    i.fwdgt_counter_reload  gd32f30x_fwdgt.o
    0x080128d8   0x080128d8   0x00000010   Code   RO         1576    i.fwdgt_enable      gd32f30x_fwdgt.o
    0x080128e8   0x080128e8   0x0000000c   Code   RO         1580    i.fwdgt_write_disable  gd32f30x_fwdgt.o
    0x080128f4   0x080128f4   0x00000010   Code   RO         1581    i.fwdgt_write_enable  gd32f30x_fwdgt.o
    0x08012904   0x08012904   0x00000438   Code   RO          236    i.garbage_det       garbage.o
    0x08012d3c   0x08012d3c   0x00000048   Code   RO          237    i.garbage_init      garbage.o
    0x08012d84   0x08012d84   0x000000dc   Code   RO          238    i.garbage_task      garbage.o
    0x08012e60   0x08012e60   0x00000004   Code   RO         1637    i.gpio_bit_reset    gd32f30x_gpio.o
    0x08012e64   0x08012e64   0x00000004   Code   RO         1638    i.gpio_bit_set      gd32f30x_gpio.o
    0x08012e68   0x08012e68   0x000000bc   Code   RO         1647    i.gpio_init         gd32f30x_gpio.o
    0x08012f24   0x08012f24   0x00000010   Code   RO         1648    i.gpio_input_bit_get  gd32f30x_gpio.o
    0x08012f34   0x08012f34   0x00000090   Code   RO         1653    i.gpio_pin_remap_config  gd32f30x_gpio.o
    0x08012fc4   0x08012fc4   0x00000008   Code   RO         5084    i.human_init        drv_human.o
    0x08012fcc   0x08012fcc   0x00000030   Code   RO         5085    i.human_read        drv_human.o
    0x08012ffc   0x08012ffc   0x00000008   Code   RO         5110    i.ir_init           drv_ir.o
    0x08013004   0x08013004   0x00000040   Code   RO         5111    i.ir_read           drv_ir.o
    0x08013044   0x08013044   0x00000008   Code   RO         5058    i.key_init          drv_key.o
    0x0801304c   0x0801304c   0x00000030   Code   RO         5059    i.key_read          drv_key.o
    0x0801307c   0x0801307c   0x00000020   Code   RO            3    i.main              main.o
    0x0801309c   0x0801309c   0x0000000e   Code   RO          240    i.modbus_task       garbage.o
    0x080130aa   0x080130aa   0x00000026   Code   RO         5136    i.motor_close       drv_motor.o
    0x080130d0   0x080130d0   0x000000f0   Code   RO          241    i.motor_current_init  garbage.o
    0x080131c0   0x080131c0   0x00000054   Code   RO         5348    i.motor_gpio_init   dev_motor.o
    0x08013214   0x08013214   0x0000001c   Code   RO         5137    i.motor_init        drv_motor.o
    0x08013230   0x08013230   0x00000026   Code   RO         5138    i.motor_open        drv_motor.o
    0x08013256   0x08013256   0x00000020   Code   RO         5139    i.motor_stop        drv_motor.o
    0x08013276   0x08013276   0x00000002   PAD
    0x08013278   0x08013278   0x000000c4   Code   RO         1765    i.nvic_irq_enable   gd32f30x_misc.o
    0x0801333c   0x0801333c   0x00000014   Code   RO         1766    i.nvic_priority_group_set  gd32f30x_misc.o
    0x08013350   0x08013350   0x000000c0   Code   RO         4405    i.prvAddCurrentTaskToDelayedList  tasks.o
    0x08013410   0x08013410   0x000000e4   Code   RO         4406    i.prvAddNewTaskToReadyList  tasks.o
    0x080134f4   0x080134f4   0x00000064   Code   RO         4748    i.prvCheckForValidListAndQueue  timers.o
    0x08013558   0x08013558   0x00000048   Code   RO         4407    i.prvCheckTasksWaitingTermination  tasks.o
    0x080135a0   0x080135a0   0x0000002a   Code   RO         4027    i.prvCopyDataFromQueue  queue.o
    0x080135ca   0x080135ca   0x0000007e   Code   RO         4028    i.prvCopyDataToQueue  queue.o
    0x08013648   0x08013648   0x00000012   Code   RO         4408    i.prvDeleteTCB      tasks.o
    0x0801365a   0x0801365a   0x00000014   Code   RO         4029    i.prvGetDisinheritPriorityAfterTimeout  queue.o
    0x0801366e   0x0801366e   0x00000002   PAD
    0x08013670   0x08013670   0x00000028   Code   RO         4749    i.prvGetNextExpireTime  timers.o
    0x08013698   0x08013698   0x00000070   Code   RO         3740    i.prvHeapInit       heap_4.o
    0x08013708   0x08013708   0x00000008   Code   RO         4409    i.prvIdleTask       tasks.o
    0x08013710   0x08013710   0x0000001e   Code   RO         4030    i.prvInitialiseMutex  queue.o
    0x0801372e   0x0801372e   0x0000002a   Code   RO         4031    i.prvInitialiseNewQueue  queue.o
    0x08013758   0x08013758   0x000000e8   Code   RO         4410    i.prvInitialiseNewTask  tasks.o
    0x08013840   0x08013840   0x00000068   Code   RO         4411    i.prvInitialiseTaskLists  tasks.o
    0x080138a8   0x080138a8   0x00000068   Code   RO         3741    i.prvInsertBlockIntoFreeList  heap_4.o
    0x08013910   0x08013910   0x00000058   Code   RO         4751    i.prvInsertTimerInActiveList  timers.o
    0x08013968   0x08013968   0x0000001a   Code   RO         4032    i.prvIsQueueEmpty   queue.o
    0x08013982   0x08013982   0x0000001e   Code   RO         4033    i.prvIsQueueFull    queue.o
    0x080139a0   0x080139a0   0x000000d4   Code   RO         4034    i.prvNotifyQueueSetContainer  queue.o
    0x08013a74   0x08013a74   0x00000044   Code   RO         4752    i.prvProcessExpiredTimer  timers.o
    0x08013ab8   0x08013ab8   0x00000170   Code   RO         4753    i.prvProcessReceivedCommands  timers.o
    0x08013c28   0x08013c28   0x00000074   Code   RO         4754    i.prvProcessTimerOrBlockTask  timers.o
    0x08013c9c   0x08013c9c   0x00000028   Code   RO         4755    i.prvReloadTimer    timers.o
    0x08013cc4   0x08013cc4   0x00000030   Code   RO         4412    i.prvResetNextTaskUnblockTime  tasks.o
    0x08013cf4   0x08013cf4   0x0000002c   Code   RO         4756    i.prvSampleTimeNow  timers.o
    0x08013d20   0x08013d20   0x00000044   Code   RO         4757    i.prvSwitchTimerLists  timers.o
    0x08013d64   0x08013d64   0x0000007c   Code   RO         3806    i.prvTaskExitError  port.o
    0x08013de0   0x08013de0   0x0000001a   Code   RO         4758    i.prvTimerTask      timers.o
    0x08013dfa   0x08013dfa   0x00000090   Code   RO         4035    i.prvUnlockQueue    queue.o
    0x08013e8a   0x08013e8a   0x00000022   Code   RO         3628    i.prveMBError2Exception  mbutils.o
    0x08013eac   0x08013eac   0x00000010   Code   RO         3556    i.prvvTIMERExpiredISR  porttimer.o
    0x08013ebc   0x08013ebc   0x00000010   Code   RO         3488    i.prvvUARTRxISR     portserial.o
    0x08013ecc   0x08013ecc   0x00000010   Code   RO         3489    i.prvvUARTTxReadyISR  portserial.o
    0x08013edc   0x08013edc   0x0000015c   Code   RO         3743    i.pvPortMalloc      heap_4.o
    0x08014038   0x08014038   0x00000020   Code   RO         4414    i.pvTaskIncrementMutexHeldCount  tasks.o
    0x08014058   0x08014058   0x0000002c   Code   RO         3807    i.pxPortInitialiseStack  port.o
    0x08014084   0x08014084   0x0000006c   Code   RO         1955    i.rcu_adc_clock_config  gd32f30x_rcu.o
    0x080140f0   0x080140f0   0x00000158   Code   RO         1964    i.rcu_clock_freq_get  gd32f30x_rcu.o
    0x08014248   0x08014248   0x00000024   Code   RO         1967    i.rcu_flag_get      gd32f30x_rcu.o
    0x0801426c   0x0801426c   0x00000020   Code   RO         1979    i.rcu_osci_on       gd32f30x_rcu.o
    0x0801428c   0x0801428c   0x00000110   Code   RO         1980    i.rcu_osci_stab_wait  gd32f30x_rcu.o
    0x0801439c   0x0801439c   0x00000020   Code   RO         1982    i.rcu_periph_clock_enable  gd32f30x_rcu.o
    0x080143bc   0x080143bc   0x00000020   Code   RO         1985    i.rcu_periph_reset_disable  gd32f30x_rcu.o
    0x080143dc   0x080143dc   0x00000020   Code   RO         1986    i.rcu_periph_reset_enable  gd32f30x_rcu.o
    0x080143fc   0x080143fc   0x0000002c   Code   RO          339    i.read_channel_init  modbus_app.o
    0x08014428   0x08014428   0x0000002c   Code   RO          340    i.read_error_state  modbus_app.o
    0x08014454   0x08014454   0x0000002c   Code   RO          341    i.read_full_state   modbus_app.o
    0x08014480   0x08014480   0x00000050   Code   RO          342    i.read_open_door_state  modbus_app.o
    0x080144d0   0x080144d0   0x00000004   Code   RO         5379    i.stderr_putchar    retarget_io.o
    0x080144d4   0x080144d4   0x00000040   Code   RO         5282    i.sw_gpio_init      dev_sw.o
    0x08014514   0x08014514   0x00000008   Code   RO         5032    i.sw_init           drv_sw.o
    0x0801451c   0x0801451c   0x00000028   Code   RO         5033    i.sw_read           drv_sw.o
    0x08014544   0x08014544   0x00000114   Code   RO         4922    i.system_clock_120m_hxtal  system_gd32f30x.o
    0x08014658   0x08014658   0x00000008   Code   RO         4923    i.system_clock_config  system_gd32f30x.o
    0x08014660   0x08014660   0x0000002a   Code   RO          242    i.task_dog_feed     garbage.o
    0x0801468a   0x0801468a   0x00000002   PAD
    0x0801468c   0x0801468c   0x00000140   Code   RO          243    i.task_motor_current_detect  garbage.o
    0x080147cc   0x080147cc   0x00000004   Code   RO         2325    i.timer_counter_value_config  gd32f30x_timer.o
    0x080147d0   0x080147d0   0x00000184   Code   RO         2326    i.timer_deinit      gd32f30x_timer.o
    0x08014954   0x08014954   0x0000000a   Code   RO         2327    i.timer_disable     gd32f30x_timer.o
    0x0801495e   0x0801495e   0x0000000a   Code   RO         2331    i.timer_enable      gd32f30x_timer.o
    0x08014968   0x08014968   0x00000098   Code   RO         2341    i.timer_init        gd32f30x_timer.o
    0x08014a00   0x08014a00   0x00000008   Code   RO         2347    i.timer_interrupt_disable  gd32f30x_timer.o
    0x08014a08   0x08014a08   0x00000008   Code   RO         2348    i.timer_interrupt_enable  gd32f30x_timer.o
    0x08014a10   0x08014a10   0x00000006   Code   RO         2349    i.timer_interrupt_flag_clear  gd32f30x_timer.o
    0x08014a16   0x08014a16   0x00000018   Code   RO         2350    i.timer_interrupt_flag_get  gd32f30x_timer.o
    0x08014a2e   0x08014a2e   0x00000016   Code   RO         2361    i.timer_struct_para_init  gd32f30x_timer.o
    0x08014a44   0x08014a44   0x00000040   Code   RO         3302    i.ttl_gpio_init     usart.o
    0x08014a84   0x08014a84   0x0000004c   Code   RO         3303    i.ttl_init          usart.o
    0x08014ad0   0x08014ad0   0x00000034   Code   RO         3304    i.ttl_send_data     usart.o
    0x08014b04   0x08014b04   0x00000038   Code   RO         3656    i.usMBCRC16         mbcrc.o
    0x08014b3c   0x08014b3c   0x00000090   Code   RO         2736    i.usart_baudrate_set  gd32f30x_usart.o
    0x08014bcc   0x08014bcc   0x0000000a   Code   RO         2739    i.usart_data_receive  gd32f30x_usart.o
    0x08014bd6   0x08014bd6   0x00000008   Code   RO         2740    i.usart_data_transmit  gd32f30x_usart.o
    0x08014bde   0x08014bde   0x00000002   PAD
    0x08014be0   0x08014be0   0x00000090   Code   RO         2741    i.usart_deinit      gd32f30x_usart.o
    0x08014c70   0x08014c70   0x0000000a   Code   RO         2745    i.usart_enable      gd32f30x_usart.o
    0x08014c7a   0x08014c7a   0x0000001e   Code   RO         2747    i.usart_flag_get    gd32f30x_usart.o
    0x08014c98   0x08014c98   0x0000001a   Code   RO         2753    i.usart_interrupt_disable  gd32f30x_usart.o
    0x08014cb2   0x08014cb2   0x0000001a   Code   RO         2754    i.usart_interrupt_enable  gd32f30x_usart.o
    0x08014ccc   0x08014ccc   0x00000012   Code   RO         2755    i.usart_interrupt_flag_clear  gd32f30x_usart.o
    0x08014cde   0x08014cde   0x00000038   Code   RO         2756    i.usart_interrupt_flag_get  gd32f30x_usart.o
    0x08014d16   0x08014d16   0x00000010   Code   RO         2767    i.usart_parity_config  gd32f30x_usart.o
    0x08014d26   0x08014d26   0x00000014   Code   RO         2769    i.usart_receive_config  gd32f30x_usart.o
    0x08014d3a   0x08014d3a   0x00000010   Code   RO         2779    i.usart_stop_bit_set  gd32f30x_usart.o
    0x08014d4a   0x08014d4a   0x00000014   Code   RO         2783    i.usart_transmit_config  gd32f30x_usart.o
    0x08014d5e   0x08014d5e   0x00000010   Code   RO         2784    i.usart_word_length_set  gd32f30x_usart.o
    0x08014d6e   0x08014d6e   0x00000002   PAD
    0x08014d70   0x08014d70   0x00000024   Code   RO         5302    i.user_led_gpio_init  dev_user_led.o
    0x08014d94   0x08014d94   0x00000008   Code   RO         5006    i.user_led_init     drv_user_led.o
    0x08014d9c   0x08014d9c   0x0000003c   Code   RO          244    i.user_led_task     garbage.o
    0x08014dd8   0x08014dd8   0x0000002c   Code   RO         5007    i.user_led_write    drv_user_led.o
    0x08014e04   0x08014e04   0x00000028   Code   RO         3986    i.uxListRemove      list.o
    0x08014e2c   0x08014e2c   0x0000000c   Code   RO         4417    i.uxTaskGetNumberOfTasks  tasks.o
    0x08014e38   0x08014e38   0x0000001a   Code   RO         3987    i.vListInitialise   list.o
    0x08014e52   0x08014e52   0x00000006   Code   RO         3988    i.vListInitialiseItem  list.o
    0x08014e58   0x08014e58   0x00000034   Code   RO         3989    i.vListInsert       list.o
    0x08014e8c   0x08014e8c   0x00000078   Code   RO         3490    i.vMBPortSerialEnable  portserial.o
    0x08014f04   0x08014f04   0x00000028   Code   RO         3587    i.vMBPortTimersDisable  porttimer.o
    0x08014f2c   0x08014f2c   0x00000028   Code   RO         3581    i.vMBPortTimersEnable  porttimer.o
    0x08014f54   0x08014f54   0x00000094   Code   RO         3809    i.vPortEnterCritical  port.o
    0x08014fe8   0x08014fe8   0x0000007c   Code   RO         3810    i.vPortExitCritical  port.o
    0x08015064   0x08015064   0x000000bc   Code   RO         3744    i.vPortFree         heap_4.o
    0x08015120   0x08015120   0x00000018   Code   RO         3811    i.vPortSetupTimerInterrupt  port.o
    0x08015138   0x08015138   0x00000090   Code   RO         4039    i.vQueueAddToRegistry  queue.o
    0x080151c8   0x080151c8   0x0000004a   Code   RO         4042    i.vQueueWaitForMessageRestricted  queue.o
    0x08015212   0x08015212   0x00000002   PAD
    0x08015214   0x08015214   0x00000088   Code   RO         4421    i.vTaskDelay        tasks.o
    0x0801529c   0x0801529c   0x00000018   Code   RO         4425    i.vTaskInternalSetTimeOutState  tasks.o
    0x080152b4   0x080152b4   0x0000000c   Code   RO         4426    i.vTaskMissedYield  tasks.o
    0x080152c0   0x080152c0   0x00000068   Code   RO         4427    i.vTaskPlaceOnEventList  tasks.o
    0x08015328   0x08015328   0x00000090   Code   RO         4428    i.vTaskPlaceOnEventListRestricted  tasks.o
    0x080153b8   0x080153b8   0x0000013c   Code   RO         4430    i.vTaskPriorityDisinheritAfterTimeout  tasks.o
    0x080154f4   0x080154f4   0x000000c8   Code   RO         4435    i.vTaskStartScheduler  tasks.o
    0x080155bc   0x080155bc   0x00000010   Code   RO         4437    i.vTaskSuspendAll   tasks.o
    0x080155cc   0x080155cc   0x000000bc   Code   RO         4438    i.vTaskSwitchContext  tasks.o
    0x08015688   0x08015688   0x00000108   Code   RO          245    i.wait_door_close   garbage.o
    0x08015790   0x08015790   0x00000068   Code   RO          246    i.wait_door_open    garbage.o
    0x080157f8   0x080157f8   0x0000002c   Code   RO          343    i.write_channel_init  modbus_app.o
    0x08015824   0x08015824   0x0000000c   Code   RO          344    i.write_channel_select  modbus_app.o
    0x08015830   0x08015830   0x000000bc   Code   RO          345    i.write_channel_work  modbus_app.o
    0x080158ec   0x080158ec   0x0000002c   Code   RO          346    i.write_led_b       modbus_app.o
    0x08015918   0x08015918   0x00000024   Code   RO          347    i.write_led_g       modbus_app.o
    0x0801593c   0x0801593c   0x00000024   Code   RO          348    i.write_led_r       modbus_app.o
    0x08015960   0x08015960   0x00000034   Code   RO          349    i.write_restart     modbus_app.o
    0x08015994   0x08015994   0x00000060   Code   RO         4966    i.ws2812b_ctl       drv_ws2812b.o
    0x080159f4   0x080159f4   0x0000000c   Code   RO         4967    i.ws2812b_delay     drv_ws2812b.o
    0x08015a00   0x08015a00   0x00000024   Code   RO         4968    i.ws2812b_reset     drv_ws2812b.o
    0x08015a24   0x08015a24   0x00000018   Code   RO         4969    i.ws2812b_send_one  drv_ws2812b.o
    0x08015a3c   0x08015a3c   0x0000001e   Code   RO         4970    i.ws2812b_send_zero  drv_ws2812b.o
    0x08015a5a   0x08015a5a   0x00000030   Code   RO          247    i.wwdgt_init        garbage.o
    0x08015a8a   0x08015a8a   0x00000002   PAD
    0x08015a8c   0x08015a8c   0x00000024   Code   RO         3453    i.xMBPortEventGet   portevent.o
    0x08015ab0   0x08015ab0   0x00000010   Code   RO         3454    i.xMBPortEventInit  portevent.o
    0x08015ac0   0x08015ac0   0x00000018   Code   RO         3455    i.xMBPortEventPost  portevent.o
    0x08015ad8   0x08015ad8   0x00000018   Code   RO         3491    i.xMBPortSerialGetByte  portserial.o
    0x08015af0   0x08015af0   0x00000028   Code   RO         3492    i.xMBPortSerialInit  portserial.o
    0x08015b18   0x08015b18   0x00000018   Code   RO         3493    i.xMBPortSerialPutByte  portserial.o
    0x08015b30   0x08015b30   0x00000048   Code   RO         3557    i.xMBPortTimersInit  porttimer.o
    0x08015b78   0x08015b78   0x000000dc   Code   RO         3679    i.xMBRTUReceiveFSM  mbrtu.o
    0x08015c54   0x08015c54   0x0000008c   Code   RO         3680    i.xMBRTUTimerT35Expired  mbrtu.o
    0x08015ce0   0x08015ce0   0x000000c4   Code   RO         3681    i.xMBRTUTransmitFSM  mbrtu.o
    0x08015da4   0x08015da4   0x00000188   Code   RO         3813    i.xPortStartScheduler  port.o
    0x08015f2c   0x08015f2c   0x00000034   Code   RO         3814    i.xPortSysTickHandler  port.o
    0x08015f60   0x08015f60   0x00000022   Code   RO         4045    i.xQueueCreateMutex  queue.o
    0x08015f82   0x08015f82   0x00000002   PAD
    0x08015f84   0x08015f84   0x00000094   Code   RO         4047    i.xQueueGenericCreate  queue.o
    0x08016018   0x08016018   0x00000100   Code   RO         4048    i.xQueueGenericReset  queue.o
    0x08016118   0x08016118   0x000001e8   Code   RO         4049    i.xQueueGenericSend  queue.o
    0x08016300   0x08016300   0x00000184   Code   RO         4057    i.xQueueReceive     queue.o
    0x08016484   0x08016484   0x000001ac   Code   RO         4062    i.xQueueSemaphoreTake  queue.o
    0x08016630   0x08016630   0x000000b4   Code   RO         4440    i.xTaskCheckForTimeOut  tasks.o
    0x080166e4   0x080166e4   0x00000068   Code   RO         4441    i.xTaskCreate       tasks.o
    0x0801674c   0x0801674c   0x000000f0   Code   RO         4442    i.xTaskDelayUntil   tasks.o
    0x0801683c   0x0801683c   0x000001e0   Code   RO         4443    i.xTaskGenericNotify  tasks.o
    0x08016a1c   0x08016a1c   0x000000fc   Code   RO         4446    i.xTaskGenericNotifyWait  tasks.o
    0x08016b18   0x08016b18   0x00000020   Code   RO         4448    i.xTaskGetSchedulerState  tasks.o
    0x08016b38   0x08016b38   0x0000000c   Code   RO         4449    i.xTaskGetTickCount  tasks.o
    0x08016b44   0x08016b44   0x000001ec   Code   RO         4451    i.xTaskIncrementTick  tasks.o
    0x08016d30   0x08016d30   0x00000114   Code   RO         4452    i.xTaskPriorityDisinherit  tasks.o
    0x08016e44   0x08016e44   0x000000ec   Code   RO         4453    i.xTaskPriorityInherit  tasks.o
    0x08016f30   0x08016f30   0x00000150   Code   RO         4454    i.xTaskRemoveFromEventList  tasks.o
    0x08017080   0x08017080   0x000001a4   Code   RO         4455    i.xTaskResumeAll    tasks.o
    0x08017224   0x08017224   0x00000084   Code   RO         4764    i.xTimerCreateTimerTask  timers.o
    0x080172a8   0x080172a8   0x00000018   Code   RO         5568    x$fpl$dcmpinf       fz_wm.l(dcmpi.o)
    0x080172c0   0x080172c0   0x0000002e   Code   RO         5493    x$fpl$dflt          fz_wm.l(dflt_clz.o)
    0x080172ee   0x080172ee   0x00000026   Code   RO         5492    x$fpl$dfltu         fz_wm.l(dflt_clz.o)
    0x08017314   0x08017314   0x00000078   Code   RO         5522    x$fpl$dleqf         fz_wm.l(dleqf.o)
    0x0801738c   0x0801738c   0x00000154   Code   RO         5498    x$fpl$dmul          fz_wm.l(dmul.o)
    0x080174e0   0x080174e0   0x0000009c   Code   RO         5524    x$fpl$dnaninf       fz_wm.l(dnaninf.o)
    0x0801757c   0x0801757c   0x0000000c   Code   RO         5526    x$fpl$dretinf       fz_wm.l(dretinf.o)
    0x08017588   0x08017588   0x0000006c   Code   RO         5500    x$fpl$drleqf        fz_wm.l(drleqf.o)
    0x080175f4   0x080175f4   0x0000000a   Code   RO         5781    x$fpl$fpinit        fz_wm.l(fpinit.o)
    0x080175fe   0x080175fe   0x00000000   Code   RO         5528    x$fpl$usenofp       fz_wm.l(usenofp.o)
    0x080175fe   0x080175fe   0x00000002   PAD
    0x08017600   0x08017600   0x00000010   Data   RO          350    .constdata          modbus_app.o
    0x08017610   0x08017610   0x00000200   Data   RO         3657    .constdata          mbcrc.o
    0x08017810   0x08017810   0x00000017   Data   RO         5380    .constdata          retarget_io.o
    0x08017827   0x08017827   0x00000001   PAD
    0x08017828   0x08017828   0x00000063   Data   RO         3683    .conststring        mbrtu.o
    0x0801788b   0x0801788b   0x00000001   PAD
    0x0801788c   0x0801788c   0x00000020   Data   RO         5857    Region$$Table       anon$$obj.o


    Execution Region RW_IRAM1 (Exec base: 0x20000000, Load base: 0x080178ac, Size: 0x000089b8, Max: 0x00018000, ABSOLUTE, COMPRESSED[0x0000010c])

    Exec Addr    Load Addr    Size         Type   Attr      Idx    E Section Name        Object

    0x20000000   COMPRESSED   0x0000001e   Data   RW          249    .data               garbage.o
    0x2000001e   COMPRESSED   0x00000002   PAD
    0x20000020   COMPRESSED   0x000000b4   Data   RW          351    .data               modbus_app.o
    0x200000d4   COMPRESSED   0x00000021   Data   RW         3111    .data               74hc595.o
    0x200000f5   COMPRESSED   0x00000003   PAD
    0x200000f8   COMPRESSED   0x000000b5   Data   RW         3337    .data               mb.o
    0x200001ad   COMPRESSED   0x00000003   PAD
    0x200001b0   COMPRESSED   0x00000008   Data   RW         3400    .data               modbus_slave.o
    0x200001b8   COMPRESSED   0x00000002   Data   RW         3456    .data               portevent.o
    0x200001ba   COMPRESSED   0x00000002   PAD
    0x200001bc   COMPRESSED   0x00000018   Data   RW         3494    .data               portserial.o
    0x200001d4   COMPRESSED   0x0000000c   Data   RW         3684    .data               mbrtu.o
    0x200001e0   COMPRESSED   0x0000001c   Data   RW         3750    .data               heap_4.o
    0x200001fc   COMPRESSED   0x0000000c   Data   RW         3815    .data               port.o
    0x20000208   COMPRESSED   0x00000040   Data   RW         4458    .data               tasks.o
    0x20000248   COMPRESSED   0x00000014   Data   RW         4774    .data               timers.o
    0x2000025c   COMPRESSED   0x00000048   Data   RW         5323    .data               dev_ws2812b.o
    0x200002a4   COMPRESSED   0x000000c0   Data   RW         5349    .data               dev_motor.o
    0x20000364   COMPRESSED   0x00000004   Data   RW         5513    .data               c_w.l(stdio_streams.o)
    0x20000368   COMPRESSED   0x00000004   Data   RW         5514    .data               c_w.l(stdio_streams.o)
    0x2000036c   COMPRESSED   0x00000004   Data   RW         5515    .data               c_w.l(stdio_streams.o)
    0x20000370        -       0x00000030   Zero   RW          248    .bss                garbage.o
    0x200003a0        -       0x00000100   Zero   RW         3682    .bss                mbrtu.o
    0x200004a0        -       0x00007800   Zero   RW         3749    .bss                heap_4.o
    0x20007ca0        -       0x000000a0   Zero   RW         4064    .bss                queue.o
    0x20007d40        -       0x000002e4   Zero   RW         4457    .bss                tasks.o
    0x20008024        -       0x00000028   Zero   RW         4773    .bss                timers.o
    0x2000804c        -       0x0000000c   Zero   RW         5176    .bss                drv_adc.o
    0x20008058        -       0x00000054   Zero   RW         5510    .bss                c_w.l(stdio_streams.o)
    0x200080ac        -       0x00000054   Zero   RW         5511    .bss                c_w.l(stdio_streams.o)
    0x20008100        -       0x00000054   Zero   RW         5512    .bss                c_w.l(stdio_streams.o)
    0x20008154        -       0x00000060   Zero   RW         5730    .bss                c_w.l(libspace.o)
    0x200081b4   COMPRESSED   0x00000004   PAD
    0x200081b8        -       0x00000400   Zero   RW         4958    HEAP                startup_gd32f30x_xd.o
    0x200085b8        -       0x00000400   Zero   RW         4957    STACK               startup_gd32f30x_xd.o


==============================================================================

Image component sizes


      Code (inc. data)   RO Data    RW Data    ZI Data      Debug   Object Name

       208         10          0          0          0       1286   74hc165.o
       530         30          0         33          0       5051   74hc595.o
       128         18          0          0          0       1777   delay.o
       192         12          0          0          0        624   dev_adc.o
        72          8          0          0          0        582   dev_human.o
       124         12          0          0          0        591   dev_ir.o
        72          8          0          0          0        572   dev_key.o
        84          4          0        192          0       3162   dev_motor.o
        64          4          0          0          0        563   dev_sw.o
        36          4          0          0          0        573   dev_user_led.o
        32          0          0         72          0       2362   dev_ws2812b.o
       360         20          0          0         12       2058   drv_adc.o
        56         10          0          0          0       1154   drv_human.o
        72         10          0          0          0       1136   drv_ir.o
        56         10          0          0          0       1138   drv_key.o
       136          4          0          0          0       2921   drv_motor.o
        48          4          0          0          0       1124   drv_sw.o
        52          6          0          0          0       1185   drv_user_led.o
       198          0          0          0          0       3826   drv_ws2812b.o
         0          0          0          0          0      12356   event_groups.o
      2560        208          0         30         48      10397   garbage.o
       680         10          0          0          0       9479   gd32f30x_adc.o
       538          6          0          0          0       4786   gd32f30x_dma.o
       164         32          0          0          0       3600   gd32f30x_fwdgt.o
       356          6          0          0          0       4281   gd32f30x_gpio.o
        20          0          0          0          0       3173   gd32f30x_it.o
       216         20          0          0          0       1708   gd32f30x_misc.o
       888         82          0          0          0       6773   gd32f30x_rcu.o
       632         44          0          0          0       8292   gd32f30x_timer.o
       560         16          0          0          0      11620   gd32f30x_usart.o
       752        196          0         28      30720       5431   heap_4.o
       124          0          0          0          0       3317   list.o
        32          0          0          0          0      79657   main.o
       576        126          0        181          0       5352   mb.o
        56          8        512          0          0       1564   mbcrc.o
       302          0          0          0          0       4481   mbfuncholding.o
      1056        322         99         12        256       7279   mbrtu.o
        34          0          0          0          0        688   mbutils.o
       904        108         16        180          0      47015   modbus_app.o
        96         10          0          8          0       4524   modbus_slave.o
      1098        366          0         12          0      11244   port.o
        76         24          0          2          0       2712   portevent.o
       432         52          0         24          0       7048   portserial.o
       208         26          0          0          0       3109   porttimer.o
      2632        420          0          0        160      20149   queue.o
       332         24         23          0          0       5782   retarget_io.o
        64         26        304          0       2048       1032   startup_gd32f30x_xd.o
       452         30          0          0          0       3113   system_gd32f30x.o
         8          0          0          0          0        546   systick.o
      5146       1272          0         64        740      41890   tasks.o
      1090        222          0         20         40      12548   timers.o
       192         16          0          0          0       2259   usart.o

    ----------------------------------------------------------------------
     24828       3846        988        868      34024     378890   Object Totals
         0          0         32          0          0          0   (incl. Generated)
        32          0          2         10          0          0   (incl. Padding)

    ----------------------------------------------------------------------

      Code (inc. data)   RO Data    RW Data    ZI Data      Debug   Library Member Name

        90          0          0          0          0          0   __dczerorl2.o
         8          0          0          0          0         68   __main.o
       104          0          0          0          0         84   __printf.o
         0          0          0          0          0          0   __rtentry.o
        12          0          0          0          0          0   __rtentry2.o
         6          0          0          0          0          0   __rtentry4.o
        52          8          0          0          0          0   __scatter.o
        28          0          0          0          0          0   __scatter_zi.o
        44          0          0          0          0        108   _printf_char.o
        48          6          0          0          0         96   _printf_char_common.o
        36          4          0          0          0         80   _printf_char_file.o
         6          0          0          0          0          0   _printf_d.o
       120         16          0          0          0         92   _printf_dec.o
       178          0          0          0          0         88   _printf_intcommon.o
         0          0          0          0          0          0   _printf_percent.o
         4          0          0          0          0          0   _printf_percent_end.o
         6          0          0          0          0          0   _printf_s.o
        82          0          0          0          0         80   _printf_str.o
        22          0          0          0          0         80   abort.o
       128         42          0          0          0         76   assert.o
        24          6          0          0          0         80   assert_stdio.o
        48         34          0          0          0         76   defsig_abrt_inner.o
        14          0          0          0          0         80   defsig_abrt_outer.o
        10          0          0          0          0         68   defsig_exit.o
        50          0          0          0          0         88   defsig_general.o
        80         58          0          0          0         76   defsig_rtmem_inner.o
        14          0          0          0          0         80   defsig_rtmem_outer.o
        52         38          0          0          0         76   defsig_rtred_inner.o
        14          0          0          0          0         80   defsig_rtred_outer.o
        18          0          0          0          0         80   exit.o
        76          0          0          0          0         88   fclose.o
         8          0          0          0          0         68   ferror.o
       100          4          0          0          0        120   fflush.o
       470          0          0          0          0         88   flsbuf.o
       236          4          0          0          0        128   fopen.o
        26          0          0          0          0         68   fputc.o
        34          0          0          0          0         80   fputs.o
       248          6          0          0          0         84   fseek.o
        66          0          0          0          0         76   ftell.o
        94          0          0          0          0         80   h1_alloc.o
        52          0          0          0          0         68   h1_extend.o
        78          0          0          0          0         80   h1_free.o
        14          0          0          0          0         84   h1_init.o
         6          0          0          0          0        152   heapauxi.o
         4          0          0          0          0        136   hguard.o
         0          0          0          0          0          0   indicate_semi.o
       138          0          0          0          0        168   init_alloc.o
       312         46          0          0          0        112   initio.o
         2          0          0          0          0          0   libinit.o
        18          0          0          0          0          0   libinit2.o
         2          0          0          0          0          0   libshutdown.o
         6          0          0          0          0          0   libshutdown2.o
         8          4          0          0         96         68   libspace.o
         0          0          0          0          0          0   maybetermalloc1.o
        24          4          0          0          0         84   noretval__2printf.o
         8          4          0          0          0         68   rt_errno_addr_intlibspace.o
         8          4          0          0          0         68   rt_heap_descriptor_intlibspace.o
        78          0          0          0          0         80   rt_memclr_w.o
       138          0          0          0          0         68   rt_memcpy_v6.o
       100          0          0          0          0         80   rt_memcpy_w.o
         2          0          0          0          0          0   rtexit.o
        10          0          0          0          0          0   rtexit2.o
        70          0          0          0          0         80   setvbuf.o
       240          6          0          0          0        156   stdio.o
         0          0          0         12        252          0   stdio_streams.o
       128          0          0          0          0         68   strcmpv7m.o
        12          4          0          0          0         68   sys_exit.o
        74          0          0          0          0         80   sys_stackheap_outer.o
        14          0          0          0          0         76   sys_wrch.o
         2          0          0          0          0         68   use_no_semi.o
        24          0          0          0          0        116   dcmpi.o
        84          0          0          0          0        232   dflt_clz.o
       120          4          0          0          0        140   dleqf.o
       340         12          0          0          0        152   dmul.o
       156          4          0          0          0        140   dnaninf.o
        12          0          0          0          0        116   dretinf.o
       108          0          0          0          0        128   drleqf.o
        10          0          0          0          0        116   fpinit.o
         0          0          0          0          0          0   usenofp.o

    ----------------------------------------------------------------------
      5076        318          0         12        352       5568   Library Totals
        18          0          0          0          4          0   (incl. Padding)

    ----------------------------------------------------------------------

      Code (inc. data)   RO Data    RW Data    ZI Data      Debug   Library Name

      4204        298          0         12        348       4428   c_w.l
       854         20          0          0          0       1140   fz_wm.l

    ----------------------------------------------------------------------
      5076        318          0         12        352       5568   Library Totals

    ----------------------------------------------------------------------

==============================================================================


      Code (inc. data)   RO Data    RW Data    ZI Data      Debug   

     29904       4164        988        880      34376     355762   Grand Totals
     29904       4164        988        268      34376     355762   ELF Image Totals (compressed)
     29904       4164        988        268          0          0   ROM Totals

==============================================================================

    Total RO  Size (Code + RO Data)                30892 (  30.17kB)
    Total RW  Size (RW Data + ZI Data)             35256 (  34.43kB)
    Total ROM Size (Code + RO Data + RW Data)      31160 (  30.43kB)

==============================================================================

