Component: ARM Compiler 5.06 update 6 (build 750) Tool: armlink [4d35ed]

==============================================================================

Section Cross References

    main.o(i.main) refers to gd32f30x_rcu.o(i.rcu_periph_clock_enable) for rcu_periph_clock_enable
    main.o(i.main) refers to gd32f30x_gpio.o(i.gpio_pin_remap_config) for gpio_pin_remap_config
    main.o(i.main) refers to gd32f30x_gpio.o(i.gpio_init) for gpio_init
    main.o(i.main) refers to delay.o(i.delay_init) for delay_init
    main.o(i.main) refers to 74hc595.o(i._74hc595_init) for _74hc595_init
    main.o(i.main) refers to rs485.o(i.rs485_init) for rs485_init
    main.o(i.main) refers to rs485.o(i.ttl_sendbyte) for ttl_sendbyte
    main.o(i.main) refers to printf5.o(i.__0printf$5) for __2printf
    main.o(i.main) refers to rs485.o(i.rs485_read_byte) for rs485_read_byte
    main.o(i.main) refers to delay.o(i.delay_nms) for delay_nms
    main.o(i.main) refers to strcmp.o(.text) for strcmp
    main.o(i.main) refers to bootloader.o(i.jump_to_app_1) for jump_to_app_1
    main.o(i.main) refers to bootloader.o(i.jump_to_app_2) for jump_to_app_2
    main.o(i.main) refers to update.o(i.UpdateApp) for UpdateApp
    main.o(i.main) refers to bootloader.o(i.print_last_app_info) for print_last_app_info
    main.o(i.main) refers to bootloader.o(i.app_info) for app_info
    systick.o(i.systick_config) refers to systick.o(i.NVIC_SetPriority) for NVIC_SetPriority
    systick.o(i.systick_config) refers to system_gd32f30x.o(.data) for SystemCoreClock
    gd32f30x_adc.o(i.adc_deinit) refers to gd32f30x_rcu.o(i.rcu_periph_reset_enable) for rcu_periph_reset_enable
    gd32f30x_adc.o(i.adc_deinit) refers to gd32f30x_rcu.o(i.rcu_periph_reset_disable) for rcu_periph_reset_disable
    gd32f30x_ctc.o(i.ctc_deinit) refers to gd32f30x_rcu.o(i.rcu_periph_reset_enable) for rcu_periph_reset_enable
    gd32f30x_ctc.o(i.ctc_deinit) refers to gd32f30x_rcu.o(i.rcu_periph_reset_disable) for rcu_periph_reset_disable
    gd32f30x_dma.o(i.dma_channel_disable) refers to gd32f30x_dma.o(i.dma_periph_and_channel_check) for dma_periph_and_channel_check
    gd32f30x_dma.o(i.dma_channel_enable) refers to gd32f30x_dma.o(i.dma_periph_and_channel_check) for dma_periph_and_channel_check
    gd32f30x_dma.o(i.dma_circulation_disable) refers to gd32f30x_dma.o(i.dma_periph_and_channel_check) for dma_periph_and_channel_check
    gd32f30x_dma.o(i.dma_circulation_enable) refers to gd32f30x_dma.o(i.dma_periph_and_channel_check) for dma_periph_and_channel_check
    gd32f30x_dma.o(i.dma_deinit) refers to gd32f30x_dma.o(i.dma_periph_and_channel_check) for dma_periph_and_channel_check
    gd32f30x_dma.o(i.dma_init) refers to gd32f30x_dma.o(i.dma_periph_and_channel_check) for dma_periph_and_channel_check
    gd32f30x_dma.o(i.dma_interrupt_disable) refers to gd32f30x_dma.o(i.dma_periph_and_channel_check) for dma_periph_and_channel_check
    gd32f30x_dma.o(i.dma_interrupt_enable) refers to gd32f30x_dma.o(i.dma_periph_and_channel_check) for dma_periph_and_channel_check
    gd32f30x_dma.o(i.dma_memory_address_config) refers to gd32f30x_dma.o(i.dma_periph_and_channel_check) for dma_periph_and_channel_check
    gd32f30x_dma.o(i.dma_memory_increase_disable) refers to gd32f30x_dma.o(i.dma_periph_and_channel_check) for dma_periph_and_channel_check
    gd32f30x_dma.o(i.dma_memory_increase_enable) refers to gd32f30x_dma.o(i.dma_periph_and_channel_check) for dma_periph_and_channel_check
    gd32f30x_dma.o(i.dma_memory_to_memory_disable) refers to gd32f30x_dma.o(i.dma_periph_and_channel_check) for dma_periph_and_channel_check
    gd32f30x_dma.o(i.dma_memory_to_memory_enable) refers to gd32f30x_dma.o(i.dma_periph_and_channel_check) for dma_periph_and_channel_check
    gd32f30x_dma.o(i.dma_memory_width_config) refers to gd32f30x_dma.o(i.dma_periph_and_channel_check) for dma_periph_and_channel_check
    gd32f30x_dma.o(i.dma_periph_address_config) refers to gd32f30x_dma.o(i.dma_periph_and_channel_check) for dma_periph_and_channel_check
    gd32f30x_dma.o(i.dma_periph_increase_disable) refers to gd32f30x_dma.o(i.dma_periph_and_channel_check) for dma_periph_and_channel_check
    gd32f30x_dma.o(i.dma_periph_increase_enable) refers to gd32f30x_dma.o(i.dma_periph_and_channel_check) for dma_periph_and_channel_check
    gd32f30x_dma.o(i.dma_periph_width_config) refers to gd32f30x_dma.o(i.dma_periph_and_channel_check) for dma_periph_and_channel_check
    gd32f30x_dma.o(i.dma_priority_config) refers to gd32f30x_dma.o(i.dma_periph_and_channel_check) for dma_periph_and_channel_check
    gd32f30x_dma.o(i.dma_transfer_direction_config) refers to gd32f30x_dma.o(i.dma_periph_and_channel_check) for dma_periph_and_channel_check
    gd32f30x_dma.o(i.dma_transfer_number_config) refers to gd32f30x_dma.o(i.dma_periph_and_channel_check) for dma_periph_and_channel_check
    gd32f30x_dma.o(i.dma_transfer_number_get) refers to gd32f30x_dma.o(i.dma_periph_and_channel_check) for dma_periph_and_channel_check
[...]
    printf8.o(i.__0vfprintf$8) refers to rs485.o(i.fputc) for fputc
    printf8.o(i.__0vprintf$8) refers to printf8.o(i._printf_core) for _printf_core
    printf8.o(i.__0vprintf$8) refers to rs485.o(i.fputc) for fputc
    printf8.o(i.__0vprintf$8) refers to stdout.o(.data) for __stdout
    printf8.o(i.__0vsnprintf$8) refers to printf8.o(i._printf_core) for _printf_core
    printf8.o(i.__0vsnprintf$8) refers to printf8.o(i._snputc) for _snputc
    printf8.o(i.__0vsprintf$8) refers to printf8.o(i._printf_core) for _printf_core
    printf8.o(i.__0vsprintf$8) refers to printf8.o(i._sputc) for _sputc
    printf8.o(i._printf_core) refers to printf8.o(i._printf_pre_padding) for _printf_pre_padding
    printf8.o(i._printf_core) refers to uldiv.o(.text) for __aeabi_uldivmod
    printf8.o(i._printf_core) refers to printf8.o(i._printf_post_padding) for _printf_post_padding
    printfa.o(i.__0fprintf) refers (Special) to iusefp.o(.text) for __I$use$fp
    printfa.o(i.__0fprintf) refers to printfa.o(i._printf_core) for _printf_core
    printfa.o(i.__0fprintf) refers to rs485.o(i.fputc) for fputc
    printfa.o(i.__0printf) refers (Special) to iusefp.o(.text) for __I$use$fp
    printfa.o(i.__0printf) refers to printfa.o(i._printf_core) for _printf_core
    printfa.o(i.__0printf) refers to rs485.o(i.fputc) for fputc
    printfa.o(i.__0printf) refers to stdout.o(.data) for __stdout
    printfa.o(i.__0snprintf) refers (Special) to iusefp.o(.text) for __I$use$fp
    printfa.o(i.__0snprintf) refers to printfa.o(i._printf_core) for _printf_core
    printfa.o(i.__0snprintf) refers to printfa.o(i._snputc) for _snputc
    printfa.o(i.__0sprintf) refers (Special) to iusefp.o(.text) for __I$use$fp
    printfa.o(i.__0sprintf) refers to printfa.o(i._printf_core) for _printf_core
    printfa.o(i.__0sprintf) refers to printfa.o(i._sputc) for _sputc
    printfa.o(i.__0vfprintf) refers (Special) to iusefp.o(.text) for __I$use$fp
    printfa.o(i.__0vfprintf) refers to printfa.o(i._printf_core) for _printf_core
    printfa.o(i.__0vfprintf) refers to rs485.o(i.fputc) for fputc
    printfa.o(i.__0vprintf) refers (Special) to iusefp.o(.text) for __I$use$fp
    printfa.o(i.__0vprintf) refers to printfa.o(i._printf_core) for _printf_core
    printfa.o(i.__0vprintf) refers to rs485.o(i.fputc) for fputc
    printfa.o(i.__0vprintf) refers to stdout.o(.data) for __stdout
    printfa.o(i.__0vsnprintf) refers (Special) to iusefp.o(.text) for __I$use$fp
    printfa.o(i.__0vsnprintf) refers to printfa.o(i._printf_core) for _printf_core
    printfa.o(i.__0vsnprintf) refers to printfa.o(i._snputc) for _snputc
    printfa.o(i.__0vsprintf) refers (Special) to iusefp.o(.text) for __I$use$fp
    printfa.o(i.__0vsprintf) refers to printfa.o(i._printf_core) for _printf_core
    printfa.o(i.__0vsprintf) refers to printfa.o(i._sputc) for _sputc
    printfa.o(i._fp_digits) refers (Special) to iusefp.o(.text) for __I$use$fp
    printfa.o(i._fp_digits) refers to dmul.o(.text) for __aeabi_dmul
    printfa.o(i._fp_digits) refers to ddiv.o(.text) for __aeabi_ddiv
    printfa.o(i._fp_digits) refers to cdrcmple.o(.text) for __aeabi_cdrcmple
    printfa.o(i._fp_digits) refers to dadd.o(.text) for __aeabi_dadd
    printfa.o(i._fp_digits) refers to dfixul.o(.text) for __aeabi_d2ulz
    printfa.o(i._fp_digits) refers to uldiv.o(.text) for __aeabi_uldivmod
    printfa.o(i._printf_core) refers (Special) to iusefp.o(.text) for __I$use$fp
    printfa.o(i._printf_core) refers to printfa.o(i._printf_pre_padding) for _printf_pre_padding
    printfa.o(i._printf_core) refers to uldiv.o(.text) for __aeabi_uldivmod
    printfa.o(i._printf_core) refers to printfa.o(i._printf_post_padding) for _printf_post_padding
    printfa.o(i._printf_core) refers to printfa.o(i._fp_digits) for _fp_digits
    printfa.o(i._printf_core) refers to uidiv.o(.text) for __aeabi_uidivmod
    printfa.o(i._printf_post_padding) refers (Special) to iusefp.o(.text) for __I$use$fp
    printfa.o(i._printf_pre_padding) refers (Special) to iusefp.o(.text) for __I$use$fp
    printfa.o(i._snputc) refers (Special) to iusefp.o(.text) for __I$use$fp
    printfa.o(i._sputc) refers (Special) to iusefp.o(.text) for __I$use$fp
    entry2.o(.ARM.Collect$$$$00000001) refers to entry2.o(.ARM.Collect$$$$00002712) for __lit__00000000
    entry2.o(.ARM.Collect$$$$00002712) refers to startup_gd32f30x_xd.o(STACK) for __initial_sp
    entry2.o(__vectab_stack_and_reset_area) refers to startup_gd32f30x_xd.o(STACK) for __initial_sp
    entry2.o(__vectab_stack_and_reset_area) refers to entry.o(.ARM.Collect$$$$00000000) for __main
    entry5.o(.ARM.Collect$$$$00000004) refers to init.o(.text) for __scatterload
    entry9a.o(.ARM.Collect$$$$0000000B) refers to main.o(i.main) for main
    entry9b.o(.ARM.Collect$$$$0000000C) refers to main.o(i.main) for main
    uldiv.o(.text) refers to llushr.o(.text) for __aeabi_llsr
    uldiv.o(.text) refers to llshl.o(.text) for __aeabi_llsl
    dadd.o(.text) refers to llshl.o(.text) for __aeabi_llsl
    dadd.o(.text) refers to llsshr.o(.text) for __aeabi_lasr
    dadd.o(.text) refers to depilogue.o(.text) for _double_epilogue
    dmul.o(.text) refers to depilogue.o(.text) for _double_epilogue
    ddiv.o(.text) refers to depilogue.o(.text) for _double_round
    dfixul.o(.text) refers to llushr.o(.text) for __aeabi_llsr
    dfixul.o(.text) refers to llshl.o(.text) for __aeabi_llsl
    init.o(.text) refers to entry5.o(.ARM.Collect$$$$00000004) for __main_after_scatterload
    depilogue.o(.text) refers to llshl.o(.text) for __aeabi_llsl
    depilogue.o(.text) refers to llushr.o(.text) for __aeabi_llsr


==============================================================================

Removing Unused input sections from the image.

    Removing gd32f30x_it.o(.rev16_text), (4 bytes).
    Removing gd32f30x_it.o(.revsh_text), (4 bytes).
    Removing main.o(.rev16_text), (4 bytes).
    Removing main.o(.revsh_text), (4 bytes).
    Removing systick.o(.rev16_text), (4 bytes).
    Removing systick.o(.revsh_text), (4 bytes).
    Removing systick.o(i.NVIC_SetPriority), (40 bytes).
    Removing systick.o(i.systick_config), (80 bytes).
    Removing gd32f30x_adc.o(.rev16_text), (4 bytes).
    Removing gd32f30x_adc.o(.revsh_text), (4 bytes).
    Removing gd32f30x_adc.o(i.adc_calibration_enable), (42 bytes).
    Removing gd32f30x_adc.o(i.adc_channel_length_config), (70 bytes).
    Removing gd32f30x_adc.o(i.adc_data_alignment_config), (22 bytes).
    Removing gd32f30x_adc.o(i.adc_deinit), (88 bytes).
    Removing gd32f30x_adc.o(i.adc_disable), (10 bytes).
    Removing gd32f30x_adc.o(i.adc_discontinuous_mode_config), (76 bytes).
    Removing gd32f30x_adc.o(i.adc_dma_mode_disable), (10 bytes).
    Removing gd32f30x_adc.o(i.adc_dma_mode_enable), (10 bytes).
    Removing gd32f30x_adc.o(i.adc_enable), (18 bytes).
    Removing gd32f30x_adc.o(i.adc_external_trigger_config), (62 bytes).
    Removing gd32f30x_adc.o(i.adc_external_trigger_source_config), (48 bytes).
    Removing gd32f30x_adc.o(i.adc_flag_clear), (6 bytes).
    Removing gd32f30x_adc.o(i.adc_flag_get), (14 bytes).
    Removing gd32f30x_adc.o(i.adc_inserted_channel_config), (116 bytes).
    Removing gd32f30x_adc.o(i.adc_inserted_channel_offset_config), (36 bytes).
    Removing gd32f30x_adc.o(i.adc_inserted_data_read), (46 bytes).
    Removing gd32f30x_adc.o(i.adc_interrupt_disable), (44 bytes).
    Removing gd32f30x_adc.o(i.adc_interrupt_enable), (44 bytes).
    Removing gd32f30x_adc.o(i.adc_interrupt_flag_clear), (6 bytes).
    Removing gd32f30x_adc.o(i.adc_interrupt_flag_get), (88 bytes).
    Removing gd32f30x_adc.o(i.adc_mode_config), (28 bytes).
    Removing gd32f30x_adc.o(i.adc_oversample_mode_config), (58 bytes).
    Removing gd32f30x_adc.o(i.adc_oversample_mode_disable), (14 bytes).
    Removing gd32f30x_adc.o(i.adc_oversample_mode_enable), (14 bytes).
    Removing gd32f30x_adc.o(i.adc_regular_channel_config), (172 bytes).
    Removing gd32f30x_adc.o(i.adc_regular_data_read), (8 bytes).
    Removing gd32f30x_adc.o(i.adc_resolution_config), (20 bytes).
    Removing gd32f30x_adc.o(i.adc_software_trigger_enable), (30 bytes).
    Removing gd32f30x_adc.o(i.adc_special_function_config), (90 bytes).
    Removing gd32f30x_adc.o(i.adc_sync_mode_convert_value_read), (12 bytes).
    Removing gd32f30x_adc.o(i.adc_tempsensor_vrefint_disable), (20 bytes).
    Removing gd32f30x_adc.o(i.adc_tempsensor_vrefint_enable), (20 bytes).
    Removing gd32f30x_adc.o(i.adc_watchdog_disable), (16 bytes).
    Removing gd32f30x_adc.o(i.adc_watchdog_group_channel_enable), (64 bytes).
    Removing gd32f30x_adc.o(i.adc_watchdog_single_channel_enable), (32 bytes).
    Removing gd32f30x_adc.o(i.adc_watchdog_threshold_config), (14 bytes).
    Removing gd32f30x_ctc.o(.rev16_text), (4 bytes).
    Removing gd32f30x_ctc.o(.revsh_text), (4 bytes).
    Removing gd32f30x_ctc.o(i.ctc_clock_limit_value_config), (28 bytes).
    Removing gd32f30x_ctc.o(i.ctc_counter_capture_value_read), (16 bytes).
    Removing gd32f30x_ctc.o(i.ctc_counter_direction_read), (24 bytes).
    Removing gd32f30x_ctc.o(i.ctc_counter_disable), (20 bytes).
    Removing gd32f30x_ctc.o(i.ctc_counter_enable), (20 bytes).
    Removing gd32f30x_ctc.o(i.ctc_counter_reload_value_config), (28 bytes).
    Removing gd32f30x_ctc.o(i.ctc_counter_reload_value_read), (16 bytes).
    Removing gd32f30x_ctc.o(i.ctc_deinit), (20 bytes).
    Removing gd32f30x_ctc.o(i.ctc_flag_clear), (36 bytes).
    Removing gd32f30x_ctc.o(i.ctc_flag_get), (24 bytes).
    Removing gd32f30x_ctc.o(i.ctc_hardware_trim_mode_config), (28 bytes).
    Removing gd32f30x_ctc.o(i.ctc_interrupt_disable), (16 bytes).
    Removing gd32f30x_ctc.o(i.ctc_interrupt_enable), (16 bytes).
    Removing gd32f30x_ctc.o(i.ctc_interrupt_flag_clear), (36 bytes).
    Removing gd32f30x_ctc.o(i.ctc_interrupt_flag_get), (56 bytes).
    Removing gd32f30x_ctc.o(i.ctc_irc48m_trim_value_config), (28 bytes).
    Removing gd32f30x_ctc.o(i.ctc_irc48m_trim_value_read), (16 bytes).
    Removing gd32f30x_ctc.o(i.ctc_refsource_polarity_config), (28 bytes).
    Removing gd32f30x_ctc.o(i.ctc_refsource_prescaler_config), (28 bytes).
    Removing gd32f30x_ctc.o(i.ctc_refsource_signal_select), (28 bytes).
    Removing gd32f30x_ctc.o(i.ctc_software_refsource_pulse_generate), (20 bytes).
    Removing gd32f30x_dbg.o(.rev16_text), (4 bytes).
    Removing gd32f30x_dbg.o(.revsh_text), (4 bytes).
    Removing gd32f30x_dbg.o(i.dbg_deinit), (12 bytes).
    Removing gd32f30x_dbg.o(i.dbg_id_get), (12 bytes).
    Removing gd32f30x_dbg.o(i.dbg_low_power_disable), (16 bytes).
    Removing gd32f30x_dbg.o(i.dbg_low_power_enable), (16 bytes).
    Removing gd32f30x_dbg.o(i.dbg_periph_disable), (32 bytes).
    Removing gd32f30x_dbg.o(i.dbg_periph_enable), (32 bytes).
    Removing gd32f30x_dbg.o(i.dbg_trace_pin_disable), (20 bytes).
    Removing gd32f30x_dbg.o(i.dbg_trace_pin_enable), (20 bytes).
    Removing gd32f30x_dma.o(.rev16_text), (4 bytes).
    Removing gd32f30x_dma.o(.revsh_text), (4 bytes).
    Removing gd32f30x_dma.o(i.dma_channel_disable), (50 bytes).
    Removing gd32f30x_dma.o(i.dma_channel_enable), (50 bytes).
    Removing gd32f30x_dma.o(i.dma_circulation_disable), (50 bytes).
    Removing gd32f30x_dma.o(i.dma_circulation_enable), (50 bytes).
    Removing gd32f30x_dma.o(i.dma_deinit), (112 bytes).
    Removing gd32f30x_dma.o(i.dma_flag_clear), (16 bytes).
    Removing gd32f30x_dma.o(i.dma_flag_get), (24 bytes).
    Removing gd32f30x_dma.o(i.dma_init), (302 bytes).
    Removing gd32f30x_dma.o(i.dma_interrupt_disable), (50 bytes).
    Removing gd32f30x_dma.o(i.dma_interrupt_enable), (50 bytes).
    Removing gd32f30x_dma.o(i.dma_interrupt_flag_clear), (16 bytes).
    Removing gd32f30x_dma.o(i.dma_interrupt_flag_get), (130 bytes).
    Removing gd32f30x_dma.o(i.dma_memory_address_config), (36 bytes).
    Removing gd32f30x_dma.o(i.dma_memory_increase_disable), (50 bytes).
    Removing gd32f30x_dma.o(i.dma_memory_increase_enable), (50 bytes).
    Removing gd32f30x_dma.o(i.dma_memory_to_memory_disable), (50 bytes).
    Removing gd32f30x_dma.o(i.dma_memory_to_memory_enable), (50 bytes).
    Removing gd32f30x_dma.o(i.dma_memory_width_config), (58 bytes).
    Removing gd32f30x_dma.o(i.dma_periph_address_config), (36 bytes).
    Removing gd32f30x_dma.o(i.dma_periph_and_channel_check), (24 bytes).
    Removing gd32f30x_dma.o(i.dma_periph_increase_disable), (50 bytes).
    Removing gd32f30x_dma.o(i.dma_periph_increase_enable), (50 bytes).
    Removing gd32f30x_dma.o(i.dma_periph_width_config), (58 bytes).
    Removing gd32f30x_dma.o(i.dma_priority_config), (58 bytes).
    Removing gd32f30x_dma.o(i.dma_struct_para_init), (28 bytes).
    Removing gd32f30x_dma.o(i.dma_transfer_direction_config), (84 bytes).
    Removing gd32f30x_dma.o(i.dma_transfer_number_config), (38 bytes).
    Removing gd32f30x_dma.o(i.dma_transfer_number_get), (34 bytes).
    Removing gd32f30x_exmc.o(.rev16_text), (4 bytes).
    Removing gd32f30x_exmc.o(.revsh_text), (4 bytes).
    Removing gd32f30x_exmc.o(i.exmc_ecc_get), (12 bytes).
    Removing gd32f30x_exmc.o(i.exmc_flag_clear), (20 bytes).
    Removing gd32f30x_exmc.o(i.exmc_flag_get), (28 bytes).
    Removing gd32f30x_exmc.o(i.exmc_interrupt_disable), (20 bytes).
    Removing gd32f30x_exmc.o(i.exmc_interrupt_enable), (20 bytes).
    Removing gd32f30x_exmc.o(i.exmc_interrupt_flag_clear), (22 bytes).
    Removing gd32f30x_exmc.o(i.exmc_interrupt_flag_get), (38 bytes).
    Removing gd32f30x_exmc.o(i.exmc_nand_deinit), (42 bytes).
    Removing gd32f30x_exmc.o(i.exmc_nand_disable), (22 bytes).
    Removing gd32f30x_exmc.o(i.exmc_nand_ecc_config), (48 bytes).
    Removing gd32f30x_exmc.o(i.exmc_nand_enable), (22 bytes).
    Removing gd32f30x_exmc.o(i.exmc_nand_init), (174 bytes).
    Removing gd32f30x_exmc.o(i.exmc_nand_struct_para_init), (54 bytes).
    Removing gd32f30x_exmc.o(i.exmc_norsram_deinit), (52 bytes).
    Removing gd32f30x_exmc.o(i.exmc_norsram_disable), (22 bytes).
    Removing gd32f30x_exmc.o(i.exmc_norsram_enable), (22 bytes).
    Removing gd32f30x_exmc.o(i.exmc_norsram_init), (284 bytes).
    Removing gd32f30x_exmc.o(i.exmc_norsram_page_size_config), (40 bytes).
    Removing gd32f30x_exmc.o(i.exmc_norsram_struct_para_init), (106 bytes).
    Removing gd32f30x_exmc.o(i.exmc_pccard_deinit), (40 bytes).
    Removing gd32f30x_exmc.o(i.exmc_pccard_disable), (24 bytes).
    Removing gd32f30x_exmc.o(i.exmc_pccard_enable), (24 bytes).
    Removing gd32f30x_exmc.o(i.exmc_pccard_init), (192 bytes).
    Removing gd32f30x_exmc.o(i.exmc_pccard_struct_para_init), (60 bytes).
    Removing gd32f30x_exti.o(.rev16_text), (4 bytes).
    Removing gd32f30x_exti.o(.revsh_text), (4 bytes).
    Removing gd32f30x_exti.o(i.exti_deinit), (28 bytes).
    Removing gd32f30x_exti.o(i.exti_event_disable), (16 bytes).
    Removing gd32f30x_exti.o(i.exti_event_enable), (16 bytes).
    Removing gd32f30x_exti.o(i.exti_flag_clear), (12 bytes).
    Removing gd32f30x_exti.o(i.exti_flag_get), (24 bytes).
    Removing gd32f30x_exti.o(i.exti_init), (188 bytes).
    Removing gd32f30x_exti.o(i.exti_interrupt_disable), (16 bytes).
    Removing gd32f30x_exti.o(i.exti_interrupt_enable), (16 bytes).
    Removing gd32f30x_exti.o(i.exti_interrupt_flag_clear), (12 bytes).
    Removing gd32f30x_exti.o(i.exti_interrupt_flag_get), (24 bytes).
    Removing gd32f30x_exti.o(i.exti_software_interrupt_disable), (16 bytes).
    Removing gd32f30x_exti.o(i.exti_software_interrupt_enable), (16 bytes).
    Removing gd32f30x_fmc.o(.rev16_text), (4 bytes).
    Removing gd32f30x_fmc.o(.revsh_text), (4 bytes).
    Removing gd32f30x_fmc.o(i.fmc_bank0_erase), (68 bytes).
    Removing gd32f30x_fmc.o(i.fmc_bank0_lock), (20 bytes).
    Removing gd32f30x_fmc.o(i.fmc_bank0_unlock), (36 bytes).
    Removing gd32f30x_fmc.o(i.fmc_bank1_erase), (68 bytes).
    Removing gd32f30x_fmc.o(i.fmc_bank1_lock), (20 bytes).
    Removing gd32f30x_fmc.o(i.fmc_bank1_unlock), (36 bytes).
    Removing gd32f30x_fmc.o(i.fmc_flag_get), (36 bytes).
    Removing gd32f30x_fmc.o(i.fmc_interrupt_disable), (32 bytes).
    Removing gd32f30x_fmc.o(i.fmc_interrupt_enable), (32 bytes).
    Removing gd32f30x_fmc.o(i.fmc_interrupt_flag_clear), (32 bytes).
    Removing gd32f30x_fmc.o(i.fmc_interrupt_flag_get), (108 bytes).
    Removing gd32f30x_fmc.o(i.fmc_mass_erase), (192 bytes).
    Removing gd32f30x_fmc.o(i.fmc_word_program), (184 bytes).
    Removing gd32f30x_fmc.o(i.fmc_word_reprogram), (236 bytes).
    Removing gd32f30x_fmc.o(i.fmc_wscnt_set), (24 bytes).
    Removing gd32f30x_fmc.o(i.ob_data_get), (16 bytes).
    Removing gd32f30x_fmc.o(i.ob_data_program), (68 bytes).
    Removing gd32f30x_fmc.o(i.ob_erase), (140 bytes).
    Removing gd32f30x_fmc.o(i.ob_lock), (20 bytes).
    Removing gd32f30x_fmc.o(i.ob_security_protection_config), (132 bytes).
    Removing gd32f30x_fmc.o(i.ob_spc_get), (24 bytes).
    Removing gd32f30x_fmc.o(i.ob_unlock), (36 bytes).
    Removing gd32f30x_fmc.o(i.ob_user_get), (16 bytes).
    Removing gd32f30x_fmc.o(i.ob_user_write), (96 bytes).
    Removing gd32f30x_fmc.o(i.ob_write_protection_enable), (164 bytes).
    Removing gd32f30x_fmc.o(i.ob_write_protection_get), (12 bytes).
    Removing gd32f30x_fwdgt.o(.rev16_text), (4 bytes).
    Removing gd32f30x_fwdgt.o(.revsh_text), (4 bytes).
    Removing gd32f30x_fwdgt.o(i.fwdgt_config), (104 bytes).
    Removing gd32f30x_fwdgt.o(i.fwdgt_counter_reload), (16 bytes).
    Removing gd32f30x_fwdgt.o(i.fwdgt_enable), (16 bytes).
    Removing gd32f30x_fwdgt.o(i.fwdgt_flag_get), (24 bytes).
    Removing gd32f30x_fwdgt.o(i.fwdgt_prescaler_value_config), (60 bytes).
    Removing gd32f30x_fwdgt.o(i.fwdgt_reload_value_config), (64 bytes).
    Removing gd32f30x_fwdgt.o(i.fwdgt_write_disable), (12 bytes).
    Removing gd32f30x_fwdgt.o(i.fwdgt_write_enable), (16 bytes).
    Removing gd32f30x_gpio.o(.rev16_text), (4 bytes).
    Removing gd32f30x_gpio.o(.revsh_text), (4 bytes).
    Removing gd32f30x_gpio.o(i.gpio_afio_deinit), (20 bytes).
    Removing gd32f30x_gpio.o(i.gpio_bit_write), (10 bytes).
    Removing gd32f30x_gpio.o(i.gpio_compensation_config), (24 bytes).
    Removing gd32f30x_gpio.o(i.gpio_compensation_flag_get), (24 bytes).
    Removing gd32f30x_gpio.o(i.gpio_deinit), (196 bytes).
    Removing gd32f30x_gpio.o(i.gpio_event_output_config), (28 bytes).
    Removing gd32f30x_gpio.o(i.gpio_event_output_disable), (20 bytes).
    Removing gd32f30x_gpio.o(i.gpio_event_output_enable), (20 bytes).
    Removing gd32f30x_gpio.o(i.gpio_exti_source_select), (152 bytes).
    Removing gd32f30x_gpio.o(i.gpio_input_bit_get), (16 bytes).
    Removing gd32f30x_gpio.o(i.gpio_input_port_get), (8 bytes).
    Removing gd32f30x_gpio.o(i.gpio_output_bit_get), (16 bytes).
    Removing gd32f30x_gpio.o(i.gpio_output_port_get), (8 bytes).
    Removing gd32f30x_gpio.o(i.gpio_pin_lock), (18 bytes).
    Removing gd32f30x_gpio.o(i.gpio_port_write), (4 bytes).
    Removing gd32f30x_misc.o(.rev16_text), (4 bytes).
    Removing gd32f30x_misc.o(.revsh_text), (4 bytes).
    Removing gd32f30x_misc.o(i.nvic_irq_disable), (24 bytes).
    Removing gd32f30x_misc.o(i.nvic_irq_enable), (196 bytes).
    Removing gd32f30x_misc.o(i.nvic_priority_group_set), (20 bytes).
    Removing gd32f30x_misc.o(i.system_lowpower_reset), (16 bytes).
    Removing gd32f30x_misc.o(i.system_lowpower_set), (16 bytes).
    Removing gd32f30x_misc.o(i.systick_clksource_set), (40 bytes).
    Removing gd32f30x_pmu.o(.rev16_text), (4 bytes).
    Removing gd32f30x_pmu.o(.revsh_text), (4 bytes).
    Removing gd32f30x_pmu.o(i.pmu_backup_write_disable), (20 bytes).
    Removing gd32f30x_pmu.o(i.pmu_backup_write_enable), (20 bytes).
    Removing gd32f30x_pmu.o(i.pmu_deinit), (20 bytes).
    Removing gd32f30x_pmu.o(i.pmu_flag_clear), (48 bytes).
    Removing gd32f30x_pmu.o(i.pmu_flag_get), (24 bytes).
    Removing gd32f30x_pmu.o(i.pmu_highdriver_mode_disable), (20 bytes).
    Removing gd32f30x_pmu.o(i.pmu_highdriver_mode_enable), (20 bytes).
    Removing gd32f30x_pmu.o(i.pmu_highdriver_switch_select), (44 bytes).
    Removing gd32f30x_pmu.o(i.pmu_ldo_output_select), (28 bytes).
    Removing gd32f30x_pmu.o(i.pmu_lowdriver_mode_disable), (20 bytes).
    Removing gd32f30x_pmu.o(i.pmu_lowdriver_mode_enable), (20 bytes).
    Removing gd32f30x_pmu.o(i.pmu_lowpower_driver_config), (28 bytes).
    Removing gd32f30x_pmu.o(i.pmu_lvd_disable), (20 bytes).
    Removing gd32f30x_pmu.o(i.pmu_lvd_select), (48 bytes).
    Removing gd32f30x_pmu.o(i.pmu_normalpower_driver_config), (28 bytes).
    Removing gd32f30x_pmu.o(i.pmu_to_deepsleepmode), (244 bytes).
    Removing gd32f30x_pmu.o(i.pmu_to_sleepmode), (28 bytes).
    Removing gd32f30x_pmu.o(i.pmu_to_standbymode), (100 bytes).
    Removing gd32f30x_pmu.o(i.pmu_wakeup_pin_disable), (20 bytes).
    Removing gd32f30x_pmu.o(i.pmu_wakeup_pin_enable), (20 bytes).
    Removing gd32f30x_pmu.o(.bss), (16 bytes).
    Removing gd32f30x_rcu.o(.rev16_text), (4 bytes).
    Removing gd32f30x_rcu.o(.revsh_text), (4 bytes).
    Removing gd32f30x_rcu.o(i.rcu_adc_clock_config), (108 bytes).
    Removing gd32f30x_rcu.o(i.rcu_ahb_clock_config), (24 bytes).
    Removing gd32f30x_rcu.o(i.rcu_all_reset_flag_clear), (20 bytes).
    Removing gd32f30x_rcu.o(i.rcu_apb1_clock_config), (24 bytes).
    Removing gd32f30x_rcu.o(i.rcu_apb2_clock_config), (24 bytes).
    Removing gd32f30x_rcu.o(i.rcu_bkp_reset_disable), (20 bytes).
    Removing gd32f30x_rcu.o(i.rcu_bkp_reset_enable), (20 bytes).
    Removing gd32f30x_rcu.o(i.rcu_ck48m_clock_config), (28 bytes).
    Removing gd32f30x_rcu.o(i.rcu_ckout0_config), (24 bytes).
    Removing gd32f30x_rcu.o(i.rcu_deepsleep_voltage_set), (16 bytes).
    Removing gd32f30x_rcu.o(i.rcu_deinit), (120 bytes).
    Removing gd32f30x_rcu.o(i.rcu_flag_get), (36 bytes).
    Removing gd32f30x_rcu.o(i.rcu_hxtal_clock_monitor_disable), (20 bytes).
    Removing gd32f30x_rcu.o(i.rcu_hxtal_clock_monitor_enable), (20 bytes).
    Removing gd32f30x_rcu.o(i.rcu_interrupt_disable), (32 bytes).
    Removing gd32f30x_rcu.o(i.rcu_interrupt_enable), (32 bytes).
    Removing gd32f30x_rcu.o(i.rcu_interrupt_flag_clear), (32 bytes).
    Removing gd32f30x_rcu.o(i.rcu_interrupt_flag_get), (36 bytes).
    Removing gd32f30x_rcu.o(i.rcu_irc8m_adjust_value_set), (28 bytes).
    Removing gd32f30x_rcu.o(i.rcu_lxtal_drive_capability_config), (24 bytes).
    Removing gd32f30x_rcu.o(i.rcu_osci_bypass_mode_disable), (100 bytes).
    Removing gd32f30x_rcu.o(i.rcu_osci_bypass_mode_enable), (100 bytes).
    Removing gd32f30x_rcu.o(i.rcu_osci_off), (32 bytes).
    Removing gd32f30x_rcu.o(i.rcu_osci_on), (32 bytes).
    Removing gd32f30x_rcu.o(i.rcu_osci_stab_wait), (272 bytes).
    Removing gd32f30x_rcu.o(i.rcu_periph_clock_disable), (32 bytes).
    Removing gd32f30x_rcu.o(i.rcu_periph_clock_sleep_disable), (32 bytes).
    Removing gd32f30x_rcu.o(i.rcu_periph_clock_sleep_enable), (32 bytes).
    Removing gd32f30x_rcu.o(i.rcu_pll_config), (32 bytes).
    Removing gd32f30x_rcu.o(i.rcu_pllpresel_config), (24 bytes).
    Removing gd32f30x_rcu.o(i.rcu_predv0_config), (32 bytes).
    Removing gd32f30x_rcu.o(i.rcu_rtc_clock_config), (24 bytes).
    Removing gd32f30x_rcu.o(i.rcu_system_clock_source_config), (24 bytes).
    Removing gd32f30x_rcu.o(i.rcu_system_clock_source_get), (16 bytes).
    Removing gd32f30x_rcu.o(i.rcu_usb_clock_config), (24 bytes).
    Removing gd32f30x_rtc.o(.rev16_text), (4 bytes).
    Removing gd32f30x_rtc.o(.revsh_text), (4 bytes).
    Removing gd32f30x_rtc.o(i.rtc_alarm_config), (32 bytes).
    Removing gd32f30x_rtc.o(i.rtc_configuration_mode_enter), (20 bytes).
    Removing gd32f30x_rtc.o(i.rtc_configuration_mode_exit), (20 bytes).
    Removing gd32f30x_rtc.o(i.rtc_counter_get), (20 bytes).
    Removing gd32f30x_rtc.o(i.rtc_counter_set), (32 bytes).
    Removing gd32f30x_rtc.o(i.rtc_divider_get), (24 bytes).
    Removing gd32f30x_rtc.o(i.rtc_flag_clear), (16 bytes).
    Removing gd32f30x_rtc.o(i.rtc_flag_get), (24 bytes).
    Removing gd32f30x_rtc.o(i.rtc_interrupt_disable), (16 bytes).
    Removing gd32f30x_rtc.o(i.rtc_interrupt_enable), (16 bytes).
    Removing gd32f30x_rtc.o(i.rtc_lwoff_wait), (20 bytes).
    Removing gd32f30x_rtc.o(i.rtc_prescaler_set), (32 bytes).
    Removing gd32f30x_rtc.o(i.rtc_register_sync_wait), (32 bytes).
    Removing gd32f30x_timer.o(.rev16_text), (4 bytes).
    Removing gd32f30x_timer.o(.revsh_text), (4 bytes).
    Removing gd32f30x_timer.o(i.timer_auto_reload_shadow_disable), (10 bytes).
    Removing gd32f30x_timer.o(i.timer_auto_reload_shadow_enable), (10 bytes).
    Removing gd32f30x_timer.o(i.timer_automatic_output_disable), (10 bytes).
    Removing gd32f30x_timer.o(i.timer_automatic_output_enable), (10 bytes).
    Removing gd32f30x_timer.o(i.timer_autoreload_value_config), (4 bytes).
    Removing gd32f30x_timer.o(i.timer_break_config), (30 bytes).
    Removing gd32f30x_timer.o(i.timer_break_disable), (10 bytes).
    Removing gd32f30x_timer.o(i.timer_break_enable), (10 bytes).
    Removing gd32f30x_timer.o(i.timer_break_struct_para_init), (18 bytes).
    Removing gd32f30x_timer.o(i.timer_channel_capture_value_register_read), (42 bytes).
    Removing gd32f30x_timer.o(i.timer_channel_complementary_output_polarity_config), (70 bytes).
    Removing gd32f30x_timer.o(i.timer_channel_complementary_output_state_config), (70 bytes).
    Removing gd32f30x_timer.o(i.timer_channel_control_shadow_config), (24 bytes).
    Removing gd32f30x_timer.o(i.timer_channel_control_shadow_update_config), (26 bytes).
    Removing gd32f30x_timer.o(i.timer_channel_dma_request_source_select), (26 bytes).
    Removing gd32f30x_timer.o(i.timer_channel_input_capture_prescaler_config), (90 bytes).
    Removing gd32f30x_timer.o(i.timer_channel_input_struct_para_init), (16 bytes).
    Removing gd32f30x_timer.o(i.timer_channel_output_clear_config), (90 bytes).
    Removing gd32f30x_timer.o(i.timer_channel_output_config), (492 bytes).
    Removing gd32f30x_timer.o(i.timer_channel_output_fast_config), (90 bytes).
    Removing gd32f30x_timer.o(i.timer_channel_output_mode_config), (90 bytes).
    Removing gd32f30x_timer.o(i.timer_channel_output_polarity_config), (92 bytes).
    Removing gd32f30x_timer.o(i.timer_channel_output_pulse_value_config), (38 bytes).
    Removing gd32f30x_timer.o(i.timer_channel_output_shadow_config), (90 bytes).
    Removing gd32f30x_timer.o(i.timer_channel_output_state_config), (92 bytes).
    Removing gd32f30x_timer.o(i.timer_channel_output_struct_para_init), (16 bytes).
    Removing gd32f30x_timer.o(i.timer_counter_alignment), (16 bytes).
    Removing gd32f30x_timer.o(i.timer_counter_down_direction), (10 bytes).
    Removing gd32f30x_timer.o(i.timer_counter_read), (8 bytes).
    Removing gd32f30x_timer.o(i.timer_counter_up_direction), (10 bytes).
    Removing gd32f30x_timer.o(i.timer_counter_value_config), (4 bytes).
    Removing gd32f30x_timer.o(i.timer_deinit), (388 bytes).
    Removing gd32f30x_timer.o(i.timer_disable), (10 bytes).
    Removing gd32f30x_timer.o(i.timer_dma_disable), (8 bytes).
    Removing gd32f30x_timer.o(i.timer_dma_enable), (8 bytes).
    Removing gd32f30x_timer.o(i.timer_dma_transfer_config), (24 bytes).
    Removing gd32f30x_timer.o(i.timer_enable), (10 bytes).
    Removing gd32f30x_timer.o(i.timer_event_software_generate), (8 bytes).
    Removing gd32f30x_timer.o(i.timer_external_clock_mode0_config), (40 bytes).
    Removing gd32f30x_timer.o(i.timer_external_clock_mode1_config), (32 bytes).
    Removing gd32f30x_timer.o(i.timer_external_clock_mode1_disable), (10 bytes).
    Removing gd32f30x_timer.o(i.timer_external_trigger_as_external_clock_config), (166 bytes).
    Removing gd32f30x_timer.o(i.timer_external_trigger_config), (30 bytes).
    Removing gd32f30x_timer.o(i.timer_flag_clear), (6 bytes).
    Removing gd32f30x_timer.o(i.timer_flag_get), (16 bytes).
    Removing gd32f30x_timer.o(i.timer_hall_mode_config), (26 bytes).
    Removing gd32f30x_timer.o(i.timer_init), (152 bytes).
    Removing gd32f30x_timer.o(i.timer_input_capture_config), (326 bytes).
    Removing gd32f30x_timer.o(i.timer_input_pwm_capture_config), (356 bytes).
    Removing gd32f30x_timer.o(i.timer_input_trigger_source_select), (16 bytes).
    Removing gd32f30x_timer.o(i.timer_internal_clock_config), (10 bytes).
    Removing gd32f30x_timer.o(i.timer_internal_trigger_as_external_clock_config), (32 bytes).
    Removing gd32f30x_timer.o(i.timer_interrupt_disable), (8 bytes).
    Removing gd32f30x_timer.o(i.timer_interrupt_enable), (8 bytes).
    Removing gd32f30x_timer.o(i.timer_interrupt_flag_clear), (6 bytes).
    Removing gd32f30x_timer.o(i.timer_interrupt_flag_get), (24 bytes).
    Removing gd32f30x_timer.o(i.timer_master_output_trigger_source_select), (16 bytes).
    Removing gd32f30x_timer.o(i.timer_master_slave_mode_config), (26 bytes).
    Removing gd32f30x_timer.o(i.timer_output_value_selection_config), (34 bytes).
    Removing gd32f30x_timer.o(i.timer_prescaler_config), (14 bytes).
    Removing gd32f30x_timer.o(i.timer_prescaler_read), (10 bytes).
    Removing gd32f30x_timer.o(i.timer_primary_output_config), (24 bytes).
    Removing gd32f30x_timer.o(i.timer_quadrature_decoder_mode_config), (64 bytes).
    Removing gd32f30x_timer.o(i.timer_repetition_value_config), (4 bytes).
    Removing gd32f30x_timer.o(i.timer_single_pulse_mode_config), (26 bytes).
    Removing gd32f30x_timer.o(i.timer_slave_mode_select), (16 bytes).
    Removing gd32f30x_timer.o(i.timer_struct_para_init), (22 bytes).
    Removing gd32f30x_timer.o(i.timer_update_event_disable), (10 bytes).
    Removing gd32f30x_timer.o(i.timer_update_event_enable), (10 bytes).
    Removing gd32f30x_timer.o(i.timer_update_source_config), (26 bytes).
    Removing gd32f30x_timer.o(i.timer_write_chxval_register_config), (34 bytes).
    Removing gd32f30x_usart.o(.rev16_text), (4 bytes).
    Removing gd32f30x_usart.o(.revsh_text), (4 bytes).
    Removing gd32f30x_usart.o(i.usart_address_config), (20 bytes).
    Removing gd32f30x_usart.o(i.usart_block_length_config), (28 bytes).
    Removing gd32f30x_usart.o(i.usart_data_first_config), (20 bytes).
    Removing gd32f30x_usart.o(i.usart_disable), (10 bytes).
    Removing gd32f30x_usart.o(i.usart_dma_receive_config), (20 bytes).
    Removing gd32f30x_usart.o(i.usart_dma_transmit_config), (20 bytes).
    Removing gd32f30x_usart.o(i.usart_guard_time_config), (24 bytes).
    Removing gd32f30x_usart.o(i.usart_halfduplex_disable), (10 bytes).
    Removing gd32f30x_usart.o(i.usart_halfduplex_enable), (10 bytes).
    Removing gd32f30x_usart.o(i.usart_hardware_flow_cts_config), (20 bytes).
    Removing gd32f30x_usart.o(i.usart_hardware_flow_rts_config), (20 bytes).
    Removing gd32f30x_usart.o(i.usart_interrupt_disable), (26 bytes).
    Removing gd32f30x_usart.o(i.usart_interrupt_enable), (26 bytes).
    Removing gd32f30x_usart.o(i.usart_interrupt_flag_clear), (18 bytes).
    Removing gd32f30x_usart.o(i.usart_interrupt_flag_get), (56 bytes).
    Removing gd32f30x_usart.o(i.usart_invert_config), (104 bytes).
    Removing gd32f30x_usart.o(i.usart_irda_lowpower_config), (20 bytes).
    Removing gd32f30x_usart.o(i.usart_irda_mode_disable), (10 bytes).
    Removing gd32f30x_usart.o(i.usart_irda_mode_enable), (10 bytes).
    Removing gd32f30x_usart.o(i.usart_lin_break_detection_length_config), (20 bytes).
    Removing gd32f30x_usart.o(i.usart_lin_mode_disable), (10 bytes).
    Removing gd32f30x_usart.o(i.usart_lin_mode_enable), (10 bytes).
    Removing gd32f30x_usart.o(i.usart_mute_mode_disable), (10 bytes).
    Removing gd32f30x_usart.o(i.usart_mute_mode_enable), (10 bytes).
    Removing gd32f30x_usart.o(i.usart_mute_mode_wakeup_config), (16 bytes).
    Removing gd32f30x_usart.o(i.usart_parity_config), (16 bytes).
    Removing gd32f30x_usart.o(i.usart_prescaler_config), (16 bytes).
    Removing gd32f30x_usart.o(i.usart_receiver_timeout_disable), (14 bytes).
    Removing gd32f30x_usart.o(i.usart_receiver_timeout_enable), (14 bytes).
    Removing gd32f30x_usart.o(i.usart_receiver_timeout_threshold_config), (20 bytes).
    Removing gd32f30x_usart.o(i.usart_send_break), (10 bytes).
    Removing gd32f30x_usart.o(i.usart_smartcard_autoretry_config), (26 bytes).
    Removing gd32f30x_usart.o(i.usart_smartcard_mode_disable), (10 bytes).
    Removing gd32f30x_usart.o(i.usart_smartcard_mode_enable), (10 bytes).
    Removing gd32f30x_usart.o(i.usart_smartcard_mode_nack_disable), (10 bytes).
    Removing gd32f30x_usart.o(i.usart_smartcard_mode_nack_enable), (10 bytes).
    Removing gd32f30x_usart.o(i.usart_stop_bit_set), (16 bytes).
    Removing gd32f30x_usart.o(i.usart_synchronous_clock_config), (34 bytes).
    Removing gd32f30x_usart.o(i.usart_synchronous_clock_disable), (10 bytes).
    Removing gd32f30x_usart.o(i.usart_synchronous_clock_enable), (10 bytes).
    Removing gd32f30x_usart.o(i.usart_word_length_set), (16 bytes).
    Removing delay.o(.rev16_text), (4 bytes).
    Removing delay.o(.revsh_text), (4 bytes).
    Removing rs485.o(.rev16_text), (4 bytes).
    Removing rs485.o(.revsh_text), (4 bytes).
    Removing update.o(.rev16_text), (4 bytes).
    Removing update.o(.revsh_text), (4 bytes).
    Removing update.o(i.Int2Str), (88 bytes).
    Removing bootloader.o(.rev16_text), (4 bytes).
    Removing bootloader.o(.revsh_text), (4 bytes).
    Removing flash_drv.o(.rev16_text), (4 bytes).
    Removing flash_drv.o(.revsh_text), (4 bytes).
    Removing flash_drv.o(i.FlashRead), (44 bytes).
    Removing 74hc595.o(.rev16_text), (4 bytes).
    Removing 74hc595.o(.revsh_text), (4 bytes).
    Removing retarget_io.o(i.__aeabi_assert), (156 bytes).
    Removing retarget_io.o(i.__backspace), (8 bytes).
    Removing retarget_io.o(i.abort), (4 bytes).
    Removing retarget_io.o(i.fgetc), (8 bytes).
    Removing retarget_io.o(i.fputc), (32 bytes).
    Removing retarget_io.o(i.stderr_putchar), (4 bytes).
    Removing startup_gd32f30x_xd.o(HEAP), (1024 bytes).
    Removing system_gd32f30x.o(.rev16_text), (4 bytes).
    Removing system_gd32f30x.o(.revsh_text), (4 bytes).
    Removing system_gd32f30x.o(i.SystemCoreClockUpdate), (316 bytes).
    Removing system_gd32f30x.o(.data), (4 bytes).
    Removing dadd.o(.text), (334 bytes).
    Removing dmul.o(.text), (228 bytes).
    Removing ddiv.o(.text), (222 bytes).
    Removing dfixul.o(.text), (48 bytes).
    Removing cdrcmple.o(.text), (48 bytes).
    Removing depilogue.o(.text), (186 bytes).

434 unused section(s) (total 18792 bytes) removed from the image.

==============================================================================

Image Symbol Table

    Local Symbols

    Symbol Name                              Value     Ov Type        Size  Object(Section)

    ../clib/microlib/division.c              0x00000000   Number         0  uidiv.o ABSOLUTE
    ../clib/microlib/division.c              0x00000000   Number         0  uldiv.o ABSOLUTE
    ../clib/microlib/init/entry.s            0x00000000   Number         0  entry10b.o ABSOLUTE
    ../clib/microlib/init/entry.s            0x00000000   Number         0  entry5.o ABSOLUTE
    ../clib/microlib/init/entry.s            0x00000000   Number         0  entry2.o ABSOLUTE
    ../clib/microlib/init/entry.s            0x00000000   Number         0  entry7a.o ABSOLUTE
    ../clib/microlib/init/entry.s            0x00000000   Number         0  entry11a.o ABSOLUTE
    ../clib/microlib/init/entry.s            0x00000000   Number         0  entry11b.o ABSOLUTE
    ../clib/microlib/init/entry.s            0x00000000   Number         0  entry.o ABSOLUTE
    ../clib/microlib/init/entry.s            0x00000000   Number         0  entry7b.o ABSOLUTE
    ../clib/microlib/init/entry.s            0x00000000   Number         0  entry8a.o ABSOLUTE
    ../clib/microlib/init/entry.s            0x00000000   Number         0  entry8b.o ABSOLUTE
    ../clib/microlib/init/entry.s            0x00000000   Number         0  entry9a.o ABSOLUTE
    ../clib/microlib/init/entry.s            0x00000000   Number         0  entry9b.o ABSOLUTE
    ../clib/microlib/init/entry.s            0x00000000   Number         0  entry10a.o ABSOLUTE
    ../clib/microlib/longlong.c              0x00000000   Number         0  llshl.o ABSOLUTE
    ../clib/microlib/longlong.c              0x00000000   Number         0  llushr.o ABSOLUTE
    ../clib/microlib/longlong.c              0x00000000   Number         0  llsshr.o ABSOLUTE
    ../clib/microlib/printf/printf.c         0x00000000   Number         0  printf1.o ABSOLUTE
    ../clib/microlib/printf/printf.c         0x00000000   Number         0  printfa.o ABSOLUTE
    ../clib/microlib/printf/printf.c         0x00000000   Number         0  printf8.o ABSOLUTE
    ../clib/microlib/printf/printf.c         0x00000000   Number         0  printf7.o ABSOLUTE
    ../clib/microlib/printf/printf.c         0x00000000   Number         0  printf6.o ABSOLUTE
    ../clib/microlib/printf/printf.c         0x00000000   Number         0  printf0.o ABSOLUTE
    ../clib/microlib/printf/printf.c         0x00000000   Number         0  printf4.o ABSOLUTE
    ../clib/microlib/printf/printf.c         0x00000000   Number         0  printfb.o ABSOLUTE
    ../clib/microlib/printf/printf.c         0x00000000   Number         0  printf5.o ABSOLUTE
    ../clib/microlib/printf/printf.c         0x00000000   Number         0  printf3.o ABSOLUTE
    ../clib/microlib/printf/printf.c         0x00000000   Number         0  printf2.o ABSOLUTE
    ../clib/microlib/printf/stubs.s          0x00000000   Number         0  stubs.o ABSOLUTE
    ../clib/microlib/stdio/fputs.c           0x00000000   Number         0  fputs.o ABSOLUTE
    ../clib/microlib/stdio/fputs.c           0x00000000   Number         0  fputs_e.o ABSOLUTE
    ../clib/microlib/stdio/streams.c         0x00000000   Number         0  stderr.o ABSOLUTE
    ../clib/microlib/stdio/streams.c         0x00000000   Number         0  stdout.o ABSOLUTE
    ../clib/microlib/string/memcpy.c         0x00000000   Number         0  memcpyb.o ABSOLUTE
    ../clib/microlib/string/memcpy.c         0x00000000   Number         0  memcpya.o ABSOLUTE
    ../clib/microlib/string/strcmp.c         0x00000000   Number         0  strcmp.o ABSOLUTE
    ../clib/microlib/stubs.s                 0x00000000   Number         0  iusefp.o ABSOLUTE
    ../fplib/microlib/fpadd.c                0x00000000   Number         0  dadd.o ABSOLUTE
    ../fplib/microlib/fpdiv.c                0x00000000   Number         0  ddiv.o ABSOLUTE
    ../fplib/microlib/fpepilogue.c           0x00000000   Number         0  depilogue.o ABSOLUTE
    ../fplib/microlib/fpfix.c                0x00000000   Number         0  dfixul.o ABSOLUTE
    ../fplib/microlib/fpmul.c                0x00000000   Number         0  dmul.o ABSOLUTE
    ..\..\GD32F30x_Firmware_Library\GD32F30x_standard_peripheral\Source\gd32f30x_adc.c 0x00000000   Number         0  gd32f30x_adc.o ABSOLUTE
    ..\..\GD32F30x_Firmware_Library\GD32F30x_standard_peripheral\Source\gd32f30x_ctc.c 0x00000000   Number         0  gd32f30x_ctc.o ABSOLUTE
    ..\..\GD32F30x_Firmware_Library\GD32F30x_standard_peripheral\Source\gd32f30x_dbg.c 0x00000000   Number         0  gd32f30x_dbg.o ABSOLUTE
    ..\..\GD32F30x_Firmware_Library\GD32F30x_standard_peripheral\Source\gd32f30x_dma.c 0x00000000   Number         0  gd32f30x_dma.o ABSOLUTE
    ..\..\GD32F30x_Firmware_Library\GD32F30x_standard_peripheral\Source\gd32f30x_exmc.c 0x00000000   Number         0  gd32f30x_exmc.o ABSOLUTE
    ..\..\GD32F30x_Firmware_Library\GD32F30x_standard_peripheral\Source\gd32f30x_exti.c 0x00000000   Number         0  gd32f30x_exti.o ABSOLUTE
    ..\..\GD32F30x_Firmware_Library\GD32F30x_standard_peripheral\Source\gd32f30x_fmc.c 0x00000000   Number         0  gd32f30x_fmc.o ABSOLUTE
    ..\..\GD32F30x_Firmware_Library\GD32F30x_standard_peripheral\Source\gd32f30x_fwdgt.c 0x00000000   Number         0  gd32f30x_fwdgt.o ABSOLUTE
    ..\..\GD32F30x_Firmware_Library\GD32F30x_standard_peripheral\Source\gd32f30x_gpio.c 0x00000000   Number         0  gd32f30x_gpio.o ABSOLUTE
    ..\..\GD32F30x_Firmware_Library\GD32F30x_standard_peripheral\Source\gd32f30x_misc.c 0x00000000   Number         0  gd32f30x_misc.o ABSOLUTE
    ..\..\GD32F30x_Firmware_Library\GD32F30x_standard_peripheral\Source\gd32f30x_pmu.c 0x00000000   Number         0  gd32f30x_pmu.o ABSOLUTE
    ..\..\GD32F30x_Firmware_Library\GD32F30x_standard_peripheral\Source\gd32f30x_rcu.c 0x00000000   Number         0  gd32f30x_rcu.o ABSOLUTE
    ..\..\GD32F30x_Firmware_Library\GD32F30x_standard_peripheral\Source\gd32f30x_rtc.c 0x00000000   Number         0  gd32f30x_rtc.o ABSOLUTE
    ..\..\GD32F30x_Firmware_Library\GD32F30x_standard_peripheral\Source\gd32f30x_timer.c 0x00000000   Number         0  gd32f30x_timer.o ABSOLUTE
    ..\..\GD32F30x_Firmware_Library\GD32F30x_standard_peripheral\Source\gd32f30x_usart.c 0x00000000   Number         0  gd32f30x_usart.o ABSOLUTE
    ..\User\App\gd32f30x_it.c                0x00000000   Number         0  gd32f30x_it.o ABSOLUTE
    ..\User\App\main.c                       0x00000000   Number         0  main.o ABSOLUTE
    ..\User\App\systick.c                    0x00000000   Number         0  systick.o ABSOLUTE
    ..\User\BSP\74hc595.c                    0x00000000   Number         0  74hc595.o ABSOLUTE
    ..\User\BSP\bootloader.c                 0x00000000   Number         0  bootloader.o ABSOLUTE
    ..\User\BSP\delay.c                      0x00000000   Number         0  delay.o ABSOLUTE
    ..\User\BSP\flash_drv.c                  0x00000000   Number         0  flash_drv.o ABSOLUTE
    ..\User\BSP\rs485.c                      0x00000000   Number         0  rs485.o ABSOLUTE
    ..\User\BSP\update.c                     0x00000000   Number         0  update.o ABSOLUTE
    ..\\..\\GD32F30x_Firmware_Library\\GD32F30x_standard_peripheral\\Source\\gd32f30x_adc.c 0x00000000   Number         0  gd32f30x_adc.o ABSOLUTE
    ..\\..\\GD32F30x_Firmware_Library\\GD32F30x_standard_peripheral\\Source\\gd32f30x_ctc.c 0x00000000   Number         0  gd32f30x_ctc.o ABSOLUTE
    ..\\..\\GD32F30x_Firmware_Library\\GD32F30x_standard_peripheral\\Source\\gd32f30x_dbg.c 0x00000000   Number         0  gd32f30x_dbg.o ABSOLUTE
    ..\\..\\GD32F30x_Firmware_Library\\GD32F30x_standard_peripheral\\Source\\gd32f30x_dma.c 0x00000000   Number         0  gd32f30x_dma.o ABSOLUTE
    ..\\..\\GD32F30x_Firmware_Library\\GD32F30x_standard_peripheral\\Source\\gd32f30x_exmc.c 0x00000000   Number         0  gd32f30x_exmc.o ABSOLUTE
    ..\\..\\GD32F30x_Firmware_Library\\GD32F30x_standard_peripheral\\Source\\gd32f30x_exti.c 0x00000000   Number         0  gd32f30x_exti.o ABSOLUTE
    ..\\..\\GD32F30x_Firmware_Library\\GD32F30x_standard_peripheral\\Source\\gd32f30x_fmc.c 0x00000000   Number         0  gd32f30x_fmc.o ABSOLUTE
    ..\\..\\GD32F30x_Firmware_Library\\GD32F30x_standard_peripheral\\Source\\gd32f30x_fwdgt.c 0x00000000   Number         0  gd32f30x_fwdgt.o ABSOLUTE
    ..\\..\\GD32F30x_Firmware_Library\\GD32F30x_standard_peripheral\\Source\\gd32f30x_gpio.c 0x00000000   Number         0  gd32f30x_gpio.o ABSOLUTE
    ..\\..\\GD32F30x_Firmware_Library\\GD32F30x_standard_peripheral\\Source\\gd32f30x_misc.c 0x00000000   Number         0  gd32f30x_misc.o ABSOLUTE
    ..\\..\\GD32F30x_Firmware_Library\\GD32F30x_standard_peripheral\\Source\\gd32f30x_pmu.c 0x00000000   Number         0  gd32f30x_pmu.o ABSOLUTE
    ..\\..\\GD32F30x_Firmware_Library\\GD32F30x_standard_peripheral\\Source\\gd32f30x_rcu.c 0x00000000   Number         0  gd32f30x_rcu.o ABSOLUTE
    ..\\..\\GD32F30x_Firmware_Library\\GD32F30x_standard_peripheral\\Source\\gd32f30x_rtc.c 0x00000000   Number         0  gd32f30x_rtc.o ABSOLUTE
    ..\\..\\GD32F30x_Firmware_Library\\GD32F30x_standard_peripheral\\Source\\gd32f30x_timer.c 0x00000000   Number         0  gd32f30x_timer.o ABSOLUTE
    ..\\..\\GD32F30x_Firmware_Library\\GD32F30x_standard_peripheral\\Source\\gd32f30x_usart.c 0x00000000   Number         0  gd32f30x_usart.o ABSOLUTE
    ..\\User\\App\\gd32f30x_it.c             0x00000000   Number         0  gd32f30x_it.o ABSOLUTE
    ..\\User\\App\\main.c                    0x00000000   Number         0  main.o ABSOLUTE
    ..\\User\\App\\systick.c                 0x00000000   Number         0  systick.o ABSOLUTE
    ..\\User\\BSP\\74hc595.c                 0x00000000   Number         0  74hc595.o ABSOLUTE
    ..\\User\\BSP\\bootloader.c              0x00000000   Number         0  bootloader.o ABSOLUTE
    ..\\User\\BSP\\delay.c                   0x00000000   Number         0  delay.o ABSOLUTE
    ..\\User\\BSP\\flash_drv.c               0x00000000   Number         0  flash_drv.o ABSOLUTE
    ..\\User\\BSP\\rs485.c                   0x00000000   Number         0  rs485.o ABSOLUTE
    ..\\User\\BSP\\update.c                  0x00000000   Number         0  update.o ABSOLUTE
    D:\keil\Keil\ARM_Compiler\1.6.3\Source\retarget_io.c 0x00000000   Number         0  retarget_io.o ABSOLUTE
    RTE\Device\GD32F303RG\startup_gd32f30x_xd.s 0x00000000   Number         0  startup_gd32f30x_xd.o ABSOLUTE
    RTE\Device\GD32F303RG\system_gd32f30x.c  0x00000000   Number         0  system_gd32f30x.o ABSOLUTE
    RTE\\Device\\GD32F303RG\\system_gd32f30x.c 0x00000000   Number         0  system_gd32f30x.o ABSOLUTE
    cdrcmple.s                               0x00000000   Number         0  cdrcmple.o ABSOLUTE
    dc.s                                     0x00000000   Number         0  dc.o ABSOLUTE
    handlers.s                               0x00000000   Number         0  handlers.o ABSOLUTE
    init.s                                   0x00000000   Number         0  init.o ABSOLUTE
    RESET                                    0x08000000   Section      304  startup_gd32f30x_xd.o(RESET)
    .ARM.Collect$$$$00000000                 0x08000130   Section        0  entry.o(.ARM.Collect$$$$00000000)
    .ARM.Collect$$$$00000001                 0x08000130   Section        4  entry2.o(.ARM.Collect$$$$00000001)
    .ARM.Collect$$$$00000004                 0x08000134   Section        4  entry5.o(.ARM.Collect$$$$00000004)
    .ARM.Collect$$$$00000008                 0x08000138   Section        0  entry7b.o(.ARM.Collect$$$$00000008)
    .ARM.Collect$$$$0000000A                 0x08000138   Section        0  entry8b.o(.ARM.Collect$$$$0000000A)
    .ARM.Collect$$$$0000000B                 0x08000138   Section        8  entry9a.o(.ARM.Collect$$$$0000000B)
    .ARM.Collect$$$$0000000D                 0x08000140   Section        0  entry10a.o(.ARM.Collect$$$$0000000D)
    .ARM.Collect$$$$0000000F                 0x08000140   Section        0  entry11a.o(.ARM.Collect$$$$0000000F)
    .ARM.Collect$$$$00002712                 0x08000140   Section        4  entry2.o(.ARM.Collect$$$$00002712)
    __lit__00000000                          0x08000140   Data           4  entry2.o(.ARM.Collect$$$$00002712)
    .text                                    0x08000144   Section       36  startup_gd32f30x_xd.o(.text)
    $v0                                      0x08000144   Number         0  startup_gd32f30x_xd.o(.text)
    .text                                    0x08000168   Section        0  memcpya.o(.text)
    .text                                    0x0800018c   Section        0  strcmp.o(.text)
    .text                                    0x080001a8   Section        0  uldiv.o(.text)
    .text                                    0x0800020c   Section       36  init.o(.text)
    .text                                    0x08000230   Section        0  llshl.o(.text)
    .text                                    0x0800024e   Section        0  llushr.o(.text)
    i.BusFault_Handler                       0x0800026e   Section        0  gd32f30x_it.o(i.BusFault_Handler)
    i.Crc16Ymodem                            0x08000272   Section        0  update.o(i.Crc16Ymodem)
    i.DebugMon_Handler                       0x080002b6   Section        0  gd32f30x_it.o(i.DebugMon_Handler)
    i.FlashErase                             0x080002b8   Section        0  flash_drv.o(i.FlashErase)
    i.FlashWrite                             0x08000370   Section        0  flash_drv.o(i.FlashWrite)
    i.HardFault_Handler                      0x080003f8   Section        0  gd32f30x_it.o(i.HardFault_Handler)
    i.MemManage_Handler                      0x080003fc   Section        0  gd32f30x_it.o(i.MemManage_Handler)
    i.NMI_Handler                            0x08000400   Section        0  gd32f30x_it.o(i.NMI_Handler)
    i.ReceiveByteTimeout                     0x08000402   Section        0  rs485.o(i.ReceiveByteTimeout)
    i.ReceivePacket                          0x08000422   Section        0  update.o(i.ReceivePacket)
    ReceivePacket                            0x08000423   Thumb Code   218  update.o(i.ReceivePacket)
    i.SendByte                               0x080004fc   Section        0  rs485.o(i.SendByte)
    i.Str2Int                                0x08000534   Section        0  update.o(i.Str2Int)
    i.SysTick_Handler                        0x08000638   Section        0  systick.o(i.SysTick_Handler)
    i.SystemInit                             0x0800063c   Section        0  system_gd32f30x.o(i.SystemInit)
    i.UpdateApp                              0x080006b8   Section        0  update.o(i.UpdateApp)
    i.UsageFault_Handler                     0x0800087c   Section        0  gd32f30x_it.o(i.UsageFault_Handler)
    i.YmodemReceive                          0x08000880   Section        0  update.o(i.YmodemReceive)
    i._74hc595_ctl                           0x08000b30   Section        0  74hc595.o(i._74hc595_ctl)
    i._74hc595_gpio_init                     0x08000c54   Section        0  74hc595.o(i._74hc595_gpio_init)
    _74hc595_gpio_init                       0x08000c55   Thumb Code    84  74hc595.o(i._74hc595_gpio_init)
    i._74hc595_init                          0x08000ca8   Section        0  74hc595.o(i._74hc595_init)
    i._74hc595_output                        0x08000cc8   Section        0  74hc595.o(i._74hc595_output)
    _74hc595_output                          0x08000cc9   Thumb Code    24  74hc595.o(i._74hc595_output)
    i._74hc595_write_all                     0x08000ce4   Section        0  74hc595.o(i._74hc595_write_all)
    _74hc595_write_all                       0x08000ce5   Thumb Code    22  74hc595.o(i._74hc595_write_all)
    i._74hc595_write_byte                    0x08000cfc   Section        0  74hc595.o(i._74hc595_write_byte)
    _74hc595_write_byte                      0x08000cfd   Thumb Code    68  74hc595.o(i._74hc595_write_byte)
    i.__0printf$5                            0x08000d44   Section        0  printf5.o(i.__0printf$5)
    i.__scatterload_copy                     0x08000d64   Section       14  handlers.o(i.__scatterload_copy)
    i.__scatterload_null                     0x08000d72   Section        2  handlers.o(i.__scatterload_null)
    i.__scatterload_zeroinit                 0x08000d74   Section       14  handlers.o(i.__scatterload_zeroinit)
    i.__set_FAULTMASK                        0x08000d82   Section        0  bootloader.o(i.__set_FAULTMASK)
    __set_FAULTMASK                          0x08000d83   Thumb Code    10  bootloader.o(i.__set_FAULTMASK)
    i._printf_core                           0x08000d8c   Section        0  printf5.o(i._printf_core)
    _printf_core                             0x08000d8d   Thumb Code   658  printf5.o(i._printf_core)
    i._rs485_init                            0x0800104c   Section        0  rs485.o(i._rs485_init)
    i.app_info                               0x080010e8   Section        0  bootloader.o(i.app_info)
    i.delay_init                             0x0800134c   Section        0  delay.o(i.delay_init)
    i.delay_nms                              0x08001388   Section        0  delay.o(i.delay_nms)
    i.delay_nus                              0x080013a0   Section        0  delay.o(i.delay_nus)
    i.fmc_bank0_ready_wait                   0x080013cc   Section        0  gd32f30x_fmc.o(i.fmc_bank0_ready_wait)
    i.fmc_bank0_state_get                    0x080013f0   Section        0  gd32f30x_fmc.o(i.fmc_bank0_state_get)
    i.fmc_bank1_ready_wait                   0x08001420   Section        0  gd32f30x_fmc.o(i.fmc_bank1_ready_wait)
    i.fmc_bank1_state_get                    0x08001444   Section        0  gd32f30x_fmc.o(i.fmc_bank1_state_get)
    i.fmc_flag_clear                         0x08001474   Section        0  gd32f30x_fmc.o(i.fmc_flag_clear)
    i.fmc_halfword_program                   0x08001494   Section        0  gd32f30x_fmc.o(i.fmc_halfword_program)
    i.fmc_lock                               0x0800154c   Section        0  gd32f30x_fmc.o(i.fmc_lock)
    i.fmc_page_erase                         0x08001578   Section        0  gd32f30x_fmc.o(i.fmc_page_erase)
    i.fmc_unlock                             0x0800165c   Section        0  gd32f30x_fmc.o(i.fmc_unlock)
    i.fputc                                  0x080016a0   Section        0  rs485.o(i.fputc)
    i.gpio_bit_reset                         0x080016c8   Section        0  gd32f30x_gpio.o(i.gpio_bit_reset)
    i.gpio_bit_set                           0x080016cc   Section        0  gd32f30x_gpio.o(i.gpio_bit_set)
    i.gpio_init                              0x080016d0   Section        0  gd32f30x_gpio.o(i.gpio_init)
    i.gpio_pin_remap_config                  0x0800178c   Section        0  gd32f30x_gpio.o(i.gpio_pin_remap_config)
    i.jump_to_app_1                          0x0800181c   Section        0  bootloader.o(i.jump_to_app_1)
    i.jump_to_app_2                          0x08001900   Section        0  bootloader.o(i.jump_to_app_2)
    i.main                                   0x080019e4   Section        0  main.o(i.main)
    i.nvic_vector_table_set                  0x08001c4c   Section        0  gd32f30x_misc.o(i.nvic_vector_table_set)
    i.print_last_app_info                    0x08001c64   Section        0  bootloader.o(i.print_last_app_info)
    i.rcu_clock_freq_get                     0x08001e80   Section        0  gd32f30x_rcu.o(i.rcu_clock_freq_get)
    i.rcu_periph_clock_enable                0x08001fd8   Section        0  gd32f30x_rcu.o(i.rcu_periph_clock_enable)
    i.rcu_periph_reset_disable               0x08001ff8   Section        0  gd32f30x_rcu.o(i.rcu_periph_reset_disable)
    i.rcu_periph_reset_enable                0x08002018   Section        0  gd32f30x_rcu.o(i.rcu_periph_reset_enable)
    i.rs485_gpio_init                        0x08002038   Section        0  rs485.o(i.rs485_gpio_init)
    rs485_gpio_init                          0x08002039   Thumb Code    76  rs485.o(i.rs485_gpio_init)
    i.rs485_init                             0x0800208c   Section        0  rs485.o(i.rs485_init)
    i.rs485_read_byte                        0x0800209c   Section        0  rs485.o(i.rs485_read_byte)
    i.system_clock_120m_hxtal                0x080020c4   Section        0  system_gd32f30x.o(i.system_clock_120m_hxtal)
    system_clock_120m_hxtal                  0x080020c5   Thumb Code   258  system_gd32f30x.o(i.system_clock_120m_hxtal)
    i.system_clock_config                    0x080021d8   Section        0  system_gd32f30x.o(i.system_clock_config)
    system_clock_config                      0x080021d9   Thumb Code     8  system_gd32f30x.o(i.system_clock_config)
    i.ttl_sendbyte                           0x080021e0   Section        0  rs485.o(i.ttl_sendbyte)
    i.usart_baudrate_set                     0x08002214   Section        0  gd32f30x_usart.o(i.usart_baudrate_set)
    i.usart_data_receive                     0x080022a4   Section        0  gd32f30x_usart.o(i.usart_data_receive)
    i.usart_data_transmit                    0x080022ae   Section        0  gd32f30x_usart.o(i.usart_data_transmit)
    i.usart_deinit                           0x080022b8   Section        0  gd32f30x_usart.o(i.usart_deinit)
    i.usart_enable                           0x08002348   Section        0  gd32f30x_usart.o(i.usart_enable)
    i.usart_flag_clear                       0x08002352   Section        0  gd32f30x_usart.o(i.usart_flag_clear)
    i.usart_flag_get                         0x08002364   Section        0  gd32f30x_usart.o(i.usart_flag_get)
    i.usart_receive_config                   0x08002382   Section        0  gd32f30x_usart.o(i.usart_receive_config)
    i.usart_transmit_config                  0x08002396   Section        0  gd32f30x_usart.o(i.usart_transmit_config)
    .conststring                             0x080023ac   Section       66  bootloader.o(.conststring)
    .data                                    0x20000000   Section       72  rs485.o(.data)
    ttl_hw_info                              0x20000000   Data          36  rs485.o(.data)
    g_uartHwInfo                             0x20000024   Data          36  rs485.o(.data)
    .data                                    0x20000048   Section        4  update.o(.data)
    ptr_info                                 0x20000048   Data           4  update.o(.data)
    .data                                    0x2000004c   Section        8  bootloader.o(.data)
    .data                                    0x20000054   Section       33  74hc595.o(.data)
    hc595                                    0x20000054   Data          32  74hc595.o(.data)
    hc595_send_data                          0x20000074   Data           1  74hc595.o(.data)
    .data                                    0x20000078   Section        4  stdout.o(.data)
    .bss                                     0x2000007c   Section     1280  update.o(.bss)
    g_packetBuffer                           0x2000007c   Data        1024  update.o(.bss)
    g_imageName                              0x2000047c   Data         256  update.o(.bss)
    STACK                                    0x20000580   Section    16384  startup_gd32f30x_xd.o(STACK)

    Global Symbols

    Symbol Name                              Value     Ov Type        Size  Object(Section)

    BuildAttributes$$THM_ISAv4$E$P$D$K$B$S$7EM$VFPi3$EXTD16$VFPS$VFMA$PE$A:L22UL41UL21$X:L11$S22US41US21$IEEE1$IW$USESV6$~STKCKD$USESV7$~SHL$OSPACE$ROPI$EBA8$MICROLIB$REQ8$PRES8$EABIv2 0x00000000   Number         0  anon$$obj.o ABSOLUTE
    __ARM_use_no_argv                        0x00000000   Number         0  main.o ABSOLUTE
    _printf_a                                0x00000000   Number         0  stubs.o ABSOLUTE
    _printf_c                                0x00000000   Number         0  stubs.o ABSOLUTE
    _printf_charcount                        0x00000000   Number         0  stubs.o ABSOLUTE
    _printf_d                                0x00000000   Number         0  stubs.o ABSOLUTE
    _printf_e                                0x00000000   Number         0  stubs.o ABSOLUTE
    _printf_f                                0x00000000   Number         0  stubs.o ABSOLUTE
    _printf_flags                            0x00000000   Number         0  stubs.o ABSOLUTE
    _printf_fp_dec                           0x00000000   Number         0  stubs.o ABSOLUTE
    _printf_fp_hex                           0x00000000   Number         0  stubs.o ABSOLUTE
    _printf_g                                0x00000000   Number         0  stubs.o ABSOLUTE
    _printf_i                                0x00000000   Number         0  stubs.o ABSOLUTE
    _printf_int_dec                          0x00000000   Number         0  stubs.o ABSOLUTE
    _printf_l                                0x00000000   Number         0  stubs.o ABSOLUTE
    _printf_lc                               0x00000000   Number         0  stubs.o ABSOLUTE
    _printf_ll                               0x00000000   Number         0  stubs.o ABSOLUTE
    _printf_lld                              0x00000000   Number         0  stubs.o ABSOLUTE
    _printf_lli                              0x00000000   Number         0  stubs.o ABSOLUTE
    _printf_llo                              0x00000000   Number         0  stubs.o ABSOLUTE
    _printf_llu                              0x00000000   Number         0  stubs.o ABSOLUTE
    _printf_llx                              0x00000000   Number         0  stubs.o ABSOLUTE
    _printf_longlong_dec                     0x00000000   Number         0  stubs.o ABSOLUTE
    _printf_longlong_hex                     0x00000000   Number         0  stubs.o ABSOLUTE
    _printf_longlong_oct                     0x00000000   Number         0  stubs.o ABSOLUTE
    _printf_ls                               0x00000000   Number         0  stubs.o ABSOLUTE
    _printf_mbtowc                           0x00000000   Number         0  stubs.o ABSOLUTE
    _printf_n                                0x00000000   Number         0  stubs.o ABSOLUTE
    _printf_o                                0x00000000   Number         0  stubs.o ABSOLUTE
    _printf_p                                0x00000000   Number         0  stubs.o ABSOLUTE
    _printf_percent                          0x00000000   Number         0  stubs.o ABSOLUTE
    _printf_pre_padding                      0x00000000   Number         0  stubs.o ABSOLUTE
    _printf_return_value                     0x00000000   Number         0  stubs.o ABSOLUTE
    _printf_s                                0x00000000   Number         0  stubs.o ABSOLUTE
    _printf_sizespec                         0x00000000   Number         0  stubs.o ABSOLUTE
    _printf_str                              0x00000000   Number         0  stubs.o ABSOLUTE
    _printf_truncate_signed                  0x00000000   Number         0  stubs.o ABSOLUTE
    _printf_truncate_unsigned                0x00000000   Number         0  stubs.o ABSOLUTE
    _printf_u                                0x00000000   Number         0  stubs.o ABSOLUTE
    _printf_wc                               0x00000000   Number         0  stubs.o ABSOLUTE
    _printf_wctomb                           0x00000000   Number         0  stubs.o ABSOLUTE
    _printf_widthprec                        0x00000000   Number         0  stubs.o ABSOLUTE
    _printf_x                                0x00000000   Number         0  stubs.o ABSOLUTE
    __cpp_initialize__aeabi_                  - Undefined Weak Reference
    __cxa_finalize                            - Undefined Weak Reference
    __decompress                              - Undefined Weak Reference
    _clock_init                               - Undefined Weak Reference
    _microlib_exit                            - Undefined Weak Reference
    __Vectors_Size                           0x00000130   Number         0  startup_gd32f30x_xd.o ABSOLUTE
    __Vectors                                0x08000000   Data           4  startup_gd32f30x_xd.o(RESET)
    __Vectors_End                            0x08000130   Data           0  startup_gd32f30x_xd.o(RESET)
    __main                                   0x08000131   Thumb Code     0  entry.o(.ARM.Collect$$$$00000000)
    _main_stk                                0x08000131   Thumb Code     0  entry2.o(.ARM.Collect$$$$00000001)
    _main_scatterload                        0x08000135   Thumb Code     0  entry5.o(.ARM.Collect$$$$00000004)
    __main_after_scatterload                 0x08000139   Thumb Code     0  entry5.o(.ARM.Collect$$$$00000004)
    _main_clock                              0x08000139   Thumb Code     0  entry7b.o(.ARM.Collect$$$$00000008)
    _main_cpp_init                           0x08000139   Thumb Code     0  entry8b.o(.ARM.Collect$$$$0000000A)
    _main_init                               0x08000139   Thumb Code     0  entry9a.o(.ARM.Collect$$$$0000000B)
    __rt_final_cpp                           0x08000141   Thumb Code     0  entry10a.o(.ARM.Collect$$$$0000000D)
    __rt_final_exit                          0x08000141   Thumb Code     0  entry11a.o(.ARM.Collect$$$$0000000F)
    Reset_Handler                            0x08000145   Thumb Code     8  startup_gd32f30x_xd.o(.text)
    SVC_Handler                              0x08000157   Thumb Code     2  startup_gd32f30x_xd.o(.text)
    PendSV_Handler                           0x0800015b   Thumb Code     2  startup_gd32f30x_xd.o(.text)
    ADC0_1_IRQHandler                        0x0800015f   Thumb Code     0  startup_gd32f30x_xd.o(.text)
    ADC2_IRQHandler                          0x0800015f   Thumb Code     0  startup_gd32f30x_xd.o(.text)
    CAN0_EWMC_IRQHandler                     0x0800015f   Thumb Code     0  startup_gd32f30x_xd.o(.text)
    CAN0_RX1_IRQHandler                      0x0800015f   Thumb Code     0  startup_gd32f30x_xd.o(.text)
    DMA0_Channel0_IRQHandler                 0x0800015f   Thumb Code     0  startup_gd32f30x_xd.o(.text)
    DMA0_Channel1_IRQHandler                 0x0800015f   Thumb Code     0  startup_gd32f30x_xd.o(.text)
    DMA0_Channel2_IRQHandler                 0x0800015f   Thumb Code     0  startup_gd32f30x_xd.o(.text)
    DMA0_Channel3_IRQHandler                 0x0800015f   Thumb Code     0  startup_gd32f30x_xd.o(.text)
    DMA0_Channel4_IRQHandler                 0x0800015f   Thumb Code     0  startup_gd32f30x_xd.o(.text)
    DMA0_Channel5_IRQHandler                 0x0800015f   Thumb Code     0  startup_gd32f30x_xd.o(.text)
    DMA0_Channel6_IRQHandler                 0x0800015f   Thumb Code     0  startup_gd32f30x_xd.o(.text)
    DMA1_Channel0_IRQHandler                 0x0800015f   Thumb Code     0  startup_gd32f30x_xd.o(.text)
    DMA1_Channel1_IRQHandler                 0x0800015f   Thumb Code     0  startup_gd32f30x_xd.o(.text)
    DMA1_Channel2_IRQHandler                 0x0800015f   Thumb Code     0  startup_gd32f30x_xd.o(.text)
    DMA1_Channel3_4_IRQHandler               0x0800015f   Thumb Code     0  startup_gd32f30x_xd.o(.text)
    EXMC_IRQHandler                          0x0800015f   Thumb Code     0  startup_gd32f30x_xd.o(.text)
    EXTI0_IRQHandler                         0x0800015f   Thumb Code     0  startup_gd32f30x_xd.o(.text)
    EXTI10_15_IRQHandler                     0x0800015f   Thumb Code     0  startup_gd32f30x_xd.o(.text)
    EXTI1_IRQHandler                         0x0800015f   Thumb Code     0  startup_gd32f30x_xd.o(.text)
    EXTI2_IRQHandler                         0x0800015f   Thumb Code     0  startup_gd32f30x_xd.o(.text)
    EXTI3_IRQHandler                         0x0800015f   Thumb Code     0  startup_gd32f30x_xd.o(.text)
    EXTI4_IRQHandler                         0x0800015f   Thumb Code     0  startup_gd32f30x_xd.o(.text)
    EXTI5_9_IRQHandler                       0x0800015f   Thumb Code     0  startup_gd32f30x_xd.o(.text)
    FMC_IRQHandler                           0x0800015f   Thumb Code     0  startup_gd32f30x_xd.o(.text)
    I2C0_ER_IRQHandler                       0x0800015f   Thumb Code     0  startup_gd32f30x_xd.o(.text)
    I2C0_EV_IRQHandler                       0x0800015f   Thumb Code     0  startup_gd32f30x_xd.o(.text)
    I2C1_ER_IRQHandler                       0x0800015f   Thumb Code     0  startup_gd32f30x_xd.o(.text)
    I2C1_EV_IRQHandler                       0x0800015f   Thumb Code     0  startup_gd32f30x_xd.o(.text)
    LVD_IRQHandler                           0x0800015f   Thumb Code     0  startup_gd32f30x_xd.o(.text)
    RCU_CTC_IRQHandler                       0x0800015f   Thumb Code     0  startup_gd32f30x_xd.o(.text)
    RTC_Alarm_IRQHandler                     0x0800015f   Thumb Code     0  startup_gd32f30x_xd.o(.text)
    RTC_IRQHandler                           0x0800015f   Thumb Code     0  startup_gd32f30x_xd.o(.text)
    SDIO_IRQHandler                          0x0800015f   Thumb Code     0  startup_gd32f30x_xd.o(.text)
    SPI0_IRQHandler                          0x0800015f   Thumb Code     0  startup_gd32f30x_xd.o(.text)
    SPI1_IRQHandler                          0x0800015f   Thumb Code     0  startup_gd32f30x_xd.o(.text)
    SPI2_IRQHandler                          0x0800015f   Thumb Code     0  startup_gd32f30x_xd.o(.text)
    TAMPER_IRQHandler                        0x0800015f   Thumb Code     0  startup_gd32f30x_xd.o(.text)
    TIMER0_BRK_TIMER8_IRQHandler             0x0800015f   Thumb Code     0  startup_gd32f30x_xd.o(.text)
    TIMER0_Channel_IRQHandler                0x0800015f   Thumb Code     0  startup_gd32f30x_xd.o(.text)
    TIMER0_TRG_CMT_TIMER10_IRQHandler        0x0800015f   Thumb Code     0  startup_gd32f30x_xd.o(.text)
    TIMER0_UP_TIMER9_IRQHandler              0x0800015f   Thumb Code     0  startup_gd32f30x_xd.o(.text)
    TIMER1_IRQHandler                        0x0800015f   Thumb Code     0  startup_gd32f30x_xd.o(.text)
    TIMER2_IRQHandler                        0x0800015f   Thumb Code     0  startup_gd32f30x_xd.o(.text)
    TIMER3_IRQHandler                        0x0800015f   Thumb Code     0  startup_gd32f30x_xd.o(.text)
    TIMER4_IRQHandler                        0x0800015f   Thumb Code     0  startup_gd32f30x_xd.o(.text)
    TIMER5_IRQHandler                        0x0800015f   Thumb Code     0  startup_gd32f30x_xd.o(.text)
    TIMER6_IRQHandler                        0x0800015f   Thumb Code     0  startup_gd32f30x_xd.o(.text)
    TIMER7_BRK_TIMER11_IRQHandler            0x0800015f   Thumb Code     0  startup_gd32f30x_xd.o(.text)
    TIMER7_Channel_IRQHandler                0x0800015f   Thumb Code     0  startup_gd32f30x_xd.o(.text)
    TIMER7_TRG_CMT_TIMER13_IRQHandler        0x0800015f   Thumb Code     0  startup_gd32f30x_xd.o(.text)
    TIMER7_UP_TIMER12_IRQHandler             0x0800015f   Thumb Code     0  startup_gd32f30x_xd.o(.text)
    UART3_IRQHandler                         0x0800015f   Thumb Code     0  startup_gd32f30x_xd.o(.text)
    UART4_IRQHandler                         0x0800015f   Thumb Code     0  startup_gd32f30x_xd.o(.text)
    USART0_IRQHandler                        0x0800015f   Thumb Code     0  startup_gd32f30x_xd.o(.text)
    USART1_IRQHandler                        0x0800015f   Thumb Code     0  startup_gd32f30x_xd.o(.text)
    USART2_IRQHandler                        0x0800015f   Thumb Code     0  startup_gd32f30x_xd.o(.text)
    USBD_HP_CAN0_TX_IRQHandler               0x0800015f   Thumb Code     0  startup_gd32f30x_xd.o(.text)
    USBD_LP_CAN0_RX0_IRQHandler              0x0800015f   Thumb Code     0  startup_gd32f30x_xd.o(.text)
    USBD_WKUP_IRQHandler                     0x0800015f   Thumb Code     0  startup_gd32f30x_xd.o(.text)
    WWDGT_IRQHandler                         0x0800015f   Thumb Code     0  startup_gd32f30x_xd.o(.text)
    __aeabi_memcpy                           0x08000169   Thumb Code    36  memcpya.o(.text)
    __aeabi_memcpy4                          0x08000169   Thumb Code     0  memcpya.o(.text)
    __aeabi_memcpy8                          0x08000169   Thumb Code     0  memcpya.o(.text)
    strcmp                                   0x0800018d   Thumb Code    28  strcmp.o(.text)
    __aeabi_uldivmod                         0x080001a9   Thumb Code    98  uldiv.o(.text)
    __scatterload                            0x0800020d   Thumb Code    28  init.o(.text)
    __scatterload_rt2                        0x0800020d   Thumb Code     0  init.o(.text)
    __aeabi_llsl                             0x08000231   Thumb Code    30  llshl.o(.text)
    _ll_shift_l                              0x08000231   Thumb Code     0  llshl.o(.text)
    __aeabi_llsr                             0x0800024f   Thumb Code    32  llushr.o(.text)
    _ll_ushift_r                             0x0800024f   Thumb Code     0  llushr.o(.text)
    BusFault_Handler                         0x0800026f   Thumb Code     4  gd32f30x_it.o(i.BusFault_Handler)
    Crc16Ymodem                              0x08000273   Thumb Code    68  update.o(i.Crc16Ymodem)
    DebugMon_Handler                         0x080002b7   Thumb Code     2  gd32f30x_it.o(i.DebugMon_Handler)
    FlashErase                               0x080002b9   Thumb Code   178  flash_drv.o(i.FlashErase)
    FlashWrite                               0x08000371   Thumb Code   130  flash_drv.o(i.FlashWrite)
    HardFault_Handler                        0x080003f9   Thumb Code     4  gd32f30x_it.o(i.HardFault_Handler)
    MemManage_Handler                        0x080003fd   Thumb Code     4  gd32f30x_it.o(i.MemManage_Handler)
    NMI_Handler                              0x08000401   Thumb Code     2  gd32f30x_it.o(i.NMI_Handler)
    ReceiveByteTimeout                       0x08000403   Thumb Code    32  rs485.o(i.ReceiveByteTimeout)
    SendByte                                 0x080004fd   Thumb Code    52  rs485.o(i.SendByte)
    Str2Int                                  0x08000535   Thumb Code   260  update.o(i.Str2Int)
    SysTick_Handler                          0x08000639   Thumb Code     2  systick.o(i.SysTick_Handler)
    SystemInit                               0x0800063d   Thumb Code   110  system_gd32f30x.o(i.SystemInit)
    UpdateApp                                0x080006b9   Thumb Code   176  update.o(i.UpdateApp)
    UsageFault_Handler                       0x0800087d   Thumb Code     4  gd32f30x_it.o(i.UsageFault_Handler)
    YmodemReceive                            0x08000881   Thumb Code   608  update.o(i.YmodemReceive)
    _74hc595_ctl                             0x08000b31   Thumb Code   286  74hc595.o(i._74hc595_ctl)
    _74hc595_init                            0x08000ca9   Thumb Code    24  74hc595.o(i._74hc595_init)
    __0printf$5                              0x08000d45   Thumb Code    22  printf5.o(i.__0printf$5)
    __1printf$5                              0x08000d45   Thumb Code     0  printf5.o(i.__0printf$5)
    __2printf                                0x08000d45   Thumb Code     0  printf5.o(i.__0printf$5)
    __scatterload_copy                       0x08000d65   Thumb Code    14  handlers.o(i.__scatterload_copy)
    __scatterload_null                       0x08000d73   Thumb Code     2  handlers.o(i.__scatterload_null)
    __scatterload_zeroinit                   0x08000d75   Thumb Code    14  handlers.o(i.__scatterload_zeroinit)
    _rs485_init                              0x0800104d   Thumb Code   146  rs485.o(i._rs485_init)
    app_info                                 0x080010e9   Thumb Code   372  bootloader.o(i.app_info)
    delay_init                               0x0800134d   Thumb Code    50  delay.o(i.delay_init)
    delay_nms                                0x08001389   Thumb Code    24  delay.o(i.delay_nms)
    delay_nus                                0x080013a1   Thumb Code    36  delay.o(i.delay_nus)
    fmc_bank0_ready_wait                     0x080013cd   Thumb Code    34  gd32f30x_fmc.o(i.fmc_bank0_ready_wait)
    fmc_bank0_state_get                      0x080013f1   Thumb Code    44  gd32f30x_fmc.o(i.fmc_bank0_state_get)
    fmc_bank1_ready_wait                     0x08001421   Thumb Code    34  gd32f30x_fmc.o(i.fmc_bank1_ready_wait)
    fmc_bank1_state_get                      0x08001445   Thumb Code    44  gd32f30x_fmc.o(i.fmc_bank1_state_get)
    fmc_flag_clear                           0x08001475   Thumb Code    28  gd32f30x_fmc.o(i.fmc_flag_clear)
    fmc_halfword_program                     0x08001495   Thumb Code   166  gd32f30x_fmc.o(i.fmc_halfword_program)
    fmc_lock                                 0x0800154d   Thumb Code    34  gd32f30x_fmc.o(i.fmc_lock)
    fmc_page_erase                           0x08001579   Thumb Code   210  gd32f30x_fmc.o(i.fmc_page_erase)
    fmc_unlock                               0x0800165d   Thumb Code    52  gd32f30x_fmc.o(i.fmc_unlock)
    fputc                                    0x080016a1   Thumb Code    36  rs485.o(i.fputc)
    gpio_bit_reset                           0x080016c9   Thumb Code     4  gd32f30x_gpio.o(i.gpio_bit_reset)
    gpio_bit_set                             0x080016cd   Thumb Code     4  gd32f30x_gpio.o(i.gpio_bit_set)
    gpio_init                                0x080016d1   Thumb Code   188  gd32f30x_gpio.o(i.gpio_init)
    gpio_pin_remap_config                    0x0800178d   Thumb Code   138  gd32f30x_gpio.o(i.gpio_pin_remap_config)
    jump_to_app_1                            0x0800181d   Thumb Code   170  bootloader.o(i.jump_to_app_1)
    jump_to_app_2                            0x08001901   Thumb Code   170  bootloader.o(i.jump_to_app_2)
    main                                     0x080019e5   Thumb Code   368  main.o(i.main)
    nvic_vector_table_set                    0x08001c4d   Thumb Code    16  gd32f30x_misc.o(i.nvic_vector_table_set)
    print_last_app_info                      0x08001c65   Thumb Code   346  bootloader.o(i.print_last_app_info)
    rcu_clock_freq_get                       0x08001e81   Thumb Code   310  gd32f30x_rcu.o(i.rcu_clock_freq_get)
    rcu_periph_clock_enable                  0x08001fd9   Thumb Code    28  gd32f30x_rcu.o(i.rcu_periph_clock_enable)
    rcu_periph_reset_disable                 0x08001ff9   Thumb Code    28  gd32f30x_rcu.o(i.rcu_periph_reset_disable)
    rcu_periph_reset_enable                  0x08002019   Thumb Code    28  gd32f30x_rcu.o(i.rcu_periph_reset_enable)
    rs485_init                               0x0800208d   Thumb Code    16  rs485.o(i.rs485_init)
    rs485_read_byte                          0x0800209d   Thumb Code    34  rs485.o(i.rs485_read_byte)
    ttl_sendbyte                             0x080021e1   Thumb Code    44  rs485.o(i.ttl_sendbyte)
    usart_baudrate_set                       0x08002215   Thumb Code   136  gd32f30x_usart.o(i.usart_baudrate_set)
    usart_data_receive                       0x080022a5   Thumb Code    10  gd32f30x_usart.o(i.usart_data_receive)
    usart_data_transmit                      0x080022af   Thumb Code     8  gd32f30x_usart.o(i.usart_data_transmit)
    usart_deinit                             0x080022b9   Thumb Code   136  gd32f30x_usart.o(i.usart_deinit)
    usart_enable                             0x08002349   Thumb Code    10  gd32f30x_usart.o(i.usart_enable)
    usart_flag_clear                         0x08002353   Thumb Code    18  gd32f30x_usart.o(i.usart_flag_clear)
    usart_flag_get                           0x08002365   Thumb Code    30  gd32f30x_usart.o(i.usart_flag_get)
    usart_receive_config                     0x08002383   Thumb Code    20  gd32f30x_usart.o(i.usart_receive_config)
    usart_transmit_config                    0x08002397   Thumb Code    20  gd32f30x_usart.o(i.usart_transmit_config)
    Region$$Table$$Base                      0x080023f0   Number         0  anon$$obj.o(Region$$Table)
    Region$$Table$$Limit                     0x08002410   Number         0  anon$$obj.o(Region$$Table)
    jumpaddress                              0x2000004c   Data           4  bootloader.o(.data)
    jump_to_app                              0x20000050   Data           4  bootloader.o(.data)
    __stdout                                 0x20000078   Data           4  stdout.o(.data)
    __initial_sp                             0x20004580   Data           0  startup_gd32f30x_xd.o(STACK)



==============================================================================

Memory Map of the image

  Image Entry point : 0x08000131

  Load Region LR_IROM1 (Base: 0x08000000, Size: 0x0000248c, Max: 0x00010000, ABSOLUTE)

    Execution Region ER_IROM1 (Exec base: 0x08000000, Load base: 0x08000000, Size: 0x00002410, Max: 0x00010000, ABSOLUTE)

    Exec Addr    Load Addr    Size         Type   Attr      Idx    E Section Name        Object

    0x08000000   0x08000000   0x00000130   Data   RO         3160    RESET               startup_gd32f30x_xd.o
    0x08000130   0x08000130   0x00000000   Code   RO         3207  * .ARM.Collect$$$$00000000  mc_w.l(entry.o)
    0x08000130   0x08000130   0x00000004   Code   RO         3482    .ARM.Collect$$$$00000001  mc_w.l(entry2.o)
    0x08000134   0x08000134   0x00000004   Code   RO         3485    .ARM.Collect$$$$00000004  mc_w.l(entry5.o)
    0x08000138   0x08000138   0x00000000   Code   RO         3487    .ARM.Collect$$$$00000008  mc_w.l(entry7b.o)
    0x08000138   0x08000138   0x00000000   Code   RO         3489    .ARM.Collect$$$$0000000A  mc_w.l(entry8b.o)
    0x08000138   0x08000138   0x00000008   Code   RO         3490    .ARM.Collect$$$$0000000B  mc_w.l(entry9a.o)
    0x08000140   0x08000140   0x00000000   Code   RO         3492    .ARM.Collect$$$$0000000D  mc_w.l(entry10a.o)
    0x08000140   0x08000140   0x00000000   Code   RO         3494    .ARM.Collect$$$$0000000F  mc_w.l(entry11a.o)
    0x08000140   0x08000140   0x00000004   Code   RO         3483    .ARM.Collect$$$$00002712  mc_w.l(entry2.o)
    0x08000144   0x08000144   0x00000024   Code   RO         3161    .text               startup_gd32f30x_xd.o
    0x08000168   0x08000168   0x00000024   Code   RO         3215    .text               mc_w.l(memcpya.o)
    0x0800018c   0x0800018c   0x0000001c   Code   RO         3217    .text               mc_w.l(strcmp.o)
    0x080001a8   0x080001a8   0x00000062   Code   RO         3499    .text               mc_w.l(uldiv.o)
    0x0800020a   0x0800020a   0x00000002   PAD
    0x0800020c   0x0800020c   0x00000024   Code   RO         3512    .text               mc_w.l(init.o)
    0x08000230   0x08000230   0x0000001e   Code   RO         3514    .text               mc_w.l(llshl.o)
    0x0800024e   0x0800024e   0x00000020   Code   RO         3516    .text               mc_w.l(llushr.o)
    0x0800026e   0x0800026e   0x00000004   Code   RO            3    i.BusFault_Handler  gd32f30x_it.o
    0x08000272   0x08000272   0x00000044   Code   RO         2896    i.Crc16Ymodem       update.o
    0x080002b6   0x080002b6   0x00000002   Code   RO            4    i.DebugMon_Handler  gd32f30x_it.o
    0x080002b8   0x080002b8   0x000000b8   Code   RO         3015    i.FlashErase        flash_drv.o
    0x08000370   0x08000370   0x00000088   Code   RO         3017    i.FlashWrite        flash_drv.o
    0x080003f8   0x080003f8   0x00000004   Code   RO            5    i.HardFault_Handler  gd32f30x_it.o
    0x080003fc   0x080003fc   0x00000004   Code   RO            6    i.MemManage_Handler  gd32f30x_it.o
    0x08000400   0x08000400   0x00000002   Code   RO            7    i.NMI_Handler       gd32f30x_it.o
    0x08000402   0x08000402   0x00000020   Code   RO         2829    i.ReceiveByteTimeout  rs485.o
    0x08000422   0x08000422   0x000000da   Code   RO         2898    i.ReceivePacket     update.o
    0x080004fc   0x080004fc   0x00000038   Code   RO         2830    i.SendByte          rs485.o
    0x08000534   0x08000534   0x00000104   Code   RO         2899    i.Str2Int           update.o
    0x08000638   0x08000638   0x00000002   Code   RO          200    i.SysTick_Handler   systick.o
    0x0800063a   0x0800063a   0x00000002   PAD
    0x0800063c   0x0800063c   0x0000007c   Code   RO         3168    i.SystemInit        system_gd32f30x.o
    0x080006b8   0x080006b8   0x000001c4   Code   RO         2900    i.UpdateApp         update.o
    0x0800087c   0x0800087c   0x00000004   Code   RO            8    i.UsageFault_Handler  gd32f30x_it.o
    0x08000880   0x08000880   0x000002b0   Code   RO         2901    i.YmodemReceive     update.o
    0x08000b30   0x08000b30   0x00000124   Code   RO         3051    i._74hc595_ctl      74hc595.o
    0x08000c54   0x08000c54   0x00000054   Code   RO         3052    i._74hc595_gpio_init  74hc595.o
    0x08000ca8   0x08000ca8   0x00000020   Code   RO         3053    i._74hc595_init     74hc595.o
    0x08000cc8   0x08000cc8   0x0000001c   Code   RO         3054    i._74hc595_output   74hc595.o
    0x08000ce4   0x08000ce4   0x00000016   Code   RO         3055    i._74hc595_write_all  74hc595.o
    0x08000cfa   0x08000cfa   0x00000002   PAD
    0x08000cfc   0x08000cfc   0x00000048   Code   RO         3056    i._74hc595_write_byte  74hc595.o
    0x08000d44   0x08000d44   0x00000020   Code   RO         3354    i.__0printf$5       mc_w.l(printf5.o)
    0x08000d64   0x08000d64   0x0000000e   Code   RO         3524    i.__scatterload_copy  mc_w.l(handlers.o)
    0x08000d72   0x08000d72   0x00000002   Code   RO         3525    i.__scatterload_null  mc_w.l(handlers.o)
    0x08000d74   0x08000d74   0x0000000e   Code   RO         3526    i.__scatterload_zeroinit  mc_w.l(handlers.o)
    0x08000d82   0x08000d82   0x0000000a   Code   RO         2961    i.__set_FAULTMASK   bootloader.o
    0x08000d8c   0x08000d8c   0x000002c0   Code   RO         3361    i._printf_core      mc_w.l(printf5.o)
    0x0800104c   0x0800104c   0x0000009c   Code   RO         2831    i._rs485_init       rs485.o
    0x080010e8   0x080010e8   0x00000264   Code   RO         2962    i.app_info          bootloader.o
    0x0800134c   0x0800134c   0x0000003c   Code   RO         2797    i.delay_init        delay.o
    0x08001388   0x08001388   0x00000018   Code   RO         2798    i.delay_nms         delay.o
    0x080013a0   0x080013a0   0x0000002c   Code   RO         2799    i.delay_nus         delay.o
    0x080013cc   0x080013cc   0x00000022   Code   RO         1100    i.fmc_bank0_ready_wait  gd32f30x_fmc.o
    0x080013ee   0x080013ee   0x00000002   PAD
    0x080013f0   0x080013f0   0x00000030   Code   RO         1101    i.fmc_bank0_state_get  gd32f30x_fmc.o
    0x08001420   0x08001420   0x00000022   Code   RO         1105    i.fmc_bank1_ready_wait  gd32f30x_fmc.o
    0x08001442   0x08001442   0x00000002   PAD
    0x08001444   0x08001444   0x00000030   Code   RO         1106    i.fmc_bank1_state_get  gd32f30x_fmc.o
    0x08001474   0x08001474   0x00000020   Code   RO         1108    i.fmc_flag_clear    gd32f30x_fmc.o
    0x08001494   0x08001494   0x000000b8   Code   RO         1110    i.fmc_halfword_program  gd32f30x_fmc.o
    0x0800154c   0x0800154c   0x0000002c   Code   RO         1115    i.fmc_lock          gd32f30x_fmc.o
    0x08001578   0x08001578   0x000000e4   Code   RO         1117    i.fmc_page_erase    gd32f30x_fmc.o
    0x0800165c   0x0800165c   0x00000044   Code   RO         1118    i.fmc_unlock        gd32f30x_fmc.o
    0x080016a0   0x080016a0   0x00000028   Code   RO         2832    i.fputc             rs485.o
    0x080016c8   0x080016c8   0x00000004   Code   RO         1385    i.gpio_bit_reset    gd32f30x_gpio.o
    0x080016cc   0x080016cc   0x00000004   Code   RO         1386    i.gpio_bit_set      gd32f30x_gpio.o
    0x080016d0   0x080016d0   0x000000bc   Code   RO         1395    i.gpio_init         gd32f30x_gpio.o
    0x0800178c   0x0800178c   0x00000090   Code   RO         1401    i.gpio_pin_remap_config  gd32f30x_gpio.o
    0x0800181c   0x0800181c   0x000000e4   Code   RO         2963    i.jump_to_app_1     bootloader.o
    0x08001900   0x08001900   0x000000e4   Code   RO         2964    i.jump_to_app_2     bootloader.o
    0x080019e4   0x080019e4   0x00000268   Code   RO          157    i.main              main.o
    0x08001c4c   0x08001c4c   0x00000018   Code   RO         1515    i.nvic_vector_table_set  gd32f30x_misc.o
    0x08001c64   0x08001c64   0x0000021c   Code   RO         2965    i.print_last_app_info  bootloader.o
    0x08001e80   0x08001e80   0x00000158   Code   RO         1712    i.rcu_clock_freq_get  gd32f30x_rcu.o
    0x08001fd8   0x08001fd8   0x00000020   Code   RO         1730    i.rcu_periph_clock_enable  gd32f30x_rcu.o
    0x08001ff8   0x08001ff8   0x00000020   Code   RO         1733    i.rcu_periph_reset_disable  gd32f30x_rcu.o
    0x08002018   0x08002018   0x00000020   Code   RO         1734    i.rcu_periph_reset_enable  gd32f30x_rcu.o
    0x08002038   0x08002038   0x00000054   Code   RO         2833    i.rs485_gpio_init   rs485.o
    0x0800208c   0x0800208c   0x00000010   Code   RO         2834    i.rs485_init        rs485.o
    0x0800209c   0x0800209c   0x00000028   Code   RO         2835    i.rs485_read_byte   rs485.o
    0x080020c4   0x080020c4   0x00000114   Code   RO         3169    i.system_clock_120m_hxtal  system_gd32f30x.o
    0x080021d8   0x080021d8   0x00000008   Code   RO         3170    i.system_clock_config  system_gd32f30x.o
    0x080021e0   0x080021e0   0x00000034   Code   RO         2836    i.ttl_sendbyte      rs485.o
    0x08002214   0x08002214   0x00000090   Code   RO         2484    i.usart_baudrate_set  gd32f30x_usart.o
    0x080022a4   0x080022a4   0x0000000a   Code   RO         2487    i.usart_data_receive  gd32f30x_usart.o
    0x080022ae   0x080022ae   0x00000008   Code   RO         2488    i.usart_data_transmit  gd32f30x_usart.o
    0x080022b6   0x080022b6   0x00000002   PAD
    0x080022b8   0x080022b8   0x00000090   Code   RO         2489    i.usart_deinit      gd32f30x_usart.o
    0x08002348   0x08002348   0x0000000a   Code   RO         2493    i.usart_enable      gd32f30x_usart.o
    0x08002352   0x08002352   0x00000012   Code   RO         2494    i.usart_flag_clear  gd32f30x_usart.o
    0x08002364   0x08002364   0x0000001e   Code   RO         2495    i.usart_flag_get    gd32f30x_usart.o
    0x08002382   0x08002382   0x00000014   Code   RO         2517    i.usart_receive_config  gd32f30x_usart.o
    0x08002396   0x08002396   0x00000014   Code   RO         2531    i.usart_transmit_config  gd32f30x_usart.o
    0x080023aa   0x080023aa   0x00000002   PAD
    0x080023ac   0x080023ac   0x00000042   Data   RO         2966    .conststring        bootloader.o
    0x080023ee   0x080023ee   0x00000002   PAD
    0x080023f0   0x080023f0   0x00000020   Data   RO         3522    Region$$Table       anon$$obj.o


    Execution Region RW_IRAM1 (Exec base: 0x20000000, Load base: 0x08002410, Size: 0x00004580, Max: 0x00018000, ABSOLUTE)

    Exec Addr    Load Addr    Size         Type   Attr      Idx    E Section Name        Object

    0x20000000   0x08002410   0x00000048   Data   RW         2837    .data               rs485.o
    0x20000048   0x08002458   0x00000004   Data   RW         2903    .data               update.o
    0x2000004c   0x0800245c   0x00000008   Data   RW         2967    .data               bootloader.o
    0x20000054   0x08002464   0x00000021   Data   RW         3057    .data               74hc595.o
    0x20000075   0x08002485   0x00000003   PAD
    0x20000078   0x08002488   0x00000004   Data   RW         3496    .data               mc_w.l(stdout.o)
    0x2000007c        -       0x00000500   Zero   RW         2902    .bss                update.o
    0x2000057c   0x0800248c   0x00000004   PAD
    0x20000580        -       0x00004000   Zero   RW         3158    STACK               startup_gd32f30x_xd.o


==============================================================================

Image component sizes


      Code (inc. data)   RO Data    RW Data    ZI Data      Debug   Object Name

       530         30          0         33          0       5063   74hc595.o
      1618        550         66          8          0       6563   bootloader.o
       128         18          0          0          0       1785   delay.o
       320         12          0          0          0       2586   flash_drv.o
       720         74          0          0          0       6883   gd32f30x_fmc.o
       340          6          0          0          0       3492   gd32f30x_gpio.o
        20          0          0          0          0      42445   gd32f30x_it.o
        24          8          0          0          0        748   gd32f30x_misc.o
       440         46          0          0          0       3536   gd32f30x_rcu.o
       404         16          0          0          0       6901   gd32f30x_usart.o
       616        248          0          0          0       4275   main.o
       476         40          0         72          0       7208   rs485.o
        36          8        304          0      16384        900   startup_gd32f30x_xd.o
       408         32          0          0          0       2701   system_gd32f30x.o
         2          0          0          0          0        518   systick.o
      1686        356          0          4       1280       7160   update.o

    ----------------------------------------------------------------------
      7780       1444        404        120      17668     102764   Object Totals
         0          0         32          0          0          0   (incl. Generated)
        12          0          2          3          4          0   (incl. Padding)

    ----------------------------------------------------------------------

      Code (inc. data)   RO Data    RW Data    ZI Data      Debug   Library Member Name

         0          0          0          0          0          0   entry.o
         0          0          0          0          0          0   entry10a.o
         0          0          0          0          0          0   entry11a.o
         8          4          0          0          0          0   entry2.o
         4          0          0          0          0          0   entry5.o
         0          0          0          0          0          0   entry7b.o
         0          0          0          0          0          0   entry8b.o
         8          4          0          0          0          0   entry9a.o
        30          0          0          0          0          0   handlers.o
        36          8          0          0          0         68   init.o
        30          0          0          0          0         68   llshl.o
        32          0          0          0          0         68   llushr.o
        36          0          0          0          0         68   memcpya.o
       736         56          0          0          0        184   printf5.o
         0          0          0          4          0          0   stdout.o
        28          0          0          0          0         76   strcmp.o
        98          0          0          0          0         92   uldiv.o

    ----------------------------------------------------------------------
      1048         72          0          4          0        624   Library Totals
         2          0          0          0          0          0   (incl. Padding)

    ----------------------------------------------------------------------

      Code (inc. data)   RO Data    RW Data    ZI Data      Debug   Library Name

      1046         72          0          4          0        624   mc_w.l

    ----------------------------------------------------------------------
      1048         72          0          4          0        624   Library Totals

    ----------------------------------------------------------------------

==============================================================================


      Code (inc. data)   RO Data    RW Data    ZI Data      Debug   

      8828       1516        404        124      17668      97132   Grand Totals
      8828       1516        404        124      17668      97132   ELF Image Totals
      8828       1516        404        124          0          0   ROM Totals

==============================================================================

    Total RO  Size (Code + RO Data)                 9232 (   9.02kB)
    Total RW  Size (RW Data + ZI Data)             17792 (  17.38kB)
    Total ROM Size (Code + RO Data + RW Data)       9356 (   9.14kB)

==============================================================================

