<!doctype html public "-//w3c//dtd html 4.0 transitional//en">
<html><head>
<title>Static Call Graph - [.\Objects\FreeRTOS_template.axf]</title></head>
<body><HR>
<H1>Static Call Graph for image .\Objects\FreeRTOS_template.axf</H1><HR>
<BR><P>#&#060CALLGRAPH&#062# ARM Linker, 5060750: Last Updated: Thu Sep 25 15:23:35 2025
<BR><P>
<H3>Maximum Stack Usage =       1208 bytes + Unknown(Cycles, Untraceable Function Pointers)</H3><H3>
Call chain for Maximum Stack Depth:</H3>
main &rArr; UpdateApp &rArr;  UpdateApp (Cycle)
<P>
<H3>
Mutually Recursive functions
</H3> <LI><a href="#[6]">SVC_Handler</a>&nbsp;&nbsp;&nbsp;&rArr;&nbsp;&nbsp;&nbsp;<a href="#[6]">SVC_Handler</a><BR>
 <LI><a href="#[8]">PendSV_Handler</a>&nbsp;&nbsp;&nbsp;&rArr;&nbsp;&nbsp;&nbsp;<a href="#[8]">PendSV_Handler</a><BR>
 <LI><a href="#[1c]">ADC0_1_IRQHandler</a>&nbsp;&nbsp;&nbsp;&rArr;&nbsp;&nbsp;&nbsp;<a href="#[1c]">ADC0_1_IRQHandler</a><BR>
 <LI><a href="#[60]">UpdateApp</a>&nbsp;&nbsp;&nbsp;&rArr;&nbsp;&nbsp;&nbsp;<a href="#[60]">UpdateApp</a><BR>
</UL>
<P>
<H3>
Function Pointers
</H3><UL>
 <LI><a href="#[1c]">ADC0_1_IRQHandler</a> from startup_gd32f30x_xd.o(.text) referenced from startup_gd32f30x_xd.o(RESET)
 <LI><a href="#[39]">ADC2_IRQHandler</a> from startup_gd32f30x_xd.o(.text) referenced from startup_gd32f30x_xd.o(RESET)
 <LI><a href="#[4]">BusFault_Handler</a> from gd32f30x_it.o(i.BusFault_Handler) referenced from startup_gd32f30x_xd.o(RESET)
 <LI><a href="#[20]">CAN0_EWMC_IRQHandler</a> from startup_gd32f30x_xd.o(.text) referenced from startup_gd32f30x_xd.o(RESET)
 <LI><a href="#[1f]">CAN0_RX1_IRQHandler</a> from startup_gd32f30x_xd.o(.text) referenced from startup_gd32f30x_xd.o(RESET)
 <LI><a href="#[15]">DMA0_Channel0_IRQHandler</a> from startup_gd32f30x_xd.o(.text) referenced from startup_gd32f30x_xd.o(RESET)
 <LI><a href="#[16]">DMA0_Channel1_IRQHandler</a> from startup_gd32f30x_xd.o(.text) referenced from startup_gd32f30x_xd.o(RESET)
 <LI><a href="#[17]">DMA0_Channel2_IRQHandler</a> from startup_gd32f30x_xd.o(.text) referenced from startup_gd32f30x_xd.o(RESET)
 <LI><a href="#[18]">DMA0_Channel3_IRQHandler</a> from startup_gd32f30x_xd.o(.text) referenced from startup_gd32f30x_xd.o(RESET)
 <LI><a href="#[19]">DMA0_Channel4_IRQHandler</a> from startup_gd32f30x_xd.o(.text) referenced from startup_gd32f30x_xd.o(RESET)
 <LI><a href="#[1a]">DMA0_Channel5_IRQHandler</a> from startup_gd32f30x_xd.o(.text) referenced from startup_gd32f30x_xd.o(RESET)
 <LI><a href="#[1b]">DMA0_Channel6_IRQHandler</a> from startup_gd32f30x_xd.o(.text) referenced from startup_gd32f30x_xd.o(RESET)
 <LI><a href="#[42]">DMA1_Channel0_IRQHandler</a> from startup_gd32f30x_xd.o(.text) referenced from startup_gd32f30x_xd.o(RESET)
 <LI><a href="#[43]">DMA1_Channel1_IRQHandler</a> from startup_gd32f30x_xd.o(.text) referenced from startup_gd32f30x_xd.o(RESET)
 <LI><a href="#[44]">DMA1_Channel2_IRQHandler</a> from startup_gd32f30x_xd.o(.text) referenced from startup_gd32f30x_xd.o(RESET)
 <LI><a href="#[45]">DMA1_Channel3_4_IRQHandler</a> from startup_gd32f30x_xd.o(.text) referenced from startup_gd32f30x_xd.o(RESET)
 <LI><a href="#[7]">DebugMon_Handler</a> from gd32f30x_it.o(i.DebugMon_Handler) referenced from startup_gd32f30x_xd.o(RESET)
 <LI><a href="#[3a]">EXMC_IRQHandler</a> from startup_gd32f30x_xd.o(.text) referenced from startup_gd32f30x_xd.o(RESET)
 <LI><a href="#[10]">EXTI0_IRQHandler</a> from startup_gd32f30x_xd.o(.text) referenced from startup_gd32f30x_xd.o(RESET)
 <LI><a href="#[32]">EXTI10_15_IRQHandler</a> from startup_gd32f30x_xd.o(.text) referenced from startup_gd32f30x_xd.o(RESET)
 <LI><a href="#[11]">EXTI1_IRQHandler</a> from startup_gd32f30x_xd.o(.text) referenced from startup_gd32f30x_xd.o(RESET)
 <LI><a href="#[12]">EXTI2_IRQHandler</a> from startup_gd32f30x_xd.o(.text) referenced from startup_gd32f30x_xd.o(RESET)
 <LI><a href="#[13]">EXTI3_IRQHandler</a> from startup_gd32f30x_xd.o(.text) referenced from startup_gd32f30x_xd.o(RESET)
 <LI><a href="#[14]">EXTI4_IRQHandler</a> from startup_gd32f30x_xd.o(.text) referenced from startup_gd32f30x_xd.o(RESET)
 <LI><a href="#[21]">EXTI5_9_IRQHandler</a> from startup_gd32f30x_xd.o(.text) referenced from startup_gd32f30x_xd.o(RESET)
 <LI><a href="#[e]">FMC_IRQHandler</a> from startup_gd32f30x_xd.o(.text) referenced from startup_gd32f30x_xd.o(RESET)
 <LI><a href="#[2]">HardFault_Handler</a> from gd32f30x_it.o(i.HardFault_Handler) referenced from startup_gd32f30x_xd.o(RESET)
 <LI><a href="#[2a]">I2C0_ER_IRQHandler</a> from startup_gd32f30x_xd.o(.text) referenced from startup_gd32f30x_xd.o(RESET)
 <LI><a href="#[29]">I2C0_EV_IRQHandler</a> from startup_gd32f30x_xd.o(.text) referenced from startup_gd32f30x_xd.o(RESET)
 <LI><a href="#[2c]">I2C1_ER_IRQHandler</a> from startup_gd32f30x_xd.o(.text) referenced from startup_gd32f30x_xd.o(RESET)
 <LI><a href="#[2b]">I2C1_EV_IRQHandler</a> from startup_gd32f30x_xd.o(.text) referenced from startup_gd32f30x_xd.o(RESET)
 <LI><a href="#[b]">LVD_IRQHandler</a> from startup_gd32f30x_xd.o(.text) referenced from startup_gd32f30x_xd.o(RESET)
 <LI><a href="#[3]">MemManage_Handler</a> from gd32f30x_it.o(i.MemManage_Handler) referenced from startup_gd32f30x_xd.o(RESET)
 <LI><a href="#[1]">NMI_Handler</a> from gd32f30x_it.o(i.NMI_Handler) referenced from startup_gd32f30x_xd.o(RESET)
 <LI><a href="#[8]">PendSV_Handler</a> from startup_gd32f30x_xd.o(.text) referenced from startup_gd32f30x_xd.o(RESET)
 <LI><a href="#[f]">RCU_CTC_IRQHandler</a> from startup_gd32f30x_xd.o(.text) referenced from startup_gd32f30x_xd.o(RESET)
 <LI><a href="#[33]">RTC_Alarm_IRQHandler</a> from startup_gd32f30x_xd.o(.text) referenced from startup_gd32f30x_xd.o(RESET)
 <LI><a href="#[d]">RTC_IRQHandler</a> from startup_gd32f30x_xd.o(.text) referenced from startup_gd32f30x_xd.o(RESET)
 <LI><a href="#[0]">Reset_Handler</a> from startup_gd32f30x_xd.o(.text) referenced from startup_gd32f30x_xd.o(RESET)
 <LI><a href="#[3b]">SDIO_IRQHandler</a> from startup_gd32f30x_xd.o(.text) referenced from startup_gd32f30x_xd.o(RESET)
 <LI><a href="#[2d]">SPI0_IRQHandler</a> from startup_gd32f30x_xd.o(.text) referenced from startup_gd32f30x_xd.o(RESET)
 <LI><a href="#[2e]">SPI1_IRQHandler</a> from startup_gd32f30x_xd.o(.text) referenced from startup_gd32f30x_xd.o(RESET)
 <LI><a href="#[3d]">SPI2_IRQHandler</a> from startup_gd32f30x_xd.o(.text) referenced from startup_gd32f30x_xd.o(RESET)
 <LI><a href="#[6]">SVC_Handler</a> from startup_gd32f30x_xd.o(.text) referenced from startup_gd32f30x_xd.o(RESET)
 <LI><a href="#[9]">SysTick_Handler</a> from systick.o(i.SysTick_Handler) referenced from startup_gd32f30x_xd.o(RESET)
 <LI><a href="#[47]">SystemInit</a> from system_gd32f30x.o(i.SystemInit) referenced from startup_gd32f30x_xd.o(.text)
 <LI><a href="#[c]">TAMPER_IRQHandler</a> from startup_gd32f30x_xd.o(.text) referenced from startup_gd32f30x_xd.o(RESET)
 <LI><a href="#[22]">TIMER0_BRK_TIMER8_IRQHandler</a> from startup_gd32f30x_xd.o(.text) referenced from startup_gd32f30x_xd.o(RESET)
 <LI><a href="#[25]">TIMER0_Channel_IRQHandler</a> from startup_gd32f30x_xd.o(.text) referenced from startup_gd32f30x_xd.o(RESET)
 <LI><a href="#[24]">TIMER0_TRG_CMT_TIMER10_IRQHandler</a> from startup_gd32f30x_xd.o(.text) referenced from startup_gd32f30x_xd.o(RESET)
 <LI><a href="#[23]">TIMER0_UP_TIMER9_IRQHandler</a> from startup_gd32f30x_xd.o(.text) referenced from startup_gd32f30x_xd.o(RESET)
 <LI><a href="#[26]">TIMER1_IRQHandler</a> from startup_gd32f30x_xd.o(.text) referenced from startup_gd32f30x_xd.o(RESET)
 <LI><a href="#[27]">TIMER2_IRQHandler</a> from startup_gd32f30x_xd.o(.text) referenced from startup_gd32f30x_xd.o(RESET)
 <LI><a href="#[28]">TIMER3_IRQHandler</a> from startup_gd32f30x_xd.o(.text) referenced from startup_gd32f30x_xd.o(RESET)
 <LI><a href="#[3c]">TIMER4_IRQHandler</a> from startup_gd32f30x_xd.o(.text) referenced from startup_gd32f30x_xd.o(RESET)
 <LI><a href="#[40]">TIMER5_IRQHandler</a> from startup_gd32f30x_xd.o(.text) referenced from startup_gd32f30x_xd.o(RESET)
 <LI><a href="#[41]">TIMER6_IRQHandler</a> from startup_gd32f30x_xd.o(.text) referenced from startup_gd32f30x_xd.o(RESET)
 <LI><a href="#[35]">TIMER7_BRK_TIMER11_IRQHandler</a> from startup_gd32f30x_xd.o(.text) referenced from startup_gd32f30x_xd.o(RESET)
 <LI><a href="#[38]">TIMER7_Channel_IRQHandler</a> from startup_gd32f30x_xd.o(.text) referenced from startup_gd32f30x_xd.o(RESET)
 <LI><a href="#[37]">TIMER7_TRG_CMT_TIMER13_IRQHandler</a> from startup_gd32f30x_xd.o(.text) referenced from startup_gd32f30x_xd.o(RESET)
 <LI><a href="#[36]">TIMER7_UP_TIMER12_IRQHandler</a> from startup_gd32f30x_xd.o(.text) referenced from startup_gd32f30x_xd.o(RESET)
 <LI><a href="#[3e]">UART3_IRQHandler</a> from startup_gd32f30x_xd.o(.text) referenced from startup_gd32f30x_xd.o(RESET)
 <LI><a href="#[3f]">UART4_IRQHandler</a> from startup_gd32f30x_xd.o(.text) referenced from startup_gd32f30x_xd.o(RESET)
 <LI><a href="#[2f]">USART0_IRQHandler</a> from startup_gd32f30x_xd.o(.text) referenced from startup_gd32f30x_xd.o(RESET)
 <LI><a href="#[30]">USART1_IRQHandler</a> from startup_gd32f30x_xd.o(.text) referenced from startup_gd32f30x_xd.o(RESET)
 <LI><a href="#[31]">USART2_IRQHandler</a> from startup_gd32f30x_xd.o(.text) referenced from startup_gd32f30x_xd.o(RESET)
 <LI><a href="#[1d]">USBD_HP_CAN0_TX_IRQHandler</a> from startup_gd32f30x_xd.o(.text) referenced from startup_gd32f30x_xd.o(RESET)
 <LI><a href="#[1e]">USBD_LP_CAN0_RX0_IRQHandler</a> from startup_gd32f30x_xd.o(.text) referenced from startup_gd32f30x_xd.o(RESET)
 <LI><a href="#[34]">USBD_WKUP_IRQHandler</a> from startup_gd32f30x_xd.o(.text) referenced from startup_gd32f30x_xd.o(RESET)
 <LI><a href="#[5]">UsageFault_Handler</a> from gd32f30x_it.o(i.UsageFault_Handler) referenced from startup_gd32f30x_xd.o(RESET)
 <LI><a href="#[a]">WWDGT_IRQHandler</a> from startup_gd32f30x_xd.o(.text) referenced from startup_gd32f30x_xd.o(RESET)
 <LI><a href="#[48]">__main</a> from entry.o(.ARM.Collect$$$$00000000) referenced from startup_gd32f30x_xd.o(.text)
 <LI><a href="#[49]">fputc</a> from rs485.o(i.fputc) referenced from printf5.o(i.__0printf$5)
 <LI><a href="#[46]">main</a> from main.o(i.main) referenced from entry9a.o(.ARM.Collect$$$$0000000B)
</UL>
<P>
<H3>
Global Symbols
</H3>
<P><STRONG><a name="[48]"></a>__main</STRONG> (Thumb, 0 bytes, Stack size unknown bytes, entry.o(.ARM.Collect$$$$00000000))
<BR>[Address Reference Count : 1]<UL><LI> startup_gd32f30x_xd.o(.text)
</UL>
<P><STRONG><a name="[8e]"></a>_main_stk</STRONG> (Thumb, 0 bytes, Stack size unknown bytes, entry2.o(.ARM.Collect$$$$00000001))

<P><STRONG><a name="[4a]"></a>_main_scatterload</STRONG> (Thumb, 0 bytes, Stack size unknown bytes, entry5.o(.ARM.Collect$$$$00000004))
<BR><BR>[Calls]<UL><LI><a href="#[4b]">&gt;&gt;</a>&nbsp;&nbsp;&nbsp;__scatterload
</UL>

<P><STRONG><a name="[4f]"></a>__main_after_scatterload</STRONG> (Thumb, 0 bytes, Stack size unknown bytes, entry5.o(.ARM.Collect$$$$00000004))
<BR><BR>[Called By]<UL><LI><a href="#[4b]">&gt;&gt;</a>&nbsp;&nbsp;&nbsp;__scatterload
</UL>

<P><STRONG><a name="[8f]"></a>_main_clock</STRONG> (Thumb, 0 bytes, Stack size unknown bytes, entry7b.o(.ARM.Collect$$$$00000008))

<P><STRONG><a name="[90]"></a>_main_cpp_init</STRONG> (Thumb, 0 bytes, Stack size unknown bytes, entry8b.o(.ARM.Collect$$$$0000000A))

<P><STRONG><a name="[91]"></a>_main_init</STRONG> (Thumb, 0 bytes, Stack size unknown bytes, entry9a.o(.ARM.Collect$$$$0000000B))

<P><STRONG><a name="[92]"></a>__rt_final_cpp</STRONG> (Thumb, 0 bytes, Stack size unknown bytes, entry10a.o(.ARM.Collect$$$$0000000D))

<P><STRONG><a name="[93]"></a>__rt_final_exit</STRONG> (Thumb, 0 bytes, Stack size unknown bytes, entry11a.o(.ARM.Collect$$$$0000000F))

<P><STRONG><a name="[0]"></a>Reset_Handler</STRONG> (Thumb, 8 bytes, Stack size 0 bytes, startup_gd32f30x_xd.o(.text))
<BR>[Address Reference Count : 1]<UL><LI> startup_gd32f30x_xd.o(RESET)
</UL>
<P><STRONG><a name="[6]"></a>SVC_Handler</STRONG> (Thumb, 2 bytes, Stack size 0 bytes, startup_gd32f30x_xd.o(.text))
<BR><BR>[Calls]<UL><LI><a href="#[6]">&gt;&gt;</a>&nbsp;&nbsp;&nbsp;SVC_Handler
</UL>
<BR>[Called By]<UL><LI><a href="#[6]">&gt;&gt;</a>&nbsp;&nbsp;&nbsp;SVC_Handler
</UL>
<BR>[Address Reference Count : 1]<UL><LI> startup_gd32f30x_xd.o(RESET)
</UL>
<P><STRONG><a name="[8]"></a>PendSV_Handler</STRONG> (Thumb, 2 bytes, Stack size 0 bytes, startup_gd32f30x_xd.o(.text))
<BR><BR>[Calls]<UL><LI><a href="#[8]">&gt;&gt;</a>&nbsp;&nbsp;&nbsp;PendSV_Handler
</UL>
<BR>[Called By]<UL><LI><a href="#[8]">&gt;&gt;</a>&nbsp;&nbsp;&nbsp;PendSV_Handler
</UL>
<BR>[Address Reference Count : 1]<UL><LI> startup_gd32f30x_xd.o(RESET)
</UL>
<P><STRONG><a name="[1c]"></a>ADC0_1_IRQHandler</STRONG> (Thumb, 0 bytes, Stack size 0 bytes, startup_gd32f30x_xd.o(.text))
<BR><BR>[Calls]<UL><LI><a href="#[1c]">&gt;&gt;</a>&nbsp;&nbsp;&nbsp;ADC0_1_IRQHandler
</UL>
<BR>[Called By]<UL><LI><a href="#[1c]">&gt;&gt;</a>&nbsp;&nbsp;&nbsp;ADC0_1_IRQHandler
</UL>
<BR>[Address Reference Count : 1]<UL><LI> startup_gd32f30x_xd.o(RESET)
</UL>
<P><STRONG><a name="[39]"></a>ADC2_IRQHandler</STRONG> (Thumb, 0 bytes, Stack size 0 bytes, startup_gd32f30x_xd.o(.text))
<BR>[Address Reference Count : 1]<UL><LI> startup_gd32f30x_xd.o(RESET)
</UL>
<P><STRONG><a name="[20]"></a>CAN0_EWMC_IRQHandler</STRONG> (Thumb, 0 bytes, Stack size 0 bytes, startup_gd32f30x_xd.o(.text))
<BR>[Address Reference Count : 1]<UL><LI> startup_gd32f30x_xd.o(RESET)
</UL>
<P><STRONG><a name="[1f]"></a>CAN0_RX1_IRQHandler</STRONG> (Thumb, 0 bytes, Stack size 0 bytes, startup_gd32f30x_xd.o(.text))
<BR>[Address Reference Count : 1]<UL><LI> startup_gd32f30x_xd.o(RESET)
</UL>
<P><STRONG><a name="[15]"></a>DMA0_Channel0_IRQHandler</STRONG> (Thumb, 0 bytes, Stack size 0 bytes, startup_gd32f30x_xd.o(.text))
<BR>[Address Reference Count : 1]<UL><LI> startup_gd32f30x_xd.o(RESET)
</UL>
<P><STRONG><a name="[16]"></a>DMA0_Channel1_IRQHandler</STRONG> (Thumb, 0 bytes, Stack size 0 bytes, startup_gd32f30x_xd.o(.text))
<BR>[Address Reference Count : 1]<UL><LI> startup_gd32f30x_xd.o(RESET)
</UL>
<P><STRONG><a name="[17]"></a>DMA0_Channel2_IRQHandler</STRONG> (Thumb, 0 bytes, Stack size 0 bytes, startup_gd32f30x_xd.o(.text))
<BR>[Address Reference Count : 1]<UL><LI> startup_gd32f30x_xd.o(RESET)
</UL>
<P><STRONG><a name="[18]"></a>DMA0_Channel3_IRQHandler</STRONG> (Thumb, 0 bytes, Stack size 0 bytes, startup_gd32f30x_xd.o(.text))
<BR>[Address Reference Count : 1]<UL><LI> startup_gd32f30x_xd.o(RESET)
</UL>
<P><STRONG><a name="[19]"></a>DMA0_Channel4_IRQHandler</STRONG> (Thumb, 0 bytes, Stack size 0 bytes, startup_gd32f30x_xd.o(.text))
<BR>[Address Reference Count : 1]<UL><LI> startup_gd32f30x_xd.o(RESET)
</UL>
<P><STRONG><a name="[1a]"></a>DMA0_Channel5_IRQHandler</STRONG> (Thumb, 0 bytes, Stack size 0 bytes, startup_gd32f30x_xd.o(.text))
<BR>[Address Reference Count : 1]<UL><LI> startup_gd32f30x_xd.o(RESET)
</UL>
<P><STRONG><a name="[1b]"></a>DMA0_Channel6_IRQHandler</STRONG> (Thumb, 0 bytes, Stack size 0 bytes, startup_gd32f30x_xd.o(.text))
<BR>[Address Reference Count : 1]<UL><LI> startup_gd32f30x_xd.o(RESET)
</UL>
<P><STRONG><a name="[42]"></a>DMA1_Channel0_IRQHandler</STRONG> (Thumb, 0 bytes, Stack size 0 bytes, startup_gd32f30x_xd.o(.text))
<BR>[Address Reference Count : 1]<UL><LI> startup_gd32f30x_xd.o(RESET)
</UL>
<P><STRONG><a name="[43]"></a>DMA1_Channel1_IRQHandler</STRONG> (Thumb, 0 bytes, Stack size 0 bytes, startup_gd32f30x_xd.o(.text))
<BR>[Address Reference Count : 1]<UL><LI> startup_gd32f30x_xd.o(RESET)
</UL>
<P><STRONG><a name="[44]"></a>DMA1_Channel2_IRQHandler</STRONG> (Thumb, 0 bytes, Stack size 0 bytes, startup_gd32f30x_xd.o(.text))
<BR>[Address Reference Count : 1]<UL><LI> startup_gd32f30x_xd.o(RESET)
</UL>
<P><STRONG><a name="[45]"></a>DMA1_Channel3_4_IRQHandler</STRONG> (Thumb, 0 bytes, Stack size 0 bytes, startup_gd32f30x_xd.o(.text))
<BR>[Address Reference Count : 1]<UL><LI> startup_gd32f30x_xd.o(RESET)
</UL>
<P><STRONG><a name="[3a]"></a>EXMC_IRQHandler</STRONG> (Thumb, 0 bytes, Stack size 0 bytes, startup_gd32f30x_xd.o(.text))
<BR>[Address Reference Count : 1]<UL><LI> startup_gd32f30x_xd.o(RESET)
</UL>
<P><STRONG><a name="[10]"></a>EXTI0_IRQHandler</STRONG> (Thumb, 0 bytes, Stack size 0 bytes, startup_gd32f30x_xd.o(.text))
<BR>[Address Reference Count : 1]<UL><LI> startup_gd32f30x_xd.o(RESET)
</UL>
<P><STRONG><a name="[32]"></a>EXTI10_15_IRQHandler</STRONG> (Thumb, 0 bytes, Stack size 0 bytes, startup_gd32f30x_xd.o(.text))
<BR>[Address Reference Count : 1]<UL><LI> startup_gd32f30x_xd.o(RESET)
</UL>
<P><STRONG><a name="[11]"></a>EXTI1_IRQHandler</STRONG> (Thumb, 0 bytes, Stack size 0 bytes, startup_gd32f30x_xd.o(.text))
<BR>[Address Reference Count : 1]<UL><LI> startup_gd32f30x_xd.o(RESET)
</UL>
<P><STRONG><a name="[12]"></a>EXTI2_IRQHandler</STRONG> (Thumb, 0 bytes, Stack size 0 bytes, startup_gd32f30x_xd.o(.text))
<BR>[Address Reference Count : 1]<UL><LI> startup_gd32f30x_xd.o(RESET)
</UL>
<P><STRONG><a name="[13]"></a>EXTI3_IRQHandler</STRONG> (Thumb, 0 bytes, Stack size 0 bytes, startup_gd32f30x_xd.o(.text))
<BR>[Address Reference Count : 1]<UL><LI> startup_gd32f30x_xd.o(RESET)
</UL>
<P><STRONG><a name="[14]"></a>EXTI4_IRQHandler</STRONG> (Thumb, 0 bytes, Stack size 0 bytes, startup_gd32f30x_xd.o(.text))
<BR>[Address Reference Count : 1]<UL><LI> startup_gd32f30x_xd.o(RESET)
</UL>
<P><STRONG><a name="[21]"></a>EXTI5_9_IRQHandler</STRONG> (Thumb, 0 bytes, Stack size 0 bytes, startup_gd32f30x_xd.o(.text))
<BR>[Address Reference Count : 1]<UL><LI> startup_gd32f30x_xd.o(RESET)
</UL>
<P><STRONG><a name="[e]"></a>FMC_IRQHandler</STRONG> (Thumb, 0 bytes, Stack size 0 bytes, startup_gd32f30x_xd.o(.text))
<BR>[Address Reference Count : 1]<UL><LI> startup_gd32f30x_xd.o(RESET)
</UL>
<P><STRONG><a name="[2a]"></a>I2C0_ER_IRQHandler</STRONG> (Thumb, 0 bytes, Stack size 0 bytes, startup_gd32f30x_xd.o(.text))
<BR>[Address Reference Count : 1]<UL><LI> startup_gd32f30x_xd.o(RESET)
</UL>
<P><STRONG><a name="[29]"></a>I2C0_EV_IRQHandler</STRONG> (Thumb, 0 bytes, Stack size 0 bytes, startup_gd32f30x_xd.o(.text))
<BR>[Address Reference Count : 1]<UL><LI> startup_gd32f30x_xd.o(RESET)
</UL>
<P><STRONG><a name="[2c]"></a>I2C1_ER_IRQHandler</STRONG> (Thumb, 0 bytes, Stack size 0 bytes, startup_gd32f30x_xd.o(.text))
<BR>[Address Reference Count : 1]<UL><LI> startup_gd32f30x_xd.o(RESET)
</UL>
<P><STRONG><a name="[2b]"></a>I2C1_EV_IRQHandler</STRONG> (Thumb, 0 bytes, Stack size 0 bytes, startup_gd32f30x_xd.o(.text))
<BR>[Address Reference Count : 1]<UL><LI> startup_gd32f30x_xd.o(RESET)
</UL>
<P><STRONG><a name="[b]"></a>LVD_IRQHandler</STRONG> (Thumb, 0 bytes, Stack size 0 bytes, startup_gd32f30x_xd.o(.text))
<BR>[Address Reference Count : 1]<UL><LI> startup_gd32f30x_xd.o(RESET)
</UL>
<P><STRONG><a name="[f]"></a>RCU_CTC_IRQHandler</STRONG> (Thumb, 0 bytes, Stack size 0 bytes, startup_gd32f30x_xd.o(.text))
<BR>[Address Reference Count : 1]<UL><LI> startup_gd32f30x_xd.o(RESET)
</UL>
<P><STRONG><a name="[33]"></a>RTC_Alarm_IRQHandler</STRONG> (Thumb, 0 bytes, Stack size 0 bytes, startup_gd32f30x_xd.o(.text))
<BR>[Address Reference Count : 1]<UL><LI> startup_gd32f30x_xd.o(RESET)
</UL>
<P><STRONG><a name="[d]"></a>RTC_IRQHandler</STRONG> (Thumb, 0 bytes, Stack size 0 bytes, startup_gd32f30x_xd.o(.text))
<BR>[Address Reference Count : 1]<UL><LI> startup_gd32f30x_xd.o(RESET)
</UL>
<P><STRONG><a name="[3b]"></a>SDIO_IRQHandler</STRONG> (Thumb, 0 bytes, Stack size 0 bytes, startup_gd32f30x_xd.o(.text))
<BR>[Address Reference Count : 1]<UL><LI> startup_gd32f30x_xd.o(RESET)
</UL>
<P><STRONG><a name="[2d]"></a>SPI0_IRQHandler</STRONG> (Thumb, 0 bytes, Stack size 0 bytes, startup_gd32f30x_xd.o(.text))
<BR>[Address Reference Count : 1]<UL><LI> startup_gd32f30x_xd.o(RESET)
</UL>
<P><STRONG><a name="[2e]"></a>SPI1_IRQHandler</STRONG> (Thumb, 0 bytes, Stack size 0 bytes, startup_gd32f30x_xd.o(.text))
<BR>[Address Reference Count : 1]<UL><LI> startup_gd32f30x_xd.o(RESET)
</UL>
<P><STRONG><a name="[3d]"></a>SPI2_IRQHandler</STRONG> (Thumb, 0 bytes, Stack size 0 bytes, startup_gd32f30x_xd.o(.text))
<BR>[Address Reference Count : 1]<UL><LI> startup_gd32f30x_xd.o(RESET)
</UL>
<P><STRONG><a name="[c]"></a>TAMPER_IRQHandler</STRONG> (Thumb, 0 bytes, Stack size 0 bytes, startup_gd32f30x_xd.o(.text))
<BR>[Address Reference Count : 1]<UL><LI> startup_gd32f30x_xd.o(RESET)
</UL>
<P><STRONG><a name="[22]"></a>TIMER0_BRK_TIMER8_IRQHandler</STRONG> (Thumb, 0 bytes, Stack size 0 bytes, startup_gd32f30x_xd.o(.text))
<BR>[Address Reference Count : 1]<UL><LI> startup_gd32f30x_xd.o(RESET)
</UL>
<P><STRONG><a name="[25]"></a>TIMER0_Channel_IRQHandler</STRONG> (Thumb, 0 bytes, Stack size 0 bytes, startup_gd32f30x_xd.o(.text))
<BR>[Address Reference Count : 1]<UL><LI> startup_gd32f30x_xd.o(RESET)
</UL>
<P><STRONG><a name="[24]"></a>TIMER0_TRG_CMT_TIMER10_IRQHandler</STRONG> (Thumb, 0 bytes, Stack size 0 bytes, startup_gd32f30x_xd.o(.text))
<BR>[Address Reference Count : 1]<UL><LI> startup_gd32f30x_xd.o(RESET)
</UL>
<P><STRONG><a name="[23]"></a>TIMER0_UP_TIMER9_IRQHandler</STRONG> (Thumb, 0 bytes, Stack size 0 bytes, startup_gd32f30x_xd.o(.text))
<BR>[Address Reference Count : 1]<UL><LI> startup_gd32f30x_xd.o(RESET)
</UL>
<P><STRONG><a name="[26]"></a>TIMER1_IRQHandler</STRONG> (Thumb, 0 bytes, Stack size 0 bytes, startup_gd32f30x_xd.o(.text))
<BR>[Address Reference Count : 1]<UL><LI> startup_gd32f30x_xd.o(RESET)
</UL>
<P><STRONG><a name="[27]"></a>TIMER2_IRQHandler</STRONG> (Thumb, 0 bytes, Stack size 0 bytes, startup_gd32f30x_xd.o(.text))
<BR>[Address Reference Count : 1]<UL><LI> startup_gd32f30x_xd.o(RESET)
</UL>
<P><STRONG><a name="[28]"></a>TIMER3_IRQHandler</STRONG> (Thumb, 0 bytes, Stack size 0 bytes, startup_gd32f30x_xd.o(.text))
<BR>[Address Reference Count : 1]<UL><LI> startup_gd32f30x_xd.o(RESET)
</UL>
<P><STRONG><a name="[3c]"></a>TIMER4_IRQHandler</STRONG> (Thumb, 0 bytes, Stack size 0 bytes, startup_gd32f30x_xd.o(.text))
<BR>[Address Reference Count : 1]<UL><LI> startup_gd32f30x_xd.o(RESET)
</UL>
<P><STRONG><a name="[40]"></a>TIMER5_IRQHandler</STRONG> (Thumb, 0 bytes, Stack size 0 bytes, startup_gd32f30x_xd.o(.text))
<BR>[Address Reference Count : 1]<UL><LI> startup_gd32f30x_xd.o(RESET)
</UL>
<P><STRONG><a name="[41]"></a>TIMER6_IRQHandler</STRONG> (Thumb, 0 bytes, Stack size 0 bytes, startup_gd32f30x_xd.o(.text))
<BR>[Address Reference Count : 1]<UL><LI> startup_gd32f30x_xd.o(RESET)
</UL>
<P><STRONG><a name="[35]"></a>TIMER7_BRK_TIMER11_IRQHandler</STRONG> (Thumb, 0 bytes, Stack size 0 bytes, startup_gd32f30x_xd.o(.text))
<BR>[Address Reference Count : 1]<UL><LI> startup_gd32f30x_xd.o(RESET)
</UL>
<P><STRONG><a name="[38]"></a>TIMER7_Channel_IRQHandler</STRONG> (Thumb, 0 bytes, Stack size 0 bytes, startup_gd32f30x_xd.o(.text))
<BR>[Address Reference Count : 1]<UL><LI> startup_gd32f30x_xd.o(RESET)
</UL>
<P><STRONG><a name="[37]"></a>TIMER7_TRG_CMT_TIMER13_IRQHandler</STRONG> (Thumb, 0 bytes, Stack size 0 bytes, startup_gd32f30x_xd.o(.text))
<BR>[Address Reference Count : 1]<UL><LI> startup_gd32f30x_xd.o(RESET)
</UL>
<P><STRONG><a name="[36]"></a>TIMER7_UP_TIMER12_IRQHandler</STRONG> (Thumb, 0 bytes, Stack size 0 bytes, startup_gd32f30x_xd.o(.text))
<BR>[Address Reference Count : 1]<UL><LI> startup_gd32f30x_xd.o(RESET)
</UL>
<P><STRONG><a name="[3e]"></a>UART3_IRQHandler</STRONG> (Thumb, 0 bytes, Stack size 0 bytes, startup_gd32f30x_xd.o(.text))
<BR>[Address Reference Count : 1]<UL><LI> startup_gd32f30x_xd.o(RESET)
</UL>
<P><STRONG><a name="[3f]"></a>UART4_IRQHandler</STRONG> (Thumb, 0 bytes, Stack size 0 bytes, startup_gd32f30x_xd.o(.text))
<BR>[Address Reference Count : 1]<UL><LI> startup_gd32f30x_xd.o(RESET)
</UL>
<P><STRONG><a name="[2f]"></a>USART0_IRQHandler</STRONG> (Thumb, 0 bytes, Stack size 0 bytes, startup_gd32f30x_xd.o(.text))
<BR>[Address Reference Count : 1]<UL><LI> startup_gd32f30x_xd.o(RESET)
</UL>
<P><STRONG><a name="[30]"></a>USART1_IRQHandler</STRONG> (Thumb, 0 bytes, Stack size 0 bytes, startup_gd32f30x_xd.o(.text))
<BR>[Address Reference Count : 1]<UL><LI> startup_gd32f30x_xd.o(RESET)
</UL>
<P><STRONG><a name="[31]"></a>USART2_IRQHandler</STRONG> (Thumb, 0 bytes, Stack size 0 bytes, startup_gd32f30x_xd.o(.text))
<BR>[Address Reference Count : 1]<UL><LI> startup_gd32f30x_xd.o(RESET)
</UL>
<P><STRONG><a name="[1d]"></a>USBD_HP_CAN0_TX_IRQHandler</STRONG> (Thumb, 0 bytes, Stack size 0 bytes, startup_gd32f30x_xd.o(.text))
<BR>[Address Reference Count : 1]<UL><LI> startup_gd32f30x_xd.o(RESET)
</UL>
<P><STRONG><a name="[1e]"></a>USBD_LP_CAN0_RX0_IRQHandler</STRONG> (Thumb, 0 bytes, Stack size 0 bytes, startup_gd32f30x_xd.o(.text))
<BR>[Address Reference Count : 1]<UL><LI> startup_gd32f30x_xd.o(RESET)
</UL>
<P><STRONG><a name="[34]"></a>USBD_WKUP_IRQHandler</STRONG> (Thumb, 0 bytes, Stack size 0 bytes, startup_gd32f30x_xd.o(.text))
<BR>[Address Reference Count : 1]<UL><LI> startup_gd32f30x_xd.o(RESET)
</UL>
<P><STRONG><a name="[a]"></a>WWDGT_IRQHandler</STRONG> (Thumb, 0 bytes, Stack size 0 bytes, startup_gd32f30x_xd.o(.text))
<BR>[Address Reference Count : 1]<UL><LI> startup_gd32f30x_xd.o(RESET)
</UL>
<P><STRONG><a name="[69]"></a>__aeabi_memcpy</STRONG> (Thumb, 36 bytes, Stack size 0 bytes, memcpya.o(.text))
<BR><BR>[Called By]<UL><LI><a href="#[63]">&gt;&gt;</a>&nbsp;&nbsp;&nbsp;YmodemReceive
</UL>

<P><STRONG><a name="[94]"></a>__aeabi_memcpy4</STRONG> (Thumb, 0 bytes, Stack size 0 bytes, memcpya.o(.text), UNUSED)

<P><STRONG><a name="[95]"></a>__aeabi_memcpy8</STRONG> (Thumb, 0 bytes, Stack size 0 bytes, memcpya.o(.text), UNUSED)

<P><STRONG><a name="[7c]"></a>strcmp</STRONG> (Thumb, 28 bytes, Stack size 8 bytes, strcmp.o(.text))
<BR><BR>[Stack]<UL><LI>Max Depth = 8<LI>Call Chain = strcmp
</UL>
<BR>[Called By]<UL><LI><a href="#[64]">&gt;&gt;</a>&nbsp;&nbsp;&nbsp;print_last_app_info
<LI><a href="#[67]">&gt;&gt;</a>&nbsp;&nbsp;&nbsp;jump_to_app_2
<LI><a href="#[66]">&gt;&gt;</a>&nbsp;&nbsp;&nbsp;jump_to_app_1
<LI><a href="#[65]">&gt;&gt;</a>&nbsp;&nbsp;&nbsp;app_info
<LI><a href="#[46]">&gt;&gt;</a>&nbsp;&nbsp;&nbsp;main
</UL>

<P><STRONG><a name="[4c]"></a>__aeabi_uldivmod</STRONG> (Thumb, 98 bytes, Stack size 40 bytes, uldiv.o(.text), UNUSED)
<BR><BR>[Calls]<UL><LI><a href="#[4d]">&gt;&gt;</a>&nbsp;&nbsp;&nbsp;__aeabi_llsr
<LI><a href="#[4e]">&gt;&gt;</a>&nbsp;&nbsp;&nbsp;__aeabi_llsl
</UL>
<BR>[Called By]<UL><LI><a href="#[74]">&gt;&gt;</a>&nbsp;&nbsp;&nbsp;_printf_core
</UL>

<P><STRONG><a name="[4b]"></a>__scatterload</STRONG> (Thumb, 28 bytes, Stack size 0 bytes, init.o(.text))
<BR><BR>[Calls]<UL><LI><a href="#[4f]">&gt;&gt;</a>&nbsp;&nbsp;&nbsp;__main_after_scatterload
</UL>
<BR>[Called By]<UL><LI><a href="#[4a]">&gt;&gt;</a>&nbsp;&nbsp;&nbsp;_main_scatterload
</UL>

<P><STRONG><a name="[96]"></a>__scatterload_rt2</STRONG> (Thumb, 0 bytes, Stack size 0 bytes, init.o(.text), UNUSED)

<P><STRONG><a name="[4e]"></a>__aeabi_llsl</STRONG> (Thumb, 30 bytes, Stack size 0 bytes, llshl.o(.text), UNUSED)
<BR><BR>[Called By]<UL><LI><a href="#[4c]">&gt;&gt;</a>&nbsp;&nbsp;&nbsp;__aeabi_uldivmod
</UL>

<P><STRONG><a name="[97]"></a>_ll_shift_l</STRONG> (Thumb, 0 bytes, Stack size 0 bytes, llshl.o(.text), UNUSED)

<P><STRONG><a name="[4d]"></a>__aeabi_llsr</STRONG> (Thumb, 32 bytes, Stack size 0 bytes, llushr.o(.text), UNUSED)
<BR><BR>[Called By]<UL><LI><a href="#[4c]">&gt;&gt;</a>&nbsp;&nbsp;&nbsp;__aeabi_uldivmod
</UL>

<P><STRONG><a name="[98]"></a>_ll_ushift_r</STRONG> (Thumb, 0 bytes, Stack size 0 bytes, llushr.o(.text), UNUSED)

<P><STRONG><a name="[4]"></a>BusFault_Handler</STRONG> (Thumb, 4 bytes, Stack size 0 bytes, gd32f30x_it.o(i.BusFault_Handler))
<BR>[Address Reference Count : 1]<UL><LI> startup_gd32f30x_xd.o(RESET)
</UL>
<P><STRONG><a name="[5a]"></a>Crc16Ymodem</STRONG> (Thumb, 68 bytes, Stack size 12 bytes, update.o(i.Crc16Ymodem))
<BR><BR>[Stack]<UL><LI>Max Depth = 12<LI>Call Chain = Crc16Ymodem
</UL>
<BR>[Called By]<UL><LI><a href="#[59]">&gt;&gt;</a>&nbsp;&nbsp;&nbsp;ReceivePacket
</UL>

<P><STRONG><a name="[7]"></a>DebugMon_Handler</STRONG> (Thumb, 2 bytes, Stack size 0 bytes, gd32f30x_it.o(i.DebugMon_Handler))
<BR>[Address Reference Count : 1]<UL><LI> startup_gd32f30x_xd.o(RESET)
</UL>
<P><STRONG><a name="[50]"></a>FlashErase</STRONG> (Thumb, 178 bytes, Stack size 24 bytes, flash_drv.o(i.FlashErase))
<BR><BR>[Stack]<UL><LI>Max Depth = 40<LI>Call Chain = FlashErase &rArr; fmc_page_erase &rArr; fmc_bank1_ready_wait
</UL>
<BR>[Calls]<UL><LI><a href="#[51]">&gt;&gt;</a>&nbsp;&nbsp;&nbsp;fmc_unlock
<LI><a href="#[53]">&gt;&gt;</a>&nbsp;&nbsp;&nbsp;fmc_page_erase
<LI><a href="#[54]">&gt;&gt;</a>&nbsp;&nbsp;&nbsp;fmc_lock
<LI><a href="#[52]">&gt;&gt;</a>&nbsp;&nbsp;&nbsp;fmc_flag_clear
</UL>
<BR>[Called By]<UL><LI><a href="#[67]">&gt;&gt;</a>&nbsp;&nbsp;&nbsp;jump_to_app_2
<LI><a href="#[66]">&gt;&gt;</a>&nbsp;&nbsp;&nbsp;jump_to_app_1
<LI><a href="#[63]">&gt;&gt;</a>&nbsp;&nbsp;&nbsp;YmodemReceive
</UL>

<P><STRONG><a name="[55]"></a>FlashWrite</STRONG> (Thumb, 130 bytes, Stack size 32 bytes, flash_drv.o(i.FlashWrite))
<BR><BR>[Stack]<UL><LI>Max Depth = 52<LI>Call Chain = FlashWrite &rArr; fmc_halfword_program &rArr; fmc_bank1_ready_wait
</UL>
<BR>[Calls]<UL><LI><a href="#[51]">&gt;&gt;</a>&nbsp;&nbsp;&nbsp;fmc_unlock
<LI><a href="#[54]">&gt;&gt;</a>&nbsp;&nbsp;&nbsp;fmc_lock
<LI><a href="#[56]">&gt;&gt;</a>&nbsp;&nbsp;&nbsp;fmc_halfword_program
<LI><a href="#[52]">&gt;&gt;</a>&nbsp;&nbsp;&nbsp;fmc_flag_clear
</UL>
<BR>[Called By]<UL><LI><a href="#[67]">&gt;&gt;</a>&nbsp;&nbsp;&nbsp;jump_to_app_2
<LI><a href="#[66]">&gt;&gt;</a>&nbsp;&nbsp;&nbsp;jump_to_app_1
<LI><a href="#[63]">&gt;&gt;</a>&nbsp;&nbsp;&nbsp;YmodemReceive
</UL>

<P><STRONG><a name="[2]"></a>HardFault_Handler</STRONG> (Thumb, 4 bytes, Stack size 0 bytes, gd32f30x_it.o(i.HardFault_Handler))
<BR>[Address Reference Count : 1]<UL><LI> startup_gd32f30x_xd.o(RESET)
</UL>
<P><STRONG><a name="[3]"></a>MemManage_Handler</STRONG> (Thumb, 4 bytes, Stack size 0 bytes, gd32f30x_it.o(i.MemManage_Handler))
<BR>[Address Reference Count : 1]<UL><LI> startup_gd32f30x_xd.o(RESET)
</UL>
<P><STRONG><a name="[1]"></a>NMI_Handler</STRONG> (Thumb, 2 bytes, Stack size 0 bytes, gd32f30x_it.o(i.NMI_Handler))
<BR>[Address Reference Count : 1]<UL><LI> startup_gd32f30x_xd.o(RESET)
</UL>
<P><STRONG><a name="[57]"></a>ReceiveByteTimeout</STRONG> (Thumb, 32 bytes, Stack size 16 bytes, rs485.o(i.ReceiveByteTimeout))
<BR><BR>[Stack]<UL><LI>Max Depth = 32<LI>Call Chain = ReceiveByteTimeout &rArr; rs485_read_byte &rArr; usart_flag_get
</UL>
<BR>[Calls]<UL><LI><a href="#[58]">&gt;&gt;</a>&nbsp;&nbsp;&nbsp;rs485_read_byte
</UL>
<BR>[Called By]<UL><LI><a href="#[59]">&gt;&gt;</a>&nbsp;&nbsp;&nbsp;ReceivePacket
</UL>

<P><STRONG><a name="[5b]"></a>SendByte</STRONG> (Thumb, 52 bytes, Stack size 8 bytes, rs485.o(i.SendByte))
<BR><BR>[Stack]<UL><LI>Max Depth = 64<LI>Call Chain = SendByte &rArr; _74hc595_ctl &rArr; _74hc595_write_all &rArr; _74hc595_write_byte
</UL>
<BR>[Calls]<UL><LI><a href="#[5c]">&gt;&gt;</a>&nbsp;&nbsp;&nbsp;_74hc595_ctl
<LI><a href="#[5e]">&gt;&gt;</a>&nbsp;&nbsp;&nbsp;usart_flag_get
<LI><a href="#[5d]">&gt;&gt;</a>&nbsp;&nbsp;&nbsp;usart_data_transmit
</UL>
<BR>[Called By]<UL><LI><a href="#[63]">&gt;&gt;</a>&nbsp;&nbsp;&nbsp;YmodemReceive
</UL>

<P><STRONG><a name="[68]"></a>Str2Int</STRONG> (Thumb, 260 bytes, Stack size 16 bytes, update.o(i.Str2Int))
<BR><BR>[Stack]<UL><LI>Max Depth = 16<LI>Call Chain = Str2Int
</UL>
<BR>[Called By]<UL><LI><a href="#[63]">&gt;&gt;</a>&nbsp;&nbsp;&nbsp;YmodemReceive
</UL>

<P><STRONG><a name="[9]"></a>SysTick_Handler</STRONG> (Thumb, 2 bytes, Stack size 0 bytes, systick.o(i.SysTick_Handler))
<BR>[Address Reference Count : 1]<UL><LI> startup_gd32f30x_xd.o(RESET)
</UL>
<P><STRONG><a name="[47]"></a>SystemInit</STRONG> (Thumb, 110 bytes, Stack size 8 bytes, system_gd32f30x.o(i.SystemInit))
<BR><BR>[Stack]<UL><LI>Max Depth = 16<LI>Call Chain = SystemInit &rArr; system_clock_config
</UL>
<BR>[Calls]<UL><LI><a href="#[5f]">&gt;&gt;</a>&nbsp;&nbsp;&nbsp;system_clock_config
</UL>
<BR>[Address Reference Count : 1]<UL><LI> startup_gd32f30x_xd.o(.text)
</UL>
<P><STRONG><a name="[60]"></a>UpdateApp</STRONG> (Thumb, 176 bytes, Stack size 8 bytes, update.o(i.UpdateApp))
<BR><BR>[Stack]<UL><LI>Max Depth = 1192 + In Cycle
<LI>Call Chain = UpdateApp &rArr;  UpdateApp (Cycle)
</UL>
<BR>[Calls]<UL><LI><a href="#[58]">&gt;&gt;</a>&nbsp;&nbsp;&nbsp;rs485_read_byte
<LI><a href="#[64]">&gt;&gt;</a>&nbsp;&nbsp;&nbsp;print_last_app_info
<LI><a href="#[67]">&gt;&gt;</a>&nbsp;&nbsp;&nbsp;jump_to_app_2
<LI><a href="#[66]">&gt;&gt;</a>&nbsp;&nbsp;&nbsp;jump_to_app_1
<LI><a href="#[61]">&gt;&gt;</a>&nbsp;&nbsp;&nbsp;delay_nms
<LI><a href="#[65]">&gt;&gt;</a>&nbsp;&nbsp;&nbsp;app_info
<LI><a href="#[60]">&gt;&gt;</a>&nbsp;&nbsp;&nbsp;UpdateApp
<LI><a href="#[63]">&gt;&gt;</a>&nbsp;&nbsp;&nbsp;YmodemReceive
<LI><a href="#[62]">&gt;&gt;</a>&nbsp;&nbsp;&nbsp;__2printf
</UL>
<BR>[Called By]<UL><LI><a href="#[60]">&gt;&gt;</a>&nbsp;&nbsp;&nbsp;UpdateApp
<LI><a href="#[46]">&gt;&gt;</a>&nbsp;&nbsp;&nbsp;main
</UL>

<P><STRONG><a name="[5]"></a>UsageFault_Handler</STRONG> (Thumb, 4 bytes, Stack size 0 bytes, gd32f30x_it.o(i.UsageFault_Handler))
<BR>[Address Reference Count : 1]<UL><LI> startup_gd32f30x_xd.o(RESET)
</UL>
<P><STRONG><a name="[63]"></a>YmodemReceive</STRONG> (Thumb, 608 bytes, Stack size 1112 bytes, update.o(i.YmodemReceive))
<BR><BR>[Stack]<UL><LI>Max Depth = 1184<LI>Call Chain = YmodemReceive &rArr; ReceivePacket &rArr; ReceiveByteTimeout &rArr; rs485_read_byte &rArr; usart_flag_get
</UL>
<BR>[Calls]<UL><LI><a href="#[55]">&gt;&gt;</a>&nbsp;&nbsp;&nbsp;FlashWrite
<LI><a href="#[50]">&gt;&gt;</a>&nbsp;&nbsp;&nbsp;FlashErase
<LI><a href="#[68]">&gt;&gt;</a>&nbsp;&nbsp;&nbsp;Str2Int
<LI><a href="#[59]">&gt;&gt;</a>&nbsp;&nbsp;&nbsp;ReceivePacket
<LI><a href="#[5b]">&gt;&gt;</a>&nbsp;&nbsp;&nbsp;SendByte
<LI><a href="#[62]">&gt;&gt;</a>&nbsp;&nbsp;&nbsp;__2printf
<LI><a href="#[69]">&gt;&gt;</a>&nbsp;&nbsp;&nbsp;__aeabi_memcpy
</UL>
<BR>[Called By]<UL><LI><a href="#[60]">&gt;&gt;</a>&nbsp;&nbsp;&nbsp;UpdateApp
</UL>

<P><STRONG><a name="[5c]"></a>_74hc595_ctl</STRONG> (Thumb, 286 bytes, Stack size 24 bytes, 74hc595.o(i._74hc595_ctl))
<BR><BR>[Stack]<UL><LI>Max Depth = 56<LI>Call Chain = _74hc595_ctl &rArr; _74hc595_write_all &rArr; _74hc595_write_byte
</UL>
<BR>[Calls]<UL><LI><a href="#[6a]">&gt;&gt;</a>&nbsp;&nbsp;&nbsp;_74hc595_write_all
<LI><a href="#[6b]">&gt;&gt;</a>&nbsp;&nbsp;&nbsp;_74hc595_output
</UL>
<BR>[Called By]<UL><LI><a href="#[5b]">&gt;&gt;</a>&nbsp;&nbsp;&nbsp;SendByte
</UL>

<P><STRONG><a name="[70]"></a>_74hc595_init</STRONG> (Thumb, 24 bytes, Stack size 8 bytes, 74hc595.o(i._74hc595_init))
<BR><BR>[Stack]<UL><LI>Max Depth = 40<LI>Call Chain = _74hc595_init &rArr; _74hc595_write_all &rArr; _74hc595_write_byte
</UL>
<BR>[Calls]<UL><LI><a href="#[6a]">&gt;&gt;</a>&nbsp;&nbsp;&nbsp;_74hc595_write_all
<LI><a href="#[6b]">&gt;&gt;</a>&nbsp;&nbsp;&nbsp;_74hc595_output
<LI><a href="#[6c]">&gt;&gt;</a>&nbsp;&nbsp;&nbsp;_74hc595_gpio_init
</UL>
<BR>[Called By]<UL><LI><a href="#[46]">&gt;&gt;</a>&nbsp;&nbsp;&nbsp;main
</UL>

<P><STRONG><a name="[73]"></a>__0printf$5</STRONG> (Thumb, 22 bytes, Stack size 24 bytes, printf5.o(i.__0printf$5), UNUSED)
<BR><BR>[Calls]<UL><LI><a href="#[74]">&gt;&gt;</a>&nbsp;&nbsp;&nbsp;_printf_core
</UL>

<P><STRONG><a name="[99]"></a>__1printf$5</STRONG> (Thumb, 0 bytes, Stack size 24 bytes, printf5.o(i.__0printf$5), UNUSED)

<P><STRONG><a name="[62]"></a>__2printf</STRONG> (Thumb, 0 bytes, Stack size 24 bytes, printf5.o(i.__0printf$5))
<BR><BR>[Stack]<UL><LI>Max Depth = 24<LI>Call Chain = __2printf
</UL>
<BR>[Called By]<UL><LI><a href="#[85]">&gt;&gt;</a>&nbsp;&nbsp;&nbsp;ttl_sendbyte
<LI><a href="#[64]">&gt;&gt;</a>&nbsp;&nbsp;&nbsp;print_last_app_info
<LI><a href="#[67]">&gt;&gt;</a>&nbsp;&nbsp;&nbsp;jump_to_app_2
<LI><a href="#[66]">&gt;&gt;</a>&nbsp;&nbsp;&nbsp;jump_to_app_1
<LI><a href="#[65]">&gt;&gt;</a>&nbsp;&nbsp;&nbsp;app_info
<LI><a href="#[60]">&gt;&gt;</a>&nbsp;&nbsp;&nbsp;UpdateApp
<LI><a href="#[46]">&gt;&gt;</a>&nbsp;&nbsp;&nbsp;main
<LI><a href="#[63]">&gt;&gt;</a>&nbsp;&nbsp;&nbsp;YmodemReceive
</UL>

<P><STRONG><a name="[9a]"></a>__scatterload_copy</STRONG> (Thumb, 14 bytes, Stack size unknown bytes, handlers.o(i.__scatterload_copy), UNUSED)

<P><STRONG><a name="[9b]"></a>__scatterload_null</STRONG> (Thumb, 2 bytes, Stack size unknown bytes, handlers.o(i.__scatterload_null), UNUSED)

<P><STRONG><a name="[9c]"></a>__scatterload_zeroinit</STRONG> (Thumb, 14 bytes, Stack size unknown bytes, handlers.o(i.__scatterload_zeroinit), UNUSED)

<P><STRONG><a name="[75]"></a>_rs485_init</STRONG> (Thumb, 146 bytes, Stack size 8 bytes, rs485.o(i._rs485_init))
<BR><BR>[Stack]<UL><LI>Max Depth = 124<LI>Call Chain = _rs485_init &rArr; usart_baudrate_set &rArr; rcu_clock_freq_get
</UL>
<BR>[Calls]<UL><LI><a href="#[6d]">&gt;&gt;</a>&nbsp;&nbsp;&nbsp;rcu_periph_clock_enable
<LI><a href="#[78]">&gt;&gt;</a>&nbsp;&nbsp;&nbsp;usart_transmit_config
<LI><a href="#[79]">&gt;&gt;</a>&nbsp;&nbsp;&nbsp;usart_receive_config
<LI><a href="#[7a]">&gt;&gt;</a>&nbsp;&nbsp;&nbsp;usart_flag_clear
<LI><a href="#[7b]">&gt;&gt;</a>&nbsp;&nbsp;&nbsp;usart_enable
<LI><a href="#[76]">&gt;&gt;</a>&nbsp;&nbsp;&nbsp;usart_deinit
<LI><a href="#[77]">&gt;&gt;</a>&nbsp;&nbsp;&nbsp;usart_baudrate_set
</UL>
<BR>[Called By]<UL><LI><a href="#[88]">&gt;&gt;</a>&nbsp;&nbsp;&nbsp;rs485_init
</UL>

<P><STRONG><a name="[65]"></a>app_info</STRONG> (Thumb, 372 bytes, Stack size 24 bytes, bootloader.o(i.app_info))
<BR><BR>[Stack]<UL><LI>Max Depth = 140<LI>Call Chain = app_info &rArr; delay_nms &rArr; delay_nus &rArr; rcu_clock_freq_get
</UL>
<BR>[Calls]<UL><LI><a href="#[61]">&gt;&gt;</a>&nbsp;&nbsp;&nbsp;delay_nms
<LI><a href="#[62]">&gt;&gt;</a>&nbsp;&nbsp;&nbsp;__2printf
<LI><a href="#[7c]">&gt;&gt;</a>&nbsp;&nbsp;&nbsp;strcmp
</UL>
<BR>[Called By]<UL><LI><a href="#[60]">&gt;&gt;</a>&nbsp;&nbsp;&nbsp;UpdateApp
<LI><a href="#[46]">&gt;&gt;</a>&nbsp;&nbsp;&nbsp;main
</UL>

<P><STRONG><a name="[87]"></a>delay_init</STRONG> (Thumb, 50 bytes, Stack size 0 bytes, delay.o(i.delay_init))
<BR><BR>[Called By]<UL><LI><a href="#[46]">&gt;&gt;</a>&nbsp;&nbsp;&nbsp;main
</UL>

<P><STRONG><a name="[61]"></a>delay_nms</STRONG> (Thumb, 24 bytes, Stack size 16 bytes, delay.o(i.delay_nms))
<BR><BR>[Stack]<UL><LI>Max Depth = 116<LI>Call Chain = delay_nms &rArr; delay_nus &rArr; rcu_clock_freq_get
</UL>
<BR>[Calls]<UL><LI><a href="#[7d]">&gt;&gt;</a>&nbsp;&nbsp;&nbsp;delay_nus
</UL>
<BR>[Called By]<UL><LI><a href="#[85]">&gt;&gt;</a>&nbsp;&nbsp;&nbsp;ttl_sendbyte
<LI><a href="#[67]">&gt;&gt;</a>&nbsp;&nbsp;&nbsp;jump_to_app_2
<LI><a href="#[66]">&gt;&gt;</a>&nbsp;&nbsp;&nbsp;jump_to_app_1
<LI><a href="#[65]">&gt;&gt;</a>&nbsp;&nbsp;&nbsp;app_info
<LI><a href="#[60]">&gt;&gt;</a>&nbsp;&nbsp;&nbsp;UpdateApp
<LI><a href="#[46]">&gt;&gt;</a>&nbsp;&nbsp;&nbsp;main
</UL>

<P><STRONG><a name="[7d]"></a>delay_nus</STRONG> (Thumb, 36 bytes, Stack size 16 bytes, delay.o(i.delay_nus))
<BR><BR>[Stack]<UL><LI>Max Depth = 100<LI>Call Chain = delay_nus &rArr; rcu_clock_freq_get
</UL>
<BR>[Calls]<UL><LI><a href="#[7e]">&gt;&gt;</a>&nbsp;&nbsp;&nbsp;rcu_clock_freq_get
</UL>
<BR>[Called By]<UL><LI><a href="#[61]">&gt;&gt;</a>&nbsp;&nbsp;&nbsp;delay_nms
</UL>

<P><STRONG><a name="[7f]"></a>fmc_bank0_ready_wait</STRONG> (Thumb, 34 bytes, Stack size 4 bytes, gd32f30x_fmc.o(i.fmc_bank0_ready_wait))
<BR><BR>[Stack]<UL><LI>Max Depth = 4<LI>Call Chain = fmc_bank0_ready_wait
</UL>
<BR>[Calls]<UL><LI><a href="#[80]">&gt;&gt;</a>&nbsp;&nbsp;&nbsp;fmc_bank0_state_get
</UL>
<BR>[Called By]<UL><LI><a href="#[53]">&gt;&gt;</a>&nbsp;&nbsp;&nbsp;fmc_page_erase
<LI><a href="#[56]">&gt;&gt;</a>&nbsp;&nbsp;&nbsp;fmc_halfword_program
</UL>

<P><STRONG><a name="[80]"></a>fmc_bank0_state_get</STRONG> (Thumb, 44 bytes, Stack size 0 bytes, gd32f30x_fmc.o(i.fmc_bank0_state_get))
<BR><BR>[Called By]<UL><LI><a href="#[7f]">&gt;&gt;</a>&nbsp;&nbsp;&nbsp;fmc_bank0_ready_wait
</UL>

<P><STRONG><a name="[81]"></a>fmc_bank1_ready_wait</STRONG> (Thumb, 34 bytes, Stack size 4 bytes, gd32f30x_fmc.o(i.fmc_bank1_ready_wait))
<BR><BR>[Stack]<UL><LI>Max Depth = 4<LI>Call Chain = fmc_bank1_ready_wait
</UL>
<BR>[Calls]<UL><LI><a href="#[82]">&gt;&gt;</a>&nbsp;&nbsp;&nbsp;fmc_bank1_state_get
</UL>
<BR>[Called By]<UL><LI><a href="#[53]">&gt;&gt;</a>&nbsp;&nbsp;&nbsp;fmc_page_erase
<LI><a href="#[56]">&gt;&gt;</a>&nbsp;&nbsp;&nbsp;fmc_halfword_program
</UL>

<P><STRONG><a name="[82]"></a>fmc_bank1_state_get</STRONG> (Thumb, 44 bytes, Stack size 0 bytes, gd32f30x_fmc.o(i.fmc_bank1_state_get))
<BR><BR>[Called By]<UL><LI><a href="#[81]">&gt;&gt;</a>&nbsp;&nbsp;&nbsp;fmc_bank1_ready_wait
</UL>

<P><STRONG><a name="[52]"></a>fmc_flag_clear</STRONG> (Thumb, 28 bytes, Stack size 0 bytes, gd32f30x_fmc.o(i.fmc_flag_clear))
<BR><BR>[Called By]<UL><LI><a href="#[55]">&gt;&gt;</a>&nbsp;&nbsp;&nbsp;FlashWrite
<LI><a href="#[50]">&gt;&gt;</a>&nbsp;&nbsp;&nbsp;FlashErase
</UL>

<P><STRONG><a name="[56]"></a>fmc_halfword_program</STRONG> (Thumb, 166 bytes, Stack size 16 bytes, gd32f30x_fmc.o(i.fmc_halfword_program))
<BR><BR>[Stack]<UL><LI>Max Depth = 20<LI>Call Chain = fmc_halfword_program &rArr; fmc_bank1_ready_wait
</UL>
<BR>[Calls]<UL><LI><a href="#[81]">&gt;&gt;</a>&nbsp;&nbsp;&nbsp;fmc_bank1_ready_wait
<LI><a href="#[7f]">&gt;&gt;</a>&nbsp;&nbsp;&nbsp;fmc_bank0_ready_wait
</UL>
<BR>[Called By]<UL><LI><a href="#[55]">&gt;&gt;</a>&nbsp;&nbsp;&nbsp;FlashWrite
</UL>

<P><STRONG><a name="[54]"></a>fmc_lock</STRONG> (Thumb, 34 bytes, Stack size 0 bytes, gd32f30x_fmc.o(i.fmc_lock))
<BR><BR>[Called By]<UL><LI><a href="#[55]">&gt;&gt;</a>&nbsp;&nbsp;&nbsp;FlashWrite
<LI><a href="#[50]">&gt;&gt;</a>&nbsp;&nbsp;&nbsp;FlashErase
</UL>

<P><STRONG><a name="[53]"></a>fmc_page_erase</STRONG> (Thumb, 210 bytes, Stack size 12 bytes, gd32f30x_fmc.o(i.fmc_page_erase))
<BR><BR>[Stack]<UL><LI>Max Depth = 16<LI>Call Chain = fmc_page_erase &rArr; fmc_bank1_ready_wait
</UL>
<BR>[Calls]<UL><LI><a href="#[81]">&gt;&gt;</a>&nbsp;&nbsp;&nbsp;fmc_bank1_ready_wait
<LI><a href="#[7f]">&gt;&gt;</a>&nbsp;&nbsp;&nbsp;fmc_bank0_ready_wait
</UL>
<BR>[Called By]<UL><LI><a href="#[50]">&gt;&gt;</a>&nbsp;&nbsp;&nbsp;FlashErase
</UL>

<P><STRONG><a name="[51]"></a>fmc_unlock</STRONG> (Thumb, 52 bytes, Stack size 0 bytes, gd32f30x_fmc.o(i.fmc_unlock))
<BR><BR>[Called By]<UL><LI><a href="#[55]">&gt;&gt;</a>&nbsp;&nbsp;&nbsp;FlashWrite
<LI><a href="#[50]">&gt;&gt;</a>&nbsp;&nbsp;&nbsp;FlashErase
</UL>

<P><STRONG><a name="[49]"></a>fputc</STRONG> (Thumb, 36 bytes, Stack size 16 bytes, rs485.o(i.fputc))
<BR><BR>[Stack]<UL><LI>Max Depth = 24<LI>Call Chain = fputc &rArr; usart_flag_get
</UL>
<BR>[Calls]<UL><LI><a href="#[5e]">&gt;&gt;</a>&nbsp;&nbsp;&nbsp;usart_flag_get
</UL>
<BR>[Address Reference Count : 1]<UL><LI> printf5.o(i.__0printf$5)
</UL>
<P><STRONG><a name="[6e]"></a>gpio_bit_reset</STRONG> (Thumb, 4 bytes, Stack size 0 bytes, gd32f30x_gpio.o(i.gpio_bit_reset))
<BR><BR>[Called By]<UL><LI><a href="#[72]">&gt;&gt;</a>&nbsp;&nbsp;&nbsp;_74hc595_write_byte
<LI><a href="#[6b]">&gt;&gt;</a>&nbsp;&nbsp;&nbsp;_74hc595_output
<LI><a href="#[6c]">&gt;&gt;</a>&nbsp;&nbsp;&nbsp;_74hc595_gpio_init
</UL>

<P><STRONG><a name="[71]"></a>gpio_bit_set</STRONG> (Thumb, 4 bytes, Stack size 0 bytes, gd32f30x_gpio.o(i.gpio_bit_set))
<BR><BR>[Called By]<UL><LI><a href="#[72]">&gt;&gt;</a>&nbsp;&nbsp;&nbsp;_74hc595_write_byte
<LI><a href="#[6b]">&gt;&gt;</a>&nbsp;&nbsp;&nbsp;_74hc595_output
</UL>

<P><STRONG><a name="[6f]"></a>gpio_init</STRONG> (Thumb, 188 bytes, Stack size 20 bytes, gd32f30x_gpio.o(i.gpio_init))
<BR><BR>[Stack]<UL><LI>Max Depth = 20<LI>Call Chain = gpio_init
</UL>
<BR>[Called By]<UL><LI><a href="#[46]">&gt;&gt;</a>&nbsp;&nbsp;&nbsp;main
<LI><a href="#[6c]">&gt;&gt;</a>&nbsp;&nbsp;&nbsp;_74hc595_gpio_init
<LI><a href="#[89]">&gt;&gt;</a>&nbsp;&nbsp;&nbsp;rs485_gpio_init
</UL>

<P><STRONG><a name="[86]"></a>gpio_pin_remap_config</STRONG> (Thumb, 138 bytes, Stack size 20 bytes, gd32f30x_gpio.o(i.gpio_pin_remap_config))
<BR><BR>[Stack]<UL><LI>Max Depth = 20<LI>Call Chain = gpio_pin_remap_config
</UL>
<BR>[Called By]<UL><LI><a href="#[46]">&gt;&gt;</a>&nbsp;&nbsp;&nbsp;main
</UL>

<P><STRONG><a name="[66]"></a>jump_to_app_1</STRONG> (Thumb, 170 bytes, Stack size 24 bytes, bootloader.o(i.jump_to_app_1))
<BR><BR>[Stack]<UL><LI>Max Depth = 156<LI>Call Chain = jump_to_app_1 &rArr; ttl_sendbyte &rArr; delay_nms &rArr; delay_nus &rArr; rcu_clock_freq_get
</UL>
<BR>[Calls]<UL><LI><a href="#[85]">&gt;&gt;</a>&nbsp;&nbsp;&nbsp;ttl_sendbyte
<LI><a href="#[61]">&gt;&gt;</a>&nbsp;&nbsp;&nbsp;delay_nms
<LI><a href="#[84]">&gt;&gt;</a>&nbsp;&nbsp;&nbsp;nvic_vector_table_set
<LI><a href="#[83]">&gt;&gt;</a>&nbsp;&nbsp;&nbsp;__set_FAULTMASK
<LI><a href="#[55]">&gt;&gt;</a>&nbsp;&nbsp;&nbsp;FlashWrite
<LI><a href="#[50]">&gt;&gt;</a>&nbsp;&nbsp;&nbsp;FlashErase
<LI><a href="#[62]">&gt;&gt;</a>&nbsp;&nbsp;&nbsp;__2printf
<LI><a href="#[7c]">&gt;&gt;</a>&nbsp;&nbsp;&nbsp;strcmp
</UL>
<BR>[Called By]<UL><LI><a href="#[60]">&gt;&gt;</a>&nbsp;&nbsp;&nbsp;UpdateApp
<LI><a href="#[46]">&gt;&gt;</a>&nbsp;&nbsp;&nbsp;main
</UL>

<P><STRONG><a name="[67]"></a>jump_to_app_2</STRONG> (Thumb, 170 bytes, Stack size 24 bytes, bootloader.o(i.jump_to_app_2))
<BR><BR>[Stack]<UL><LI>Max Depth = 156<LI>Call Chain = jump_to_app_2 &rArr; ttl_sendbyte &rArr; delay_nms &rArr; delay_nus &rArr; rcu_clock_freq_get
</UL>
<BR>[Calls]<UL><LI><a href="#[85]">&gt;&gt;</a>&nbsp;&nbsp;&nbsp;ttl_sendbyte
<LI><a href="#[61]">&gt;&gt;</a>&nbsp;&nbsp;&nbsp;delay_nms
<LI><a href="#[84]">&gt;&gt;</a>&nbsp;&nbsp;&nbsp;nvic_vector_table_set
<LI><a href="#[83]">&gt;&gt;</a>&nbsp;&nbsp;&nbsp;__set_FAULTMASK
<LI><a href="#[55]">&gt;&gt;</a>&nbsp;&nbsp;&nbsp;FlashWrite
<LI><a href="#[50]">&gt;&gt;</a>&nbsp;&nbsp;&nbsp;FlashErase
<LI><a href="#[62]">&gt;&gt;</a>&nbsp;&nbsp;&nbsp;__2printf
<LI><a href="#[7c]">&gt;&gt;</a>&nbsp;&nbsp;&nbsp;strcmp
</UL>
<BR>[Called By]<UL><LI><a href="#[60]">&gt;&gt;</a>&nbsp;&nbsp;&nbsp;UpdateApp
<LI><a href="#[46]">&gt;&gt;</a>&nbsp;&nbsp;&nbsp;main
</UL>

<P><STRONG><a name="[46]"></a>main</STRONG> (Thumb, 368 bytes, Stack size 16 bytes, main.o(i.main))
<BR><BR>[Stack]<UL><LI>Max Depth = 1208<LI>Call Chain = main &rArr; UpdateApp &rArr;  UpdateApp (Cycle)
</UL>
<BR>[Calls]<UL><LI><a href="#[85]">&gt;&gt;</a>&nbsp;&nbsp;&nbsp;ttl_sendbyte
<LI><a href="#[58]">&gt;&gt;</a>&nbsp;&nbsp;&nbsp;rs485_read_byte
<LI><a href="#[88]">&gt;&gt;</a>&nbsp;&nbsp;&nbsp;rs485_init
<LI><a href="#[6d]">&gt;&gt;</a>&nbsp;&nbsp;&nbsp;rcu_periph_clock_enable
<LI><a href="#[64]">&gt;&gt;</a>&nbsp;&nbsp;&nbsp;print_last_app_info
<LI><a href="#[67]">&gt;&gt;</a>&nbsp;&nbsp;&nbsp;jump_to_app_2
<LI><a href="#[66]">&gt;&gt;</a>&nbsp;&nbsp;&nbsp;jump_to_app_1
<LI><a href="#[86]">&gt;&gt;</a>&nbsp;&nbsp;&nbsp;gpio_pin_remap_config
<LI><a href="#[6f]">&gt;&gt;</a>&nbsp;&nbsp;&nbsp;gpio_init
<LI><a href="#[61]">&gt;&gt;</a>&nbsp;&nbsp;&nbsp;delay_nms
<LI><a href="#[87]">&gt;&gt;</a>&nbsp;&nbsp;&nbsp;delay_init
<LI><a href="#[65]">&gt;&gt;</a>&nbsp;&nbsp;&nbsp;app_info
<LI><a href="#[70]">&gt;&gt;</a>&nbsp;&nbsp;&nbsp;_74hc595_init
<LI><a href="#[60]">&gt;&gt;</a>&nbsp;&nbsp;&nbsp;UpdateApp
<LI><a href="#[62]">&gt;&gt;</a>&nbsp;&nbsp;&nbsp;__2printf
<LI><a href="#[7c]">&gt;&gt;</a>&nbsp;&nbsp;&nbsp;strcmp
</UL>
<BR>[Address Reference Count : 1]<UL><LI> entry9a.o(.ARM.Collect$$$$0000000B)
</UL>
<P><STRONG><a name="[84]"></a>nvic_vector_table_set</STRONG> (Thumb, 16 bytes, Stack size 0 bytes, gd32f30x_misc.o(i.nvic_vector_table_set))
<BR><BR>[Called By]<UL><LI><a href="#[67]">&gt;&gt;</a>&nbsp;&nbsp;&nbsp;jump_to_app_2
<LI><a href="#[66]">&gt;&gt;</a>&nbsp;&nbsp;&nbsp;jump_to_app_1
</UL>

<P><STRONG><a name="[64]"></a>print_last_app_info</STRONG> (Thumb, 346 bytes, Stack size 24 bytes, bootloader.o(i.print_last_app_info))
<BR><BR>[Stack]<UL><LI>Max Depth = 48<LI>Call Chain = print_last_app_info &rArr; __2printf
</UL>
<BR>[Calls]<UL><LI><a href="#[62]">&gt;&gt;</a>&nbsp;&nbsp;&nbsp;__2printf
<LI><a href="#[7c]">&gt;&gt;</a>&nbsp;&nbsp;&nbsp;strcmp
</UL>
<BR>[Called By]<UL><LI><a href="#[60]">&gt;&gt;</a>&nbsp;&nbsp;&nbsp;UpdateApp
<LI><a href="#[46]">&gt;&gt;</a>&nbsp;&nbsp;&nbsp;main
</UL>

<P><STRONG><a name="[7e]"></a>rcu_clock_freq_get</STRONG> (Thumb, 310 bytes, Stack size 84 bytes, gd32f30x_rcu.o(i.rcu_clock_freq_get))
<BR><BR>[Stack]<UL><LI>Max Depth = 84<LI>Call Chain = rcu_clock_freq_get
</UL>
<BR>[Called By]<UL><LI><a href="#[7d]">&gt;&gt;</a>&nbsp;&nbsp;&nbsp;delay_nus
<LI><a href="#[77]">&gt;&gt;</a>&nbsp;&nbsp;&nbsp;usart_baudrate_set
</UL>

<P><STRONG><a name="[6d]"></a>rcu_periph_clock_enable</STRONG> (Thumb, 28 bytes, Stack size 0 bytes, gd32f30x_rcu.o(i.rcu_periph_clock_enable))
<BR><BR>[Called By]<UL><LI><a href="#[46]">&gt;&gt;</a>&nbsp;&nbsp;&nbsp;main
<LI><a href="#[6c]">&gt;&gt;</a>&nbsp;&nbsp;&nbsp;_74hc595_gpio_init
<LI><a href="#[75]">&gt;&gt;</a>&nbsp;&nbsp;&nbsp;_rs485_init
<LI><a href="#[89]">&gt;&gt;</a>&nbsp;&nbsp;&nbsp;rs485_gpio_init
</UL>

<P><STRONG><a name="[8d]"></a>rcu_periph_reset_disable</STRONG> (Thumb, 28 bytes, Stack size 0 bytes, gd32f30x_rcu.o(i.rcu_periph_reset_disable))
<BR><BR>[Called By]<UL><LI><a href="#[76]">&gt;&gt;</a>&nbsp;&nbsp;&nbsp;usart_deinit
</UL>

<P><STRONG><a name="[8c]"></a>rcu_periph_reset_enable</STRONG> (Thumb, 28 bytes, Stack size 0 bytes, gd32f30x_rcu.o(i.rcu_periph_reset_enable))
<BR><BR>[Called By]<UL><LI><a href="#[76]">&gt;&gt;</a>&nbsp;&nbsp;&nbsp;usart_deinit
</UL>

<P><STRONG><a name="[88]"></a>rs485_init</STRONG> (Thumb, 16 bytes, Stack size 8 bytes, rs485.o(i.rs485_init))
<BR><BR>[Stack]<UL><LI>Max Depth = 132<LI>Call Chain = rs485_init &rArr; _rs485_init &rArr; usart_baudrate_set &rArr; rcu_clock_freq_get
</UL>
<BR>[Calls]<UL><LI><a href="#[75]">&gt;&gt;</a>&nbsp;&nbsp;&nbsp;_rs485_init
<LI><a href="#[89]">&gt;&gt;</a>&nbsp;&nbsp;&nbsp;rs485_gpio_init
</UL>
<BR>[Called By]<UL><LI><a href="#[46]">&gt;&gt;</a>&nbsp;&nbsp;&nbsp;main
</UL>

<P><STRONG><a name="[58]"></a>rs485_read_byte</STRONG> (Thumb, 34 bytes, Stack size 8 bytes, rs485.o(i.rs485_read_byte))
<BR><BR>[Stack]<UL><LI>Max Depth = 16<LI>Call Chain = rs485_read_byte &rArr; usart_flag_get
</UL>
<BR>[Calls]<UL><LI><a href="#[5e]">&gt;&gt;</a>&nbsp;&nbsp;&nbsp;usart_flag_get
<LI><a href="#[8a]">&gt;&gt;</a>&nbsp;&nbsp;&nbsp;usart_data_receive
</UL>
<BR>[Called By]<UL><LI><a href="#[60]">&gt;&gt;</a>&nbsp;&nbsp;&nbsp;UpdateApp
<LI><a href="#[46]">&gt;&gt;</a>&nbsp;&nbsp;&nbsp;main
<LI><a href="#[57]">&gt;&gt;</a>&nbsp;&nbsp;&nbsp;ReceiveByteTimeout
</UL>

<P><STRONG><a name="[85]"></a>ttl_sendbyte</STRONG> (Thumb, 44 bytes, Stack size 16 bytes, rs485.o(i.ttl_sendbyte))
<BR><BR>[Stack]<UL><LI>Max Depth = 132<LI>Call Chain = ttl_sendbyte &rArr; delay_nms &rArr; delay_nus &rArr; rcu_clock_freq_get
</UL>
<BR>[Calls]<UL><LI><a href="#[61]">&gt;&gt;</a>&nbsp;&nbsp;&nbsp;delay_nms
<LI><a href="#[62]">&gt;&gt;</a>&nbsp;&nbsp;&nbsp;__2printf
</UL>
<BR>[Called By]<UL><LI><a href="#[67]">&gt;&gt;</a>&nbsp;&nbsp;&nbsp;jump_to_app_2
<LI><a href="#[66]">&gt;&gt;</a>&nbsp;&nbsp;&nbsp;jump_to_app_1
<LI><a href="#[46]">&gt;&gt;</a>&nbsp;&nbsp;&nbsp;main
</UL>

<P><STRONG><a name="[77]"></a>usart_baudrate_set</STRONG> (Thumb, 136 bytes, Stack size 32 bytes, gd32f30x_usart.o(i.usart_baudrate_set))
<BR><BR>[Stack]<UL><LI>Max Depth = 116<LI>Call Chain = usart_baudrate_set &rArr; rcu_clock_freq_get
</UL>
<BR>[Calls]<UL><LI><a href="#[7e]">&gt;&gt;</a>&nbsp;&nbsp;&nbsp;rcu_clock_freq_get
</UL>
<BR>[Called By]<UL><LI><a href="#[75]">&gt;&gt;</a>&nbsp;&nbsp;&nbsp;_rs485_init
</UL>

<P><STRONG><a name="[8a]"></a>usart_data_receive</STRONG> (Thumb, 10 bytes, Stack size 0 bytes, gd32f30x_usart.o(i.usart_data_receive))
<BR><BR>[Called By]<UL><LI><a href="#[58]">&gt;&gt;</a>&nbsp;&nbsp;&nbsp;rs485_read_byte
</UL>

<P><STRONG><a name="[5d]"></a>usart_data_transmit</STRONG> (Thumb, 8 bytes, Stack size 0 bytes, gd32f30x_usart.o(i.usart_data_transmit))
<BR><BR>[Called By]<UL><LI><a href="#[5b]">&gt;&gt;</a>&nbsp;&nbsp;&nbsp;SendByte
</UL>

<P><STRONG><a name="[76]"></a>usart_deinit</STRONG> (Thumb, 136 bytes, Stack size 8 bytes, gd32f30x_usart.o(i.usart_deinit))
<BR><BR>[Stack]<UL><LI>Max Depth = 8<LI>Call Chain = usart_deinit
</UL>
<BR>[Calls]<UL><LI><a href="#[8c]">&gt;&gt;</a>&nbsp;&nbsp;&nbsp;rcu_periph_reset_enable
<LI><a href="#[8d]">&gt;&gt;</a>&nbsp;&nbsp;&nbsp;rcu_periph_reset_disable
</UL>
<BR>[Called By]<UL><LI><a href="#[75]">&gt;&gt;</a>&nbsp;&nbsp;&nbsp;_rs485_init
</UL>

<P><STRONG><a name="[7b]"></a>usart_enable</STRONG> (Thumb, 10 bytes, Stack size 0 bytes, gd32f30x_usart.o(i.usart_enable))
<BR><BR>[Called By]<UL><LI><a href="#[75]">&gt;&gt;</a>&nbsp;&nbsp;&nbsp;_rs485_init
</UL>

<P><STRONG><a name="[7a]"></a>usart_flag_clear</STRONG> (Thumb, 18 bytes, Stack size 0 bytes, gd32f30x_usart.o(i.usart_flag_clear))
<BR><BR>[Called By]<UL><LI><a href="#[75]">&gt;&gt;</a>&nbsp;&nbsp;&nbsp;_rs485_init
</UL>

<P><STRONG><a name="[5e]"></a>usart_flag_get</STRONG> (Thumb, 30 bytes, Stack size 8 bytes, gd32f30x_usart.o(i.usart_flag_get))
<BR><BR>[Stack]<UL><LI>Max Depth = 8<LI>Call Chain = usart_flag_get
</UL>
<BR>[Called By]<UL><LI><a href="#[58]">&gt;&gt;</a>&nbsp;&nbsp;&nbsp;rs485_read_byte
<LI><a href="#[49]">&gt;&gt;</a>&nbsp;&nbsp;&nbsp;fputc
<LI><a href="#[5b]">&gt;&gt;</a>&nbsp;&nbsp;&nbsp;SendByte
</UL>

<P><STRONG><a name="[79]"></a>usart_receive_config</STRONG> (Thumb, 20 bytes, Stack size 0 bytes, gd32f30x_usart.o(i.usart_receive_config))
<BR><BR>[Called By]<UL><LI><a href="#[75]">&gt;&gt;</a>&nbsp;&nbsp;&nbsp;_rs485_init
</UL>

<P><STRONG><a name="[78]"></a>usart_transmit_config</STRONG> (Thumb, 20 bytes, Stack size 0 bytes, gd32f30x_usart.o(i.usart_transmit_config))
<BR><BR>[Called By]<UL><LI><a href="#[75]">&gt;&gt;</a>&nbsp;&nbsp;&nbsp;_rs485_init
</UL>
<P>
<H3>
Local Symbols
</H3>
<P><STRONG><a name="[89]"></a>rs485_gpio_init</STRONG> (Thumb, 76 bytes, Stack size 8 bytes, rs485.o(i.rs485_gpio_init))
<BR><BR>[Stack]<UL><LI>Max Depth = 28<LI>Call Chain = rs485_gpio_init &rArr; gpio_init
</UL>
<BR>[Calls]<UL><LI><a href="#[6d]">&gt;&gt;</a>&nbsp;&nbsp;&nbsp;rcu_periph_clock_enable
<LI><a href="#[6f]">&gt;&gt;</a>&nbsp;&nbsp;&nbsp;gpio_init
</UL>
<BR>[Called By]<UL><LI><a href="#[88]">&gt;&gt;</a>&nbsp;&nbsp;&nbsp;rs485_init
</UL>

<P><STRONG><a name="[59]"></a>ReceivePacket</STRONG> (Thumb, 218 bytes, Stack size 40 bytes, update.o(i.ReceivePacket))
<BR><BR>[Stack]<UL><LI>Max Depth = 72<LI>Call Chain = ReceivePacket &rArr; ReceiveByteTimeout &rArr; rs485_read_byte &rArr; usart_flag_get
</UL>
<BR>[Calls]<UL><LI><a href="#[5a]">&gt;&gt;</a>&nbsp;&nbsp;&nbsp;Crc16Ymodem
<LI><a href="#[57]">&gt;&gt;</a>&nbsp;&nbsp;&nbsp;ReceiveByteTimeout
</UL>
<BR>[Called By]<UL><LI><a href="#[63]">&gt;&gt;</a>&nbsp;&nbsp;&nbsp;YmodemReceive
</UL>

<P><STRONG><a name="[83]"></a>__set_FAULTMASK</STRONG> (Thumb, 10 bytes, Stack size 0 bytes, bootloader.o(i.__set_FAULTMASK))
<BR><BR>[Called By]<UL><LI><a href="#[67]">&gt;&gt;</a>&nbsp;&nbsp;&nbsp;jump_to_app_2
<LI><a href="#[66]">&gt;&gt;</a>&nbsp;&nbsp;&nbsp;jump_to_app_1
</UL>

<P><STRONG><a name="[6c]"></a>_74hc595_gpio_init</STRONG> (Thumb, 84 bytes, Stack size 8 bytes, 74hc595.o(i._74hc595_gpio_init))
<BR><BR>[Stack]<UL><LI>Max Depth = 28<LI>Call Chain = _74hc595_gpio_init &rArr; gpio_init
</UL>
<BR>[Calls]<UL><LI><a href="#[6d]">&gt;&gt;</a>&nbsp;&nbsp;&nbsp;rcu_periph_clock_enable
<LI><a href="#[6f]">&gt;&gt;</a>&nbsp;&nbsp;&nbsp;gpio_init
<LI><a href="#[6e]">&gt;&gt;</a>&nbsp;&nbsp;&nbsp;gpio_bit_reset
</UL>
<BR>[Called By]<UL><LI><a href="#[70]">&gt;&gt;</a>&nbsp;&nbsp;&nbsp;_74hc595_init
</UL>

<P><STRONG><a name="[6b]"></a>_74hc595_output</STRONG> (Thumb, 24 bytes, Stack size 8 bytes, 74hc595.o(i._74hc595_output))
<BR><BR>[Stack]<UL><LI>Max Depth = 8<LI>Call Chain = _74hc595_output
</UL>
<BR>[Calls]<UL><LI><a href="#[71]">&gt;&gt;</a>&nbsp;&nbsp;&nbsp;gpio_bit_set
<LI><a href="#[6e]">&gt;&gt;</a>&nbsp;&nbsp;&nbsp;gpio_bit_reset
</UL>
<BR>[Called By]<UL><LI><a href="#[70]">&gt;&gt;</a>&nbsp;&nbsp;&nbsp;_74hc595_init
<LI><a href="#[5c]">&gt;&gt;</a>&nbsp;&nbsp;&nbsp;_74hc595_ctl
</UL>

<P><STRONG><a name="[6a]"></a>_74hc595_write_all</STRONG> (Thumb, 22 bytes, Stack size 16 bytes, 74hc595.o(i._74hc595_write_all))
<BR><BR>[Stack]<UL><LI>Max Depth = 32<LI>Call Chain = _74hc595_write_all &rArr; _74hc595_write_byte
</UL>
<BR>[Calls]<UL><LI><a href="#[72]">&gt;&gt;</a>&nbsp;&nbsp;&nbsp;_74hc595_write_byte
</UL>
<BR>[Called By]<UL><LI><a href="#[70]">&gt;&gt;</a>&nbsp;&nbsp;&nbsp;_74hc595_init
<LI><a href="#[5c]">&gt;&gt;</a>&nbsp;&nbsp;&nbsp;_74hc595_ctl
</UL>

<P><STRONG><a name="[72]"></a>_74hc595_write_byte</STRONG> (Thumb, 68 bytes, Stack size 16 bytes, 74hc595.o(i._74hc595_write_byte))
<BR><BR>[Stack]<UL><LI>Max Depth = 16<LI>Call Chain = _74hc595_write_byte
</UL>
<BR>[Calls]<UL><LI><a href="#[71]">&gt;&gt;</a>&nbsp;&nbsp;&nbsp;gpio_bit_set
<LI><a href="#[6e]">&gt;&gt;</a>&nbsp;&nbsp;&nbsp;gpio_bit_reset
</UL>
<BR>[Called By]<UL><LI><a href="#[6a]">&gt;&gt;</a>&nbsp;&nbsp;&nbsp;_74hc595_write_all
</UL>

<P><STRONG><a name="[8b]"></a>system_clock_120m_hxtal</STRONG> (Thumb, 258 bytes, Stack size 0 bytes, system_gd32f30x.o(i.system_clock_120m_hxtal))
<BR><BR>[Called By]<UL><LI><a href="#[5f]">&gt;&gt;</a>&nbsp;&nbsp;&nbsp;system_clock_config
</UL>

<P><STRONG><a name="[5f]"></a>system_clock_config</STRONG> (Thumb, 8 bytes, Stack size 8 bytes, system_gd32f30x.o(i.system_clock_config))
<BR><BR>[Stack]<UL><LI>Max Depth = 8<LI>Call Chain = system_clock_config
</UL>
<BR>[Calls]<UL><LI><a href="#[8b]">&gt;&gt;</a>&nbsp;&nbsp;&nbsp;system_clock_120m_hxtal
</UL>
<BR>[Called By]<UL><LI><a href="#[47]">&gt;&gt;</a>&nbsp;&nbsp;&nbsp;SystemInit
</UL>

<P><STRONG><a name="[74]"></a>_printf_core</STRONG> (Thumb, 658 bytes, Stack size 104 bytes, printf5.o(i._printf_core), UNUSED)
<BR><BR>[Calls]<UL><LI><a href="#[4c]">&gt;&gt;</a>&nbsp;&nbsp;&nbsp;__aeabi_uldivmod
</UL>
<BR>[Called By]<UL><LI><a href="#[73]">&gt;&gt;</a>&nbsp;&nbsp;&nbsp;__0printf$5
</UL>
<P>
<H3>
Undefined Global Symbols
</H3><HR></body></html>
